Archive member included to satisfy reference by file (symbol)

/opt/st/stm32cubeide_1.5.0/plugins/com.st.stm32cube.ide.mcu.externaltools.gnu-tools-for-stm32.7-2018-q2-update.linux64_1.5.0.202011040924/tools/bin/../lib/gcc/arm-none-eabi/7.3.1/../../../../arm-none-eabi/lib/thumb/v7e-m/fpv4-sp/hard/libstdc++.a(del_opv.o)
                              Src/JPEGDecoder.o (operator delete[](void*))
/opt/st/stm32cubeide_1.5.0/plugins/com.st.stm32cube.ide.mcu.externaltools.gnu-tools-for-stm32.7-2018-q2-update.linux64_1.5.0.202011040924/tools/bin/../lib/gcc/arm-none-eabi/7.3.1/../../../../arm-none-eabi/lib/thumb/v7e-m/fpv4-sp/hard/libstdc++.a(new_opv.o)
                              Src/JPEGDecoder.o (operator new[](unsigned int))
/opt/st/stm32cubeide_1.5.0/plugins/com.st.stm32cube.ide.mcu.externaltools.gnu-tools-for-stm32.7-2018-q2-update.linux64_1.5.0.202011040924/tools/bin/../lib/gcc/arm-none-eabi/7.3.1/../../../../arm-none-eabi/lib/thumb/v7e-m/fpv4-sp/hard/libstdc++.a(new_op.o)
                              /opt/st/stm32cubeide_1.5.0/plugins/com.st.stm32cube.ide.mcu.externaltools.gnu-tools-for-stm32.7-2018-q2-update.linux64_1.5.0.202011040924/tools/bin/../lib/gcc/arm-none-eabi/7.3.1/../../../../arm-none-eabi/lib/thumb/v7e-m/fpv4-sp/hard/libstdc++.a(new_opv.o) (operator new(unsigned int))
/opt/st/stm32cubeide_1.5.0/plugins/com.st.stm32cube.ide.mcu.externaltools.gnu-tools-for-stm32.7-2018-q2-update.linux64_1.5.0.202011040924/tools/bin/../lib/gcc/arm-none-eabi/7.3.1/../../../../arm-none-eabi/lib/thumb/v7e-m/fpv4-sp/hard/libstdc++.a(new_handler.o)
                              /opt/st/stm32cubeide_1.5.0/plugins/com.st.stm32cube.ide.mcu.externaltools.gnu-tools-for-stm32.7-2018-q2-update.linux64_1.5.0.202011040924/tools/bin/../lib/gcc/arm-none-eabi/7.3.1/../../../../arm-none-eabi/lib/thumb/v7e-m/fpv4-sp/hard/libstdc++.a(new_op.o) (std::get_new_handler())
/opt/st/stm32cubeide_1.5.0/plugins/com.st.stm32cube.ide.mcu.externaltools.gnu-tools-for-stm32.7-2018-q2-update.linux64_1.5.0.202011040924/tools/bin/../lib/gcc/arm-none-eabi/7.3.1/../../../../arm-none-eabi/lib/thumb/v7e-m/fpv4-sp/hard/libstdc++.a(del_op.o)
                              /opt/st/stm32cubeide_1.5.0/plugins/com.st.stm32cube.ide.mcu.externaltools.gnu-tools-for-stm32.7-2018-q2-update.linux64_1.5.0.202011040924/tools/bin/../lib/gcc/arm-none-eabi/7.3.1/../../../../arm-none-eabi/lib/thumb/v7e-m/fpv4-sp/hard/libstdc++.a(del_opv.o) (operator delete(void*))
/opt/st/stm32cubeide_1.5.0/plugins/com.st.stm32cube.ide.mcu.externaltools.gnu-tools-for-stm32.7-2018-q2-update.linux64_1.5.0.202011040924/tools/bin/../lib/gcc/arm-none-eabi/7.3.1/../../../../arm-none-eabi/lib/thumb/v7e-m/fpv4-sp/hard/libstdc++.a(eh_alloc.o)
                              /opt/st/stm32cubeide_1.5.0/plugins/com.st.stm32cube.ide.mcu.externaltools.gnu-tools-for-stm32.7-2018-q2-update.linux64_1.5.0.202011040924/tools/bin/../lib/gcc/arm-none-eabi/7.3.1/../../../../arm-none-eabi/lib/thumb/v7e-m/fpv4-sp/hard/libstdc++.a(new_op.o) (__cxa_allocate_exception)
/opt/st/stm32cubeide_1.5.0/plugins/com.st.stm32cube.ide.mcu.externaltools.gnu-tools-for-stm32.7-2018-q2-update.linux64_1.5.0.202011040924/tools/bin/../lib/gcc/arm-none-eabi/7.3.1/../../../../arm-none-eabi/lib/thumb/v7e-m/fpv4-sp/hard/libstdc++.a(bad_alloc.o)
                              /opt/st/stm32cubeide_1.5.0/plugins/com.st.stm32cube.ide.mcu.externaltools.gnu-tools-for-stm32.7-2018-q2-update.linux64_1.5.0.202011040924/tools/bin/../lib/gcc/arm-none-eabi/7.3.1/../../../../arm-none-eabi/lib/thumb/v7e-m/fpv4-sp/hard/libstdc++.a(new_op.o) (std::bad_alloc::~bad_alloc())
/opt/st/stm32cubeide_1.5.0/plugins/com.st.stm32cube.ide.mcu.externaltools.gnu-tools-for-stm32.7-2018-q2-update.linux64_1.5.0.202011040924/tools/bin/../lib/gcc/arm-none-eabi/7.3.1/../../../../arm-none-eabi/lib/thumb/v7e-m/fpv4-sp/hard/libstdc++.a(del_ops.o)
                              /opt/st/stm32cubeide_1.5.0/plugins/com.st.stm32cube.ide.mcu.externaltools.gnu-tools-for-stm32.7-2018-q2-update.linux64_1.5.0.202011040924/tools/bin/../lib/gcc/arm-none-eabi/7.3.1/../../../../arm-none-eabi/lib/thumb/v7e-m/fpv4-sp/hard/libstdc++.a(bad_alloc.o) (operator delete(void*, unsigned int))
/opt/st/stm32cubeide_1.5.0/plugins/com.st.stm32cube.ide.mcu.externaltools.gnu-tools-for-stm32.7-2018-q2-update.linux64_1.5.0.202011040924/tools/bin/../lib/gcc/arm-none-eabi/7.3.1/../../../../arm-none-eabi/lib/thumb/v7e-m/fpv4-sp/hard/libstdc++.a(eh_throw.o)
                              /opt/st/stm32cubeide_1.5.0/plugins/com.st.stm32cube.ide.mcu.externaltools.gnu-tools-for-stm32.7-2018-q2-update.linux64_1.5.0.202011040924/tools/bin/../lib/gcc/arm-none-eabi/7.3.1/../../../../arm-none-eabi/lib/thumb/v7e-m/fpv4-sp/hard/libstdc++.a(new_op.o) (__cxa_throw)
/opt/st/stm32cubeide_1.5.0/plugins/com.st.stm32cube.ide.mcu.externaltools.gnu-tools-for-stm32.7-2018-q2-update.linux64_1.5.0.202011040924/tools/bin/../lib/gcc/arm-none-eabi/7.3.1/../../../../arm-none-eabi/lib/thumb/v7e-m/fpv4-sp/hard/libstdc++.a(eh_catch.o)
[...]
Memory Configuration

Name             Origin             Length             Attributes
RAM              0x0000000020000000 0x0000000000050000 xrw
FLASH            0x0000000008000000 0x0000000000100000 xr
DTCMRAM          0x0000000000000000 0xffffffffffffffff
*default*        0x0000000000000000 0xffffffffffffffff

Linker script and memory map

LOAD /opt/st/stm32cubeide_1.5.0/plugins/com.st.stm32cube.ide.mcu.externaltools.gnu-tools-for-stm32.7-2018-q2-update.linux64_1.5.0.202011040924/tools/bin/../lib/gcc/arm-none-eabi/7.3.1/thumb/v7e-m/fpv4-sp/hard/crti.o
LOAD /opt/st/stm32cubeide_1.5.0/plugins/com.st.stm32cube.ide.mcu.externaltools.gnu-tools-for-stm32.7-2018-q2-update.linux64_1.5.0.202011040924/tools/bin/../lib/gcc/arm-none-eabi/7.3.1/thumb/v7e-m/fpv4-sp/hard/crtbegin.o
LOAD /opt/st/stm32cubeide_1.5.0/plugins/com.st.stm32cube.ide.mcu.externaltools.gnu-tools-for-stm32.7-2018-q2-update.linux64_1.5.0.202011040924/tools/bin/../lib/gcc/arm-none-eabi/7.3.1/../../../../arm-none-eabi/lib/thumb/v7e-m/fpv4-sp/hard/crt0.o
LOAD Drivers/BSP/Components/exc7200/exc7200.o
LOAD Drivers/BSP/Components/ft5336/ft5336.o
LOAD Drivers/BSP/Components/mfxstm32l152/mfxstm32l152.o
LOAD Drivers/BSP/Components/ov9655/ov9655.o
LOAD Drivers/BSP/Components/s5k5cag/s5k5cag.o
LOAD Drivers/BSP/Components/stmpe811/stmpe811.o
LOAD Drivers/BSP/Components/ts3510/ts3510.o
LOAD Drivers/BSP/Components/wm8994/wm8994.o
LOAD Drivers/BSP/STM32746G-Discovery/stm32746g_discovery.o
LOAD Drivers/BSP/STM32746G-Discovery/stm32746g_discovery_audio.o
LOAD Drivers/BSP/STM32746G-Discovery/stm32746g_discovery_eeprom.o
LOAD Drivers/BSP/STM32746G-Discovery/stm32746g_discovery_lcd.o
LOAD Drivers/BSP/STM32746G-Discovery/stm32746g_discovery_qspi.o
LOAD Drivers/BSP/STM32746G-Discovery/stm32746g_discovery_sd.o
LOAD Drivers/BSP/STM32746G-Discovery/stm32746g_discovery_sdram.o
LOAD Drivers/BSP/STM32746G-Discovery/stm32746g_discovery_ts.o
LOAD Drivers/STM32F7xx_HAL_Driver/Src/stm32f7xx_hal.o
LOAD Drivers/STM32F7xx_HAL_Driver/Src/stm32f7xx_hal_adc.o
LOAD Drivers/STM32F7xx_HAL_Driver/Src/stm32f7xx_hal_adc_ex.o
LOAD Drivers/STM32F7xx_HAL_Driver/Src/stm32f7xx_hal_cortex.o
LOAD Drivers/STM32F7xx_HAL_Driver/Src/stm32f7xx_hal_dcmi.o
LOAD Drivers/STM32F7xx_HAL_Driver/Src/stm32f7xx_hal_dcmi_ex.o
LOAD Drivers/STM32F7xx_HAL_Driver/Src/stm32f7xx_hal_dma.o
LOAD Drivers/STM32F7xx_HAL_Driver/Src/stm32f7xx_hal_dma2d.o
LOAD Drivers/STM32F7xx_HAL_Driver/Src/stm32f7xx_hal_dma_ex.o
LOAD Drivers/STM32F7xx_HAL_Driver/Src/stm32f7xx_hal_dsi.o
LOAD Drivers/STM32F7xx_HAL_Driver/Src/stm32f7xx_hal_flash.o
LOAD Drivers/STM32F7xx_HAL_Driver/Src/stm32f7xx_hal_flash_ex.o
LOAD Drivers/STM32F7xx_HAL_Driver/Src/stm32f7xx_hal_gpio.o
LOAD Drivers/STM32F7xx_HAL_Driver/Src/stm32f7xx_hal_i2c.o
LOAD Drivers/STM32F7xx_HAL_Driver/Src/stm32f7xx_hal_i2c_ex.o
LOAD Drivers/STM32F7xx_HAL_Driver/Src/stm32f7xx_hal_ltdc.o
LOAD Drivers/STM32F7xx_HAL_Driver/Src/stm32f7xx_hal_ltdc_ex.o
LOAD Drivers/STM32F7xx_HAL_Driver/Src/stm32f7xx_hal_pwr.o
LOAD Drivers/STM32F7xx_HAL_Driver/Src/stm32f7xx_hal_pwr_ex.o
LOAD Drivers/STM32F7xx_HAL_Driver/Src/stm32f7xx_hal_qspi.o
LOAD Drivers/STM32F7xx_HAL_Driver/Src/stm32f7xx_hal_rcc.o
LOAD Drivers/STM32F7xx_HAL_Driver/Src/stm32f7xx_hal_rcc_ex.o
LOAD Drivers/STM32F7xx_HAL_Driver/Src/stm32f7xx_hal_rtc.o
LOAD Drivers/STM32F7xx_HAL_Driver/Src/stm32f7xx_hal_rtc_ex.o
LOAD Drivers/STM32F7xx_HAL_Driver/Src/stm32f7xx_hal_sai.o
LOAD Drivers/STM32F7xx_HAL_Driver/Src/stm32f7xx_hal_sai_ex.o
LOAD Drivers/STM32F7xx_HAL_Driver/Src/stm32f7xx_hal_sd.o
LOAD Drivers/STM32F7xx_HAL_Driver/Src/stm32f7xx_hal_sdram.o
LOAD Drivers/STM32F7xx_HAL_Driver/Src/stm32f7xx_hal_spi.o
LOAD Drivers/STM32F7xx_HAL_Driver/Src/stm32f7xx_hal_tim.o
LOAD Drivers/STM32F7xx_HAL_Driver/Src/stm32f7xx_hal_tim_ex.o
LOAD Drivers/STM32F7xx_HAL_Driver/Src/stm32f7xx_hal_uart.o
LOAD Drivers/STM32F7xx_HAL_Driver/Src/stm32f7xx_ll_fmc.o
LOAD Drivers/STM32F7xx_HAL_Driver/Src/stm32f7xx_ll_sdmmc.o
LOAD Src/JPEGDecoder.o
LOAD Src/camera.o
LOAD Src/camera_i2c.o
LOAD Src/camera_spi.o
LOAD Src/lcd.o
LOAD Src/main.o
LOAD Src/picojpeg.o
LOAD Src/startup_stm32f746xx.o
LOAD Src/stm32f7xx_hal_msp.o
LOAD Src/stm32f7xx_it.o
LOAD Src/system_stm32f7xx.o
LOAD Src/TinyEngine/codegen/Source/depthwise_kernel3x3_stride1_inplace_CHW_fpreq.o
LOAD Src/TinyEngine/codegen/Source/depthwise_kernel3x3_stride1_inplace_CHW_fpreq_bitmask.o
LOAD Src/TinyEngine/codegen/Source/depthwise_kernel3x3_stride1_inplace_CHW_fpreq_mask.o
LOAD Src/TinyEngine/codegen/Source/depthwise_kernel3x3_stride2_inplace_CHW_fpreq.o
LOAD Src/TinyEngine/codegen/Source/depthwise_kernel3x3_stride2_inplace_CHW_fpreq_bitmask.o
LOAD Src/TinyEngine/codegen/Source/depthwise_kernel3x3_stride2_inplace_CHW_fpreq_mask.o
LOAD Src/TinyEngine/codegen/Source/depthwise_kernel5x5_stride1_inplace_CHW_fpreq.o
LOAD Src/TinyEngine/codegen/Source/depthwise_kernel5x5_stride1_inplace_CHW_fpreq_bitmask.o
LOAD Src/TinyEngine/codegen/Source/depthwise_kernel5x5_stride1_inplace_CHW_fpreq_mask.o
LOAD Src/TinyEngine/codegen/Source/depthwise_kernel7x7_stride1_inplace_CHW_fpreq.o
LOAD Src/TinyEngine/codegen/Source/depthwise_kernel7x7_stride1_inplace_CHW_fpreq_bitmask.o
LOAD Src/TinyEngine/codegen/Source/depthwise_kernel7x7_stride1_inplace_CHW_fpreq_mask.o
LOAD Src/TinyEngine/codegen/Source/depthwise_kernel7x7_stride2_inplace_CHW_fpreq.o
LOAD Src/TinyEngine/codegen/Source/depthwise_kernel7x7_stride2_inplace_CHW_fpreq_bitmask.o
LOAD Src/TinyEngine/codegen/Source/depthwise_kernel7x7_stride2_inplace_CHW_fpreq_mask.o
LOAD Src/TinyEngine/codegen/Source/genModel.o
LOAD Src/TinyEngine/src/kernels/fp_backward_op/add_fp.o
LOAD Src/TinyEngine/src/kernels/fp_backward_op/div_fp.o
LOAD Src/TinyEngine/src/kernels/fp_backward_op/group_conv_fp_kernel4_stride1_pad0.o
LOAD Src/TinyEngine/src/kernels/fp_backward_op/group_conv_fp_kernel8_stride1_pad0.o
LOAD Src/TinyEngine/src/kernels/fp_backward_op/group_pointwise_conv_fp.o
LOAD Src/TinyEngine/src/kernels/fp_backward_op/less_fp.o
LOAD Src/TinyEngine/src/kernels/fp_backward_op/log_softmax_fp.o
LOAD Src/TinyEngine/src/kernels/fp_backward_op/mul_fp.o
LOAD Src/TinyEngine/src/kernels/fp_backward_op/negative_fp.o
LOAD Src/TinyEngine/src/kernels/fp_backward_op/nll_loss_fp.o
LOAD Src/TinyEngine/src/kernels/fp_backward_op/pointwise_conv_fp.o
LOAD Src/TinyEngine/src/kernels/fp_backward_op/strided_slice_3Dto3D_fp.o
LOAD Src/TinyEngine/src/kernels/fp_backward_op/strided_slice_4Dto4D_fp.o
LOAD Src/TinyEngine/src/kernels/fp_backward_op/sub_fp.o
LOAD Src/TinyEngine/src/kernels/fp_backward_op/sum_2D_fp.o
LOAD Src/TinyEngine/src/kernels/fp_backward_op/sum_3D_fp.o
LOAD Src/TinyEngine/src/kernels/fp_backward_op/sum_4D_exclude_fp.o
LOAD Src/TinyEngine/src/kernels/fp_backward_op/transpose_depthwise_conv_fp_kernel3_stride1_inpad1_outpad0.o
LOAD Src/TinyEngine/src/kernels/fp_backward_op/transpose_depthwise_conv_fp_kernel3_stride2_inpad1_outpad1.o
LOAD Src/TinyEngine/src/kernels/fp_backward_op/transpose_depthwise_conv_fp_kernel5_stride1_inpad2_outpad0.o
LOAD Src/TinyEngine/src/kernels/fp_backward_op/transpose_depthwise_conv_fp_kernel5_stride2_inpad2_outpad1.o
LOAD Src/TinyEngine/src/kernels/fp_backward_op/transpose_depthwise_conv_fp_kernel7_stride1_inpad3_outpad0.o
LOAD Src/TinyEngine/src/kernels/fp_backward_op/transpose_depthwise_conv_fp_kernel7_stride2_inpad3_outpad1.o
LOAD Src/TinyEngine/src/kernels/fp_backward_op/tte_exp_fp.o
LOAD Src/TinyEngine/src/kernels/fp_backward_op/where_fp.o
LOAD Src/TinyEngine/src/kernels/fp_requantize_op/add_fpreq.o
LOAD Src/TinyEngine/src/kernels/fp_requantize_op/convolve_1x1_s8_ch16_fpreq.o
LOAD Src/TinyEngine/src/kernels/fp_requantize_op/convolve_1x1_s8_ch24_fpreq.o
LOAD Src/TinyEngine/src/kernels/fp_requantize_op/convolve_1x1_s8_ch48_fpreq.o
LOAD Src/TinyEngine/src/kernels/fp_requantize_op/convolve_1x1_s8_ch8_fpreq.o
LOAD Src/TinyEngine/src/kernels/fp_requantize_op/convolve_1x1_s8_fpreq.o
LOAD Src/TinyEngine/src/kernels/fp_requantize_op/convolve_1x1_s8_fpreq_mask.o
LOAD Src/TinyEngine/src/kernels/fp_requantize_op/convolve_1x1_s8_fpreq_mask_partialCH.o
LOAD Src/TinyEngine/src/kernels/fp_requantize_op/convolve_s8_kernel3_inputch3_stride2_pad1_fpreq.o
LOAD Src/TinyEngine/src/kernels/fp_requantize_op/mat_mul_kernels_fpreq.o
LOAD Src/TinyEngine/src/kernels/int_forward_op/add.o
LOAD Src/TinyEngine/src/kernels/int_forward_op/arm_convolve_s8_4col.o
LOAD Src/TinyEngine/src/kernels/int_forward_op/arm_nn_mat_mult_kernel3_input3_s8_s16.o
LOAD Src/TinyEngine/src/kernels/int_forward_op/arm_nn_mat_mult_kernel_s8_s16_reordered_8mul.o
LOAD Src/TinyEngine/src/kernels/int_forward_op/arm_nn_mat_mult_kernel_s8_s16_reordered_oddch.o
LOAD Src/TinyEngine/src/kernels/int_forward_op/avgpooling.o
LOAD Src/TinyEngine/src/kernels/int_forward_op/concat_ch.o
LOAD Src/TinyEngine/src/kernels/int_forward_op/convolve_1x1_s8.o
LOAD Src/TinyEngine/src/kernels/int_forward_op/convolve_1x1_s8_SRAM.o
LOAD Src/TinyEngine/src/kernels/int_forward_op/convolve_1x1_s8_ch16.o
LOAD Src/TinyEngine/src/kernels/int_forward_op/convolve_1x1_s8_ch24.o
LOAD Src/TinyEngine/src/kernels/int_forward_op/convolve_1x1_s8_ch48.o
LOAD Src/TinyEngine/src/kernels/int_forward_op/convolve_1x1_s8_ch8.o
LOAD Src/TinyEngine/src/kernels/int_forward_op/convolve_1x1_s8_kbuf.o
LOAD Src/TinyEngine/src/kernels/int_forward_op/convolve_1x1_s8_oddch.o
LOAD Src/TinyEngine/src/kernels/int_forward_op/convolve_1x1_s8_skip_pad.o
LOAD Src/TinyEngine/src/kernels/int_forward_op/convolve_s8_kernel2x3_inputch3_stride2_pad1.o
LOAD Src/TinyEngine/src/kernels/int_forward_op/convolve_s8_kernel3_inputch3_stride2_pad1.o
LOAD Src/TinyEngine/src/kernels/int_forward_op/convolve_s8_kernel3_stride1_pad1.o
LOAD Src/TinyEngine/src/kernels/int_forward_op/convolve_s8_kernel3x2_inputch3_stride2_pad1.o
LOAD Src/TinyEngine/src/kernels/int_forward_op/convolve_u8_kernel3_inputch3_stride1_pad1.o
LOAD Src/TinyEngine/src/kernels/int_forward_op/convolve_u8_kernel3_inputch3_stride2_pad1.o
LOAD Src/TinyEngine/src/kernels/int_forward_op/element_mult.o
LOAD Src/TinyEngine/src/kernels/int_forward_op/fully_connected.o
LOAD Src/TinyEngine/src/kernels/int_forward_op/mat_mul_fp.o
LOAD Src/TinyEngine/src/kernels/int_forward_op/mat_mult_kernels.o
LOAD Src/TinyEngine/src/kernels/int_forward_op/maxpooling.o
LOAD Src/TinyEngine/src/kernels/int_forward_op/patchpadding_convolve_s8_kernel3_inputch3_stride2.o
LOAD Src/TinyEngine/src/kernels/int_forward_op/patchpadding_depthwise_kernel3x3_stride1_inplace_CHW.o
LOAD Src/TinyEngine/src/kernels/int_forward_op/patchpadding_depthwise_kernel3x3_stride2_inplace_CHW.o
LOAD Src/TinyEngine/src/kernels/int_forward_op/patchpadding_kbuf_convolve_s8_kernel3_inputch3_stride2.o
LOAD Src/TinyEngine/src/kernels/int_forward_op/stable_softmax.o
LOAD Src/TinyEngine/src/kernels/int_forward_op/upsample_byte.o
LOAD Src/TinyEngine/src/yoloOutput.o
LOAD Src/sys/_io.o
LOAD Src/sys/stubs.o
LOAD Utilities/Fonts/font12.o
LOAD Utilities/Fonts/font16.o
LOAD Utilities/Fonts/font20.o
LOAD Utilities/Fonts/font24.o
LOAD Utilities/Fonts/font8.o
START GROUP
LOAD /opt/st/stm32cubeide_1.5.0/plugins/com.st.stm32cube.ide.mcu.externaltools.gnu-tools-for-stm32.7-2018-q2-update.linux64_1.5.0.202011040924/tools/bin/../lib/gcc/arm-none-eabi/7.3.1/../../../../arm-none-eabi/lib/thumb/v7e-m/fpv4-sp/hard/libstdc++.a
LOAD /opt/st/stm32cubeide_1.5.0/plugins/com.st.stm32cube.ide.mcu.externaltools.gnu-tools-for-stm32.7-2018-q2-update.linux64_1.5.0.202011040924/tools/bin/../lib/gcc/arm-none-eabi/7.3.1/../../../../arm-none-eabi/lib/thumb/v7e-m/fpv4-sp/hard/libsupc++.a
END GROUP
LOAD /opt/st/stm32cubeide_1.5.0/plugins/com.st.stm32cube.ide.mcu.externaltools.gnu-tools-for-stm32.7-2018-q2-update.linux64_1.5.0.202011040924/tools/bin/../lib/gcc/arm-none-eabi/7.3.1/../../../../arm-none-eabi/lib/thumb/v7e-m/fpv4-sp/hard/libstdc++.a
LOAD /opt/st/stm32cubeide_1.5.0/plugins/com.st.stm32cube.ide.mcu.externaltools.gnu-tools-for-stm32.7-2018-q2-update.linux64_1.5.0.202011040924/tools/bin/../lib/gcc/arm-none-eabi/7.3.1/../../../../arm-none-eabi/lib/thumb/v7e-m/fpv4-sp/hard/libm.a
LOAD /opt/st/stm32cubeide_1.5.0/plugins/com.st.stm32cube.ide.mcu.externaltools.gnu-tools-for-stm32.7-2018-q2-update.linux64_1.5.0.202011040924/tools/bin/../lib/gcc/arm-none-eabi/7.3.1/../../../../arm-none-eabi/lib/thumb/v7e-m/fpv4-sp/hard/libc.a
START GROUP
LOAD /opt/st/stm32cubeide_1.5.0/plugins/com.st.stm32cube.ide.mcu.externaltools.gnu-tools-for-stm32.7-2018-q2-update.linux64_1.5.0.202011040924/tools/bin/../lib/gcc/arm-none-eabi/7.3.1/thumb/v7e-m/fpv4-sp/hard/libgcc.a
LOAD /opt/st/stm32cubeide_1.5.0/plugins/com.st.stm32cube.ide.mcu.externaltools.gnu-tools-for-stm32.7-2018-q2-update.linux64_1.5.0.202011040924/tools/bin/../lib/gcc/arm-none-eabi/7.3.1/../../../../arm-none-eabi/lib/thumb/v7e-m/fpv4-sp/hard/libc.a
END GROUP
START GROUP
LOAD /opt/st/stm32cubeide_1.5.0/plugins/com.st.stm32cube.ide.mcu.externaltools.gnu-tools-for-stm32.7-2018-q2-update.linux64_1.5.0.202011040924/tools/bin/../lib/gcc/arm-none-eabi/7.3.1/thumb/v7e-m/fpv4-sp/hard/libgcc.a
LOAD /opt/st/stm32cubeide_1.5.0/plugins/com.st.stm32cube.ide.mcu.externaltools.gnu-tools-for-stm32.7-2018-q2-update.linux64_1.5.0.202011040924/tools/bin/../lib/gcc/arm-none-eabi/7.3.1/../../../../arm-none-eabi/lib/thumb/v7e-m/fpv4-sp/hard/libc.a
LOAD /opt/st/stm32cubeide_1.5.0/plugins/com.st.stm32cube.ide.mcu.externaltools.gnu-tools-for-stm32.7-2018-q2-update.linux64_1.5.0.202011040924/tools/bin/../lib/gcc/arm-none-eabi/7.3.1/../../../../arm-none-eabi/lib/thumb/v7e-m/fpv4-sp/hard/libnosys.a
END GROUP
LOAD /opt/st/stm32cubeide_1.5.0/plugins/com.st.stm32cube.ide.mcu.externaltools.gnu-tools-for-stm32.7-2018-q2-update.linux64_1.5.0.202011040924/tools/bin/../lib/gcc/arm-none-eabi/7.3.1/thumb/v7e-m/fpv4-sp/hard/crtend.o
LOAD /opt/st/stm32cubeide_1.5.0/plugins/com.st.stm32cube.ide.mcu.externaltools.gnu-tools-for-stm32.7-2018-q2-update.linux64_1.5.0.202011040924/tools/bin/../lib/gcc/arm-none-eabi/7.3.1/thumb/v7e-m/fpv4-sp/hard/crtn.o
                0x000000002004ffff                _estack = 0x2004ffff
                0x0000000000000600                _Min_Heap_Size = 0x600
                0x0000000000000400                _Min_Stack_Size = 0x400

.isr_vector     0x0000000008000000      0x1c8
                0x0000000008000000                . = ALIGN (0x4)
 *(.isr_vector)
 .isr_vector    0x0000000008000000      0x1c8 Src/startup_stm32f746xx.o
                0x0000000008000000                g_pfnVectors
                0x00000000080001c8                . = ALIGN (0x4)

.text           0x00000000080001d0    0x499b0
                0x00000000080001d0                . = ALIGN (0x4)
 *(.text)
 .text          0x00000000080001d0       0x40 /opt/st/stm32cubeide_1.5.0/plugins/com.st.stm32cube.ide.mcu.externaltools.gnu-tools-for-stm32.7-2018-q2-update.linux64_1.5.0.202011040924/tools/bin/../lib/gcc/arm-none-eabi/7.3.1/thumb/v7e-m/fpv4-sp/hard/crtbegin.o
 .text          0x0000000008000210     0x6adc /opt/st/stm32cubeide_1.5.0/plugins/com.st.stm32cube.ide.mcu.externaltools.gnu-tools-for-stm32.7-2018-q2-update.linux64_1.5.0.202011040924/tools/bin/../lib/gcc/arm-none-eabi/7.3.1/../../../../arm-none-eabi/lib/thumb/v7e-m/fpv4-sp/hard/libstdc++.a(cp-demangle.o)
                0x0000000008006c00                __cxa_demangle
                0x0000000008006cc8                __gcclibcxx_demangle_callback
 *fill*         0x0000000008006cec        0x4 
 .text          0x0000000008006cf0       0xa0 /opt/st/stm32cubeide_1.5.0/plugins/com.st.stm32cube.ide.mcu.externaltools.gnu-tools-for-stm32.7-2018-q2-update.linux64_1.5.0.202011040924/tools/bin/../lib/gcc/arm-none-eabi/7.3.1/../../../../arm-none-eabi/lib/thumb/v7e-m/fpv4-sp/hard/libc.a(lib_a-memchr.o)
                0x0000000008006cf0                memchr
 .text          0x0000000008006d90       0x14 /opt/st/stm32cubeide_1.5.0/plugins/com.st.stm32cube.ide.mcu.externaltools.gnu-tools-for-stm32.7-2018-q2-update.linux64_1.5.0.202011040924/tools/bin/../lib/gcc/arm-none-eabi/7.3.1/../../../../arm-none-eabi/lib/thumb/v7e-m/fpv4-sp/hard/libc.a(lib_a-strcmp.o)
                0x0000000008006d90                strcmp
 .text          0x0000000008006da4       0x10 /opt/st/stm32cubeide_1.5.0/plugins/com.st.stm32cube.ide.mcu.externaltools.gnu-tools-for-stm32.7-2018-q2-update.linux64_1.5.0.202011040924/tools/bin/../lib/gcc/arm-none-eabi/7.3.1/../../../../arm-none-eabi/lib/thumb/v7e-m/fpv4-sp/hard/libc.a(lib_a-strlen.o)
                0x0000000008006da4                strlen
 .text          0x0000000008006db4      0x378 /opt/st/stm32cubeide_1.5.0/plugins/com.st.stm32cube.ide.mcu.externaltools.gnu-tools-for-stm32.7-2018-q2-update.linux64_1.5.0.202011040924/tools/bin/../lib/gcc/arm-none-eabi/7.3.1/thumb/v7e-m/fpv4-sp/hard/libgcc.a(_arm_addsubdf3.o)
                0x0000000008006db4                __aeabi_drsub
                0x0000000008006dbc                __aeabi_dsub
                0x0000000008006dbc                __subdf3
                0x0000000008006dc0                __adddf3
                0x0000000008006dc0                __aeabi_dadd
                0x0000000008007038                __aeabi_ui2d
                0x0000000008007038                __floatunsidf
                0x0000000008007058                __floatsidf
                0x0000000008007058                __aeabi_i2d
                0x000000000800707c                __extendsfdf2
                0x000000000800707c                __aeabi_f2d
                0x00000000080070c0                __aeabi_ul2d
                0x00000000080070c0                __floatundidf
                0x00000000080070d0                __floatdidf
                0x00000000080070d0                __aeabi_l2d
 .text          0x000000000800712c      0x424 /opt/st/stm32cubeide_1.5.0/plugins/com.st.stm32cube.ide.mcu.externaltools.gnu-tools-for-stm32.7-2018-q2-update.linux64_1.5.0.202011040924/tools/bin/../lib/gcc/arm-none-eabi/7.3.1/thumb/v7e-m/fpv4-sp/hard/libgcc.a(_arm_muldivdf3.o)
                0x000000000800712c                __aeabi_dmul
                0x000000000800712c                __muldf3
                0x0000000008007380                __aeabi_ddiv
                0x0000000008007380                __divdf3
 .text          0x0000000008007550      0x110 /opt/st/stm32cubeide_1.5.0/plugins/com.st.stm32cube.ide.mcu.externaltools.gnu-tools-for-stm32.7-2018-q2-update.linux64_1.5.0.202011040924/tools/bin/../lib/gcc/arm-none-eabi/7.3.1/thumb/v7e-m/fpv4-sp/hard/libgcc.a(_arm_cmpdf2.o)
                0x0000000008007550                __gtdf2
                0x0000000008007550                __gedf2
                0x0000000008007558                __ltdf2
                0x0000000008007558                __ledf2
                0x0000000008007560                __cmpdf2
                0x0000000008007560                __eqdf2
                0x0000000008007560                __nedf2
                0x00000000080075dc                __aeabi_cdrcmple
                0x00000000080075ec                __aeabi_cdcmple
                0x00000000080075ec                __aeabi_cdcmpeq
                0x00000000080075fc                __aeabi_dcmpeq
                0x0000000008007610                __aeabi_dcmplt
                0x0000000008007624                __aeabi_dcmple
                0x0000000008007638                __aeabi_dcmpge
                0x000000000800764c                __aeabi_dcmpgt
 .text          0x0000000008007660       0x2c /opt/st/stm32cubeide_1.5.0/plugins/com.st.stm32cube.ide.mcu.externaltools.gnu-tools-for-stm32.7-2018-q2-update.linux64_1.5.0.202011040924/tools/bin/../lib/gcc/arm-none-eabi/7.3.1/thumb/v7e-m/fpv4-sp/hard/libgcc.a(_arm_unorddf2.o)
                0x0000000008007660                __aeabi_dcmpun
                0x0000000008007660                __unorddf2
 .text          0x000000000800768c       0x50 /opt/st/stm32cubeide_1.5.0/plugins/com.st.stm32cube.ide.mcu.externaltools.gnu-tools-for-stm32.7-2018-q2-update.linux64_1.5.0.202011040924/tools/bin/../lib/gcc/arm-none-eabi/7.3.1/thumb/v7e-m/fpv4-sp/hard/libgcc.a(_arm_fixdfsi.o)
                0x000000000800768c                __fixdfsi
                0x000000000800768c                __aeabi_d2iz
 .text          0x00000000080076dc       0xa0 /opt/st/stm32cubeide_1.5.0/plugins/com.st.stm32cube.ide.mcu.externaltools.gnu-tools-for-stm32.7-2018-q2-update.linux64_1.5.0.202011040924/tools/bin/../lib/gcc/arm-none-eabi/7.3.1/thumb/v7e-m/fpv4-sp/hard/libgcc.a(_arm_truncdfsf2.o)
                0x00000000080076dc                __aeabi_d2f
                0x00000000080076dc                __truncdfsf2
 .text          0x000000000800777c       0x30 /opt/st/stm32cubeide_1.5.0/plugins/com.st.stm32cube.ide.mcu.externaltools.gnu-tools-for-stm32.7-2018-q2-update.linux64_1.5.0.202011040924/tools/bin/../lib/gcc/arm-none-eabi/7.3.1/thumb/v7e-m/fpv4-sp/hard/libgcc.a(_aeabi_uldivmod.o)
                0x000000000800777c                __aeabi_uldivmod
 .text          0x00000000080077ac      0x2cc /opt/st/stm32cubeide_1.5.0/plugins/com.st.stm32cube.ide.mcu.externaltools.gnu-tools-for-stm32.7-2018-q2-update.linux64_1.5.0.202011040924/tools/bin/../lib/gcc/arm-none-eabi/7.3.1/thumb/v7e-m/fpv4-sp/hard/libgcc.a(_udivmoddi4.o)
                0x00000000080077ac                __udivmoddi4
 .text          0x0000000008007a78      0x9ec /opt/st/stm32cubeide_1.5.0/plugins/com.st.stm32cube.ide.mcu.externaltools.gnu-tools-for-stm32.7-2018-q2-update.linux64_1.5.0.202011040924/tools/bin/../lib/gcc/arm-none-eabi/7.3.1/thumb/v7e-m/fpv4-sp/hard/libgcc.a(unwind-arm.o)
                0x0000000008007d2c                _Unwind_GetCFA
                0x0000000008007d30                __gnu_Unwind_RaiseException
                0x0000000008007d90                __gnu_Unwind_ForcedUnwind
                0x0000000008007da4                __gnu_Unwind_Resume
                0x0000000008007de8                __gnu_Unwind_Resume_or_Rethrow
                0x0000000008007df8                _Unwind_Complete
                0x0000000008007dfc                _Unwind_DeleteException
                0x0000000008007e08                _Unwind_VRS_Get
                0x0000000008007e4c                _Unwind_VRS_Set
                0x0000000008007e94                __gnu_Unwind_Backtrace
                0x00000000080081d8                __aeabi_unwind_cpp_pr0
                0x00000000080081dc                __aeabi_unwind_cpp_pr1
                0x00000000080081e0                __aeabi_unwind_cpp_pr2
                0x00000000080081e4                _Unwind_VRS_Pop
 .text          0x0000000008008464      0x1ac /opt/st/stm32cubeide_1.5.0/plugins/com.st.stm32cube.ide.mcu.externaltools.gnu-tools-for-stm32.7-2018-q2-update.linux64_1.5.0.202011040924/tools/bin/../lib/gcc/arm-none-eabi/7.3.1/thumb/v7e-m/fpv4-sp/hard/libgcc.a(libunwind.o)
                0x0000000008008464                __restore_core_regs
                0x0000000008008464                restore_core_regs
                0x000000000800847c                __gnu_Unwind_Restore_VFP
                0x0000000008008484                __gnu_Unwind_Save_VFP
                0x000000000800848c                __gnu_Unwind_Restore_VFP_D
                0x0000000008008494                __gnu_Unwind_Save_VFP_D
                0x000000000800849c                __gnu_Unwind_Restore_VFP_D_16_to_31
                0x00000000080084a4                __gnu_Unwind_Save_VFP_D_16_to_31
                0x00000000080084ac                __gnu_Unwind_Restore_WMMXD
                0x00000000080084f0                __gnu_Unwind_Save_WMMXD
                0x0000000008008534                __gnu_Unwind_Restore_WMMXC
                0x0000000008008548                __gnu_Unwind_Save_WMMXC
                0x000000000800855c                ___Unwind_RaiseException
                0x000000000800855c                _Unwind_RaiseException
                0x0000000008008580                ___Unwind_Resume
                0x0000000008008580                _Unwind_Resume
                0x00000000080085a4                _Unwind_Resume_or_Rethrow
                0x00000000080085a4                ___Unwind_Resume_or_Rethrow
                0x00000000080085c8                ___Unwind_ForcedUnwind
                0x00000000080085c8                _Unwind_ForcedUnwind
                0x00000000080085ec                _Unwind_Backtrace
                0x00000000080085ec                ___Unwind_Backtrace
 .text          0x0000000008008610      0x374 /opt/st/stm32cubeide_1.5.0/plugins/com.st.stm32cube.ide.mcu.externaltools.gnu-tools-for-stm32.7-2018-q2-update.linux64_1.5.0.202011040924/tools/bin/../lib/gcc/arm-none-eabi/7.3.1/thumb/v7e-m/fpv4-sp/hard/libgcc.a(pr-support.o)
                0x0000000008008668                __gnu_unwind_execute
                0x000000000800892c                __gnu_unwind_frame
                0x0000000008008954                _Unwind_GetRegionStart
                0x0000000008008960                _Unwind_GetLanguageSpecificData
                0x0000000008008974                _Unwind_GetDataRelBase
                0x000000000800897c                _Unwind_GetTextRelBase
 .text          0x0000000008008984        0x4 /opt/st/stm32cubeide_1.5.0/plugins/com.st.stm32cube.ide.mcu.externaltools.gnu-tools-for-stm32.7-2018-q2-update.linux64_1.5.0.202011040924/tools/bin/../lib/gcc/arm-none-eabi/7.3.1/thumb/v7e-m/fpv4-sp/hard/libgcc.a(_dvmd_tls.o)
                0x0000000008008984                __aeabi_ldiv0
                0x0000000008008984                __aeabi_idiv0
 *(.text*)
 .text.BSP_PB_Init
                0x0000000008008988      0x118 Drivers/BSP/STM32746G-Discovery/stm32746g_discovery.o
                0x0000000008008988                BSP_PB_Init
 .text.BSP_PB_GetState
                0x0000000008008aa0       0x34 Drivers/BSP/STM32746G-Discovery/stm32746g_discovery.o
                0x0000000008008aa0                BSP_PB_GetState
 .text.BSP_LCD_Init
                0x0000000008008ad4       0xe0 Drivers/BSP/STM32746G-Discovery/stm32746g_discovery_lcd.o
                0x0000000008008ad4                BSP_LCD_Init
 .text.BSP_LCD_GetXSize
                0x0000000008008bb4       0x28 Drivers/BSP/STM32746G-Discovery/stm32746g_discovery_lcd.o
                0x0000000008008bb4                BSP_LCD_GetXSize
 .text.BSP_LCD_GetYSize
                0x0000000008008bdc       0x28 Drivers/BSP/STM32746G-Discovery/stm32746g_discovery_lcd.o
                0x0000000008008bdc                BSP_LCD_GetYSize
 .text.BSP_LCD_LayerRgb565Init
                0x0000000008008c04       0xc0 Drivers/BSP/STM32746G-Discovery/stm32746g_discovery_lcd.o
                0x0000000008008c04                BSP_LCD_LayerRgb565Init
 .text.BSP_LCD_SelectLayer
                0x0000000008008cc4       0x20 Drivers/BSP/STM32746G-Discovery/stm32746g_discovery_lcd.o
                0x0000000008008cc4                BSP_LCD_SelectLayer
 .text.BSP_LCD_SetTransparency
                0x0000000008008ce4       0x24 Drivers/BSP/STM32746G-Discovery/stm32746g_discovery_lcd.o
                0x0000000008008ce4                BSP_LCD_SetTransparency
 .text.BSP_LCD_SetTextColor
                0x0000000008008d08       0x30 Drivers/BSP/STM32746G-Discovery/stm32746g_discovery_lcd.o
                0x0000000008008d08                BSP_LCD_SetTextColor
 .text.BSP_LCD_SetFont
                0x0000000008008d38       0x34 Drivers/BSP/STM32746G-Discovery/stm32746g_discovery_lcd.o
                0x0000000008008d38                BSP_LCD_SetFont
 .text.BSP_LCD_Clear
                0x0000000008008d6c       0x50 Drivers/BSP/STM32746G-Discovery/stm32746g_discovery_lcd.o
                0x0000000008008d6c                BSP_LCD_Clear
 .text.BSP_LCD_DisplayChar
                0x0000000008008dbc       0x88 Drivers/BSP/STM32746G-Discovery/stm32746g_discovery_lcd.o
                0x0000000008008dbc                BSP_LCD_DisplayChar
 .text.BSP_LCD_DisplayStringAt
                0x0000000008008e44      0x188 Drivers/BSP/STM32746G-Discovery/stm32746g_discovery_lcd.o
                0x0000000008008e44                BSP_LCD_DisplayStringAt
 .text.BSP_LCD_DrawPixel
                0x0000000008008fcc       0x90 Drivers/BSP/STM32746G-Discovery/stm32746g_discovery_lcd.o
                0x0000000008008fcc                BSP_LCD_DrawPixel
 .text.BSP_LCD_DisplayOn
                0x000000000800905c       0x3c Drivers/BSP/STM32746G-Discovery/stm32746g_discovery_lcd.o
                0x000000000800905c                BSP_LCD_DisplayOn
 .text.BSP_LCD_MspInit
                0x0000000008009098      0x1b4 Drivers/BSP/STM32746G-Discovery/stm32746g_discovery_lcd.o
                0x0000000008009098                BSP_LCD_MspInit
 .text.BSP_LCD_ClockConfig
                0x000000000800924c       0x38 Drivers/BSP/STM32746G-Discovery/stm32746g_discovery_lcd.o
                0x000000000800924c                BSP_LCD_ClockConfig
 .text.DrawChar
                0x0000000008009284      0x170 Drivers/BSP/STM32746G-Discovery/stm32746g_discovery_lcd.o
 .text.LL_FillBuffer
                0x00000000080093f4       0x98 Drivers/BSP/STM32746G-Discovery/stm32746g_discovery_lcd.o
 .text.BSP_SDRAM_Init
                0x000000000800948c       0xbc Drivers/BSP/STM32746G-Discovery/stm32746g_discovery_sdram.o
                0x000000000800948c                BSP_SDRAM_Init
 .text.BSP_SDRAM_Initialization_sequence
                0x0000000008009548       0xc0 Drivers/BSP/STM32746G-Discovery/stm32746g_discovery_sdram.o
                0x0000000008009548                BSP_SDRAM_Initialization_sequence
 .text.BSP_SDRAM_MspInit
                0x0000000008009608      0x1f0 Drivers/BSP/STM32746G-Discovery/stm32746g_discovery_sdram.o
                0x0000000008009608                BSP_SDRAM_MspInit
 .text.HAL_Init
                0x00000000080097f8       0x38 Drivers/STM32F7xx_HAL_Driver/Src/stm32f7xx_hal.o
                0x00000000080097f8                HAL_Init
 .text.HAL_MspInit
                0x0000000008009830        0xe Drivers/STM32F7xx_HAL_Driver/Src/stm32f7xx_hal.o
                0x0000000008009830                HAL_MspInit
 *fill*         0x000000000800983e        0x2 
 .text.HAL_InitTick
                0x0000000008009840       0x60 Drivers/STM32F7xx_HAL_Driver/Src/stm32f7xx_hal.o
                0x0000000008009840                HAL_InitTick
 .text.HAL_IncTick
                0x00000000080098a0       0x28 Drivers/STM32F7xx_HAL_Driver/Src/stm32f7xx_hal.o
                0x00000000080098a0                HAL_IncTick
 .text.HAL_GetTick
                0x00000000080098c8       0x18 Drivers/STM32F7xx_HAL_Driver/Src/stm32f7xx_hal.o
                0x00000000080098c8                HAL_GetTick
 .text.HAL_Delay
                0x00000000080098e0       0x44 Drivers/STM32F7xx_HAL_Driver/Src/stm32f7xx_hal.o
                0x00000000080098e0                HAL_Delay
 .text.__NVIC_SetPriorityGrouping
                0x0000000008009924       0x48 Drivers/STM32F7xx_HAL_Driver/Src/stm32f7xx_hal_cortex.o
 .text.__NVIC_GetPriorityGrouping
                0x000000000800996c       0x1c Drivers/STM32F7xx_HAL_Driver/Src/stm32f7xx_hal_cortex.o
 .text.__NVIC_EnableIRQ
                0x0000000008009988       0x3c Drivers/STM32F7xx_HAL_Driver/Src/stm32f7xx_hal_cortex.o
 .text.__NVIC_SetPriority
                0x00000000080099c4       0x54 Drivers/STM32F7xx_HAL_Driver/Src/stm32f7xx_hal_cortex.o
 .text.NVIC_EncodePriority
                0x0000000008009a18       0x66 Drivers/STM32F7xx_HAL_Driver/Src/stm32f7xx_hal_cortex.o
 *fill*         0x0000000008009a7e        0x2 
 .text.SysTick_Config
                0x0000000008009a80       0x44 Drivers/STM32F7xx_HAL_Driver/Src/stm32f7xx_hal_cortex.o
 .text.HAL_NVIC_SetPriorityGrouping
                0x0000000008009ac4       0x16 Drivers/STM32F7xx_HAL_Driver/Src/stm32f7xx_hal_cortex.o
                0x0000000008009ac4                HAL_NVIC_SetPriorityGrouping
 .text.HAL_NVIC_SetPriority
                0x0000000008009ada       0x38 Drivers/STM32F7xx_HAL_Driver/Src/stm32f7xx_hal_cortex.o
                0x0000000008009ada                HAL_NVIC_SetPriority
 .text.HAL_NVIC_EnableIRQ
                0x0000000008009b12       0x1c Drivers/STM32F7xx_HAL_Driver/Src/stm32f7xx_hal_cortex.o
                0x0000000008009b12                HAL_NVIC_EnableIRQ
 .text.HAL_SYSTICK_Config
                0x0000000008009b2e       0x18 Drivers/STM32F7xx_HAL_Driver/Src/stm32f7xx_hal_cortex.o
                0x0000000008009b2e                HAL_SYSTICK_Config
 *fill*         0x0000000008009b46        0x2 
 .text.HAL_DMA_Init
                0x0000000008009b48      0x15c Drivers/STM32F7xx_HAL_Driver/Src/stm32f7xx_hal_dma.o
                0x0000000008009b48                HAL_DMA_Init
 .text.HAL_DMA_DeInit
                0x0000000008009ca4       0xbc Drivers/STM32F7xx_HAL_Driver/Src/stm32f7xx_hal_dma.o
                0x0000000008009ca4                HAL_DMA_DeInit
 .text.DMA_CalcBaseAndBitshift
                0x0000000008009d60       0x6c Drivers/STM32F7xx_HAL_Driver/Src/stm32f7xx_hal_dma.o
 .text.DMA_CheckFifoParam
                0x0000000008009dcc       0xf4 Drivers/STM32F7xx_HAL_Driver/Src/stm32f7xx_hal_dma.o
 .text.HAL_DMA2D_Init
                0x0000000008009ec0       0x94 Drivers/STM32F7xx_HAL_Driver/Src/stm32f7xx_hal_dma2d.o
                0x0000000008009ec0                HAL_DMA2D_Init
 .text.HAL_DMA2D_MspInit
                0x0000000008009f54       0x14 Drivers/STM32F7xx_HAL_Driver/Src/stm32f7xx_hal_dma2d.o
                0x0000000008009f54                HAL_DMA2D_MspInit
 .text.HAL_DMA2D_Start
                0x0000000008009f68       0x56 Drivers/STM32F7xx_HAL_Driver/Src/stm32f7xx_hal_dma2d.o
                0x0000000008009f68                HAL_DMA2D_Start
 .text.HAL_DMA2D_PollForTransfer
                0x0000000008009fbe      0x1d0 Drivers/STM32F7xx_HAL_Driver/Src/stm32f7xx_hal_dma2d.o
                0x0000000008009fbe                HAL_DMA2D_PollForTransfer
 *fill*         0x000000000800a18e        0x2 
 .text.HAL_DMA2D_ConfigLayer
                0x000000000800a190      0x12c Drivers/STM32F7xx_HAL_Driver/Src/stm32f7xx_hal_dma2d.o
                0x000000000800a190                HAL_DMA2D_ConfigLayer
 .text.DMA2D_SetConfig
                0x000000000800a2bc      0x14c Drivers/STM32F7xx_HAL_Driver/Src/stm32f7xx_hal_dma2d.o
 .text.HAL_GPIO_Init
                0x000000000800a408      0x354 Drivers/STM32F7xx_HAL_Driver/Src/stm32f7xx_hal_gpio.o
                0x000000000800a408                HAL_GPIO_Init
 .text.HAL_GPIO_ReadPin
                0x000000000800a75c       0x30 Drivers/STM32F7xx_HAL_Driver/Src/stm32f7xx_hal_gpio.o
                0x000000000800a75c                HAL_GPIO_ReadPin
 .text.HAL_GPIO_WritePin
                0x000000000800a78c       0x32 Drivers/STM32F7xx_HAL_Driver/Src/stm32f7xx_hal_gpio.o
                0x000000000800a78c                HAL_GPIO_WritePin
 *fill*         0x000000000800a7be        0x2 
 .text.HAL_I2C_Init
                0x000000000800a7c0      0x120 Drivers/STM32F7xx_HAL_Driver/Src/stm32f7xx_hal_i2c.o
                0x000000000800a7c0                HAL_I2C_Init
 .text.HAL_I2C_Master_Transmit
                0x000000000800a8e0      0x200 Drivers/STM32F7xx_HAL_Driver/Src/stm32f7xx_hal_i2c.o
                0x000000000800a8e0                HAL_I2C_Master_Transmit
 .text.HAL_I2C_Master_Receive
                0x000000000800aae0      0x204 Drivers/STM32F7xx_HAL_Driver/Src/stm32f7xx_hal_i2c.o
                0x000000000800aae0                HAL_I2C_Master_Receive
 .text.I2C_Flush_TXDR
                0x000000000800ace4       0x48 Drivers/STM32F7xx_HAL_Driver/Src/stm32f7xx_hal_i2c.o
 .text.I2C_WaitOnFlagUntilTimeout
                0x000000000800ad2c       0x74 Drivers/STM32F7xx_HAL_Driver/Src/stm32f7xx_hal_i2c.o
 .text.I2C_WaitOnTXISFlagUntilTimeout
                0x000000000800ada0       0x80 Drivers/STM32F7xx_HAL_Driver/Src/stm32f7xx_hal_i2c.o
 .text.I2C_WaitOnSTOPFlagUntilTimeout
                0x000000000800ae20       0x78 Drivers/STM32F7xx_HAL_Driver/Src/stm32f7xx_hal_i2c.o
 .text.I2C_WaitOnRXNEFlagUntilTimeout
                0x000000000800ae98       0xd8 Drivers/STM32F7xx_HAL_Driver/Src/stm32f7xx_hal_i2c.o
 .text.I2C_IsAcknowledgeFailed
                0x000000000800af70       0xbc Drivers/STM32F7xx_HAL_Driver/Src/stm32f7xx_hal_i2c.o
 .text.I2C_TransferConfig
                0x000000000800b02c       0x5c Drivers/STM32F7xx_HAL_Driver/Src/stm32f7xx_hal_i2c.o
 .text.HAL_I2CEx_ConfigAnalogFilter
                0x000000000800b088       0x96 Drivers/STM32F7xx_HAL_Driver/Src/stm32f7xx_hal_i2c_ex.o
                0x000000000800b088                HAL_I2CEx_ConfigAnalogFilter
 *fill*         0x000000000800b11e        0x2 
 .text.HAL_LTDC_Init
                0x000000000800b120      0x1b8 Drivers/STM32F7xx_HAL_Driver/Src/stm32f7xx_hal_ltdc.o
                0x000000000800b120                HAL_LTDC_Init
 .text.HAL_LTDC_ConfigLayer
                0x000000000800b2d8       0x7c Drivers/STM32F7xx_HAL_Driver/Src/stm32f7xx_hal_ltdc.o
                0x000000000800b2d8                HAL_LTDC_ConfigLayer
 .text.HAL_LTDC_SetAlpha
                0x000000000800b354       0x6c Drivers/STM32F7xx_HAL_Driver/Src/stm32f7xx_hal_ltdc.o
                0x000000000800b354                HAL_LTDC_SetAlpha
 .text.HAL_LTDC_GetState
                0x000000000800b3c0       0x1c Drivers/STM32F7xx_HAL_Driver/Src/stm32f7xx_hal_ltdc.o
                0x000000000800b3c0                HAL_LTDC_GetState
 .text.LTDC_SetConfig
                0x000000000800b3dc      0x340 Drivers/STM32F7xx_HAL_Driver/Src/stm32f7xx_hal_ltdc.o
 .text.HAL_PWREx_EnableOverDrive
                0x000000000800b71c       0xa0 Drivers/STM32F7xx_HAL_Driver/Src/stm32f7xx_hal_pwr_ex.o
                0x000000000800b71c                HAL_PWREx_EnableOverDrive
 .text.HAL_RCC_OscConfig
                0x000000000800b7bc      0x4e0 Drivers/STM32F7xx_HAL_Driver/Src/stm32f7xx_hal_rcc.o
                0x000000000800b7bc                HAL_RCC_OscConfig
 .text.HAL_RCC_ClockConfig
                0x000000000800bc9c      0x1d0 Drivers/STM32F7xx_HAL_Driver/Src/stm32f7xx_hal_rcc.o
                0x000000000800bc9c                HAL_RCC_ClockConfig
 .text.HAL_RCC_GetSysClockFreq
                0x000000000800be6c      0x164 Drivers/STM32F7xx_HAL_Driver/Src/stm32f7xx_hal_rcc.o
                0x000000000800be6c                HAL_RCC_GetSysClockFreq
 .text.HAL_RCC_GetHCLKFreq
                0x000000000800bfd0       0x18 Drivers/STM32F7xx_HAL_Driver/Src/stm32f7xx_hal_rcc.o
                0x000000000800bfd0                HAL_RCC_GetHCLKFreq
 .text.HAL_RCC_GetPCLK1Freq
                0x000000000800bfe8       0x28 Drivers/STM32F7xx_HAL_Driver/Src/stm32f7xx_hal_rcc.o
                0x000000000800bfe8                HAL_RCC_GetPCLK1Freq
 .text.HAL_RCC_GetPCLK2Freq
                0x000000000800c010       0x28 Drivers/STM32F7xx_HAL_Driver/Src/stm32f7xx_hal_rcc.o
                0x000000000800c010                HAL_RCC_GetPCLK2Freq
 .text.HAL_RCCEx_PeriphCLKConfig
                0x000000000800c038      0x7dc Drivers/STM32F7xx_HAL_Driver/Src/stm32f7xx_hal_rcc_ex.o
                0x000000000800c038                HAL_RCCEx_PeriphCLKConfig
 .text.HAL_SDRAM_Init
                0x000000000800c814       0x68 Drivers/STM32F7xx_HAL_Driver/Src/stm32f7xx_hal_sdram.o
                0x000000000800c814                HAL_SDRAM_Init
 .text.HAL_SDRAM_MspInit
                0x000000000800c87c       0x14 Drivers/STM32F7xx_HAL_Driver/Src/stm32f7xx_hal_sdram.o
                0x000000000800c87c                HAL_SDRAM_MspInit
 .text.HAL_SDRAM_SendCommand
                0x000000000800c890       0x56 Drivers/STM32F7xx_HAL_Driver/Src/stm32f7xx_hal_sdram.o
                0x000000000800c890                HAL_SDRAM_SendCommand
 .text.HAL_SDRAM_ProgramRefreshRate
                0x000000000800c8e6       0x40 Drivers/STM32F7xx_HAL_Driver/Src/stm32f7xx_hal_sdram.o
                0x000000000800c8e6                HAL_SDRAM_ProgramRefreshRate
 .text.HAL_SPI_Init
                0x000000000800c926      0x12e Drivers/STM32F7xx_HAL_Driver/Src/stm32f7xx_hal_spi.o
                0x000000000800c926                HAL_SPI_Init
 .text.HAL_SPI_Transmit
                0x000000000800ca54      0x258 Drivers/STM32F7xx_HAL_Driver/Src/stm32f7xx_hal_spi.o
                0x000000000800ca54                HAL_SPI_Transmit
 .text.HAL_SPI_TransmitReceive
                0x000000000800ccac      0x43e Drivers/STM32F7xx_HAL_Driver/Src/stm32f7xx_hal_spi.o
                0x000000000800ccac                HAL_SPI_TransmitReceive
 .text.SPI_WaitFlagStateUntilTimeout
                0x000000000800d0ea       0xcc Drivers/STM32F7xx_HAL_Driver/Src/stm32f7xx_hal_spi.o
 .text.SPI_WaitFifoStateUntilTimeout
                0x000000000800d1b6       0xe8 Drivers/STM32F7xx_HAL_Driver/Src/stm32f7xx_hal_spi.o
 .text.SPI_EndRxTxTransaction
                0x000000000800d29e       0x7e Drivers/STM32F7xx_HAL_Driver/Src/stm32f7xx_hal_spi.o
 .text.HAL_UART_Init
                0x000000000800d31c       0xa2 Drivers/STM32F7xx_HAL_Driver/Src/stm32f7xx_hal_uart.o
                0x000000000800d31c                HAL_UART_Init
 .text.HAL_UART_Receive
                0x000000000800d3be      0x184 Drivers/STM32F7xx_HAL_Driver/Src/stm32f7xx_hal_uart.o
                0x000000000800d3be                HAL_UART_Receive
 .text.UART_WaitOnFlagUntilTimeout
                0x000000000800d542       0x94 Drivers/STM32F7xx_HAL_Driver/Src/stm32f7xx_hal_uart.o
                0x000000000800d542                UART_WaitOnFlagUntilTimeout
 *fill*         0x000000000800d5d6        0x2 
 .text.UART_SetConfig
                0x000000000800d5d8      0x4e0 Drivers/STM32F7xx_HAL_Driver/Src/stm32f7xx_hal_uart.o
                0x000000000800d5d8                UART_SetConfig
 .text.UART_AdvFeatureConfig
                0x000000000800dab8      0x144 Drivers/STM32F7xx_HAL_Driver/Src/stm32f7xx_hal_uart.o
                0x000000000800dab8                UART_AdvFeatureConfig
 .text.UART_CheckIdleState
                0x000000000800dbfc       0x66 Drivers/STM32F7xx_HAL_Driver/Src/stm32f7xx_hal_uart.o
                0x000000000800dbfc                UART_CheckIdleState
 *fill*         0x000000000800dc62        0x2 
 .text.FMC_SDRAM_Init
                0x000000000800dc64       0xe4 Drivers/STM32F7xx_HAL_Driver/Src/stm32f7xx_ll_fmc.o
                0x000000000800dc64                FMC_SDRAM_Init
 .text.FMC_SDRAM_Timing_Init
                0x000000000800dd48      0x100 Drivers/STM32F7xx_HAL_Driver/Src/stm32f7xx_ll_fmc.o
                0x000000000800dd48                FMC_SDRAM_Timing_Init
 .text.FMC_SDRAM_SendCommand
                0x000000000800de48       0x42 Drivers/STM32F7xx_HAL_Driver/Src/stm32f7xx_ll_fmc.o
                0x000000000800de48                FMC_SDRAM_SendCommand
 .text.FMC_SDRAM_ProgramRefreshRate
                0x000000000800de8a       0x26 Drivers/STM32F7xx_HAL_Driver/Src/stm32f7xx_ll_fmc.o
                0x000000000800de8a                FMC_SDRAM_ProgramRefreshRate
 .text._ZN11JPEGDecoderC2Ev
                0x000000000800deb0       0x36 Src/JPEGDecoder.o
                0x000000000800deb0                JPEGDecoder::JPEGDecoder()
                0x000000000800deb0                JPEGDecoder::JPEGDecoder()
 .text._ZN11JPEGDecoderD2Ev
                0x000000000800dee6       0x32 Src/JPEGDecoder.o
                0x000000000800dee6                JPEGDecoder::~JPEGDecoder()
                0x000000000800dee6                JPEGDecoder::~JPEGDecoder()
 .text._ZN11JPEGDecoder14pjpeg_callbackEPhhS0_Pv
                0x000000000800df18       0x34 Src/JPEGDecoder.o
                0x000000000800df18                JPEGDecoder::pjpeg_callback(unsigned char*, unsigned char, unsigned char*, void*)
 .text._ZN11JPEGDecoder25pjpeg_need_bytes_callbackEPhhS0_Pv
                0x000000000800df4c       0x78 Src/JPEGDecoder.o
                0x000000000800df4c                JPEGDecoder::pjpeg_need_bytes_callback(unsigned char*, unsigned char, unsigned char*, void*)
 .text._ZN11JPEGDecoder10decode_mcuEv
                0x000000000800dfc4       0x40 Src/JPEGDecoder.o
                0x000000000800dfc4                JPEGDecoder::decode_mcu()
 .text._ZN11JPEGDecoder4readEv
                0x000000000800e004      0x274 Src/JPEGDecoder.o
                0x000000000800e004                JPEGDecoder::read()
 .text._ZN11JPEGDecoder11decodeArrayEPKhm
                0x000000000800e278       0x36 Src/JPEGDecoder.o
                0x000000000800e278                JPEGDecoder::decodeArray(unsigned char const*, unsigned long)
 *fill*         0x000000000800e2ae        0x2 
 .text._ZN11JPEGDecoder12decodeCommonEv
                0x000000000800e2b0      0x144 Src/JPEGDecoder.o
                0x000000000800e2b0                JPEGDecoder::decodeCommon()
 .text._ZN11JPEGDecoder5abortEv
                0x000000000800e3f4       0x42 Src/JPEGDecoder.o
                0x000000000800e3f4                JPEGDecoder::abort()
 *fill*         0x000000000800e436        0x2 
 .text._Z41__static_initialization_and_destruction_0ii
                0x000000000800e438       0x44 Src/JPEGDecoder.o
 .text._GLOBAL__sub_I_JpegDec
                0x000000000800e47c       0x10 Src/JPEGDecoder.o
 .text._GLOBAL__sub_D_JpegDec
                0x000000000800e48c       0x10 Src/JPEGDecoder.o
 .text._Z10flush_fifov
                0x000000000800e49c       0x10 Src/camera.o
                0x000000000800e49c                flush_fifo()
 .text._Z15clear_fifo_flagv
                0x000000000800e4ac       0x10 Src/camera.o
                0x000000000800e4ac                clear_fifo_flag()
 .text._Z13start_capturev
                0x000000000800e4bc       0x10 Src/camera.o
                0x000000000800e4bc                start_capture()
 .text._Z10initCamerav
                0x000000000800e4cc       0x9c Src/camera.o
                0x000000000800e4cc                initCamera()
 .text._Z20OV2640_set_JPEG_sizeh
                0x000000000800e568       0xb8 Src/camera.o
                0x000000000800e568                OV2640_set_JPEG_size(unsigned char)
 .text._Z16read_fifo_lengthv
                0x000000000800e620       0x4a Src/camera.o
                0x000000000800e620                read_fifo_length()
 *fill*         0x000000000800e66a        0x2 
 .text._Z22DecodeandProcessAndRGBiiPaPti
                0x000000000800e66c      0x330 Src/camera.o
                0x000000000800e66c                DecodeandProcessAndRGB(int, int, signed char*, unsigned short*, int)
 .text._Z12StartCapturev
                0x000000000800e99c       0x22 Src/camera.o
                0x000000000800e99c                StartCapture()
 .text._Z11ReadCapturev
                0x000000000800e9be       0x2c Src/camera.o
                0x000000000800e9be                ReadCapture()
 *fill*         0x000000000800e9ea        0x2 
 .text._Z15read_fifo_burstv
                0x000000000800e9ec       0x98 Src/camera.o
                0x000000000800e9ec                read_fifo_burst()
 .text._Z11camI2CSetupv
                0x000000000800ea84       0x80 Src/camera_i2c.o
                0x000000000800ea84                camI2CSetup()
 .text._Z15camI2CErrorTestv
                0x000000000800eb04       0x48 Src/camera_i2c.o
                0x000000000800eb04                camI2CErrorTest()
 .text._Z14wrSensorReg8_8hh
                0x000000000800eb4c       0x40 Src/camera_i2c.o
                0x000000000800eb4c                wrSensorReg8_8(unsigned char, unsigned char)
 .text._Z15wrSensorRegs8_8PK10sensor_reg
                0x000000000800eb8c       0x5e Src/camera_i2c.o
                0x000000000800eb8c                wrSensorRegs8_8(sensor_reg const*)
 *fill*         0x000000000800ebea        0x2 
 .text._Z14rdSensorReg8_8hPh
                0x000000000800ebec       0x70 Src/camera_i2c.o
                0x000000000800ebec                rdSensorReg8_8(unsigned char, unsigned char*)
 .text._Z11camSPISetupv
                0x000000000800ec5c       0xb4 Src/camera_spi.o
                0x000000000800ec5c                camSPISetup()
 .text._Z15camSPIErrorTestv
                0x000000000800ed10       0x5e Src/camera_spi.o
                0x000000000800ed10                camSPIErrorTest()
 *fill*         0x000000000800ed6e        0x2 
 .text._Z11camSPIResetv
                0x000000000800ed70       0x44 Src/camera_spi.o
                0x000000000800ed70                camSPIReset()
 .text._Z11camWriteReghh
                0x000000000800edb4       0x58 Src/camera_spi.o
                0x000000000800edb4                camWriteReg(unsigned char, unsigned char)
 .text._Z11camTransferh
                0x000000000800ee0c       0x2c Src/camera_spi.o
                0x000000000800ee0c                camTransfer(unsigned char)
 .text._Z12camTransfersPhm
                0x000000000800ee38       0x60 Src/camera_spi.o
                0x000000000800ee38                camTransfers(unsigned char*, unsigned long)
 .text._Z10camReadRegh
                0x000000000800ee98       0x4c Src/camera_spi.o
                0x000000000800ee98                camReadReg(unsigned char)
 .text._Z13camReadRegBithh
                0x000000000800eee4       0x2e Src/camera_spi.o
                0x000000000800eee4                camReadRegBit(unsigned char, unsigned char)
 .text._Z13loadRGB565LCDmmmmPth
                0x000000000800ef12       0xc8 Src/lcd.o
                0x000000000800ef12                loadRGB565LCD(unsigned long, unsigned long, unsigned long, unsigned long, unsigned short*, unsigned char)
 .text._Z17drawRedBackgroundiiii
                0x000000000800efda       0x58 Src/lcd.o
                0x000000000800efda                drawRedBackground(int, int, int, int)
 .text._Z19drawGreenBackgroundiiii
                0x000000000800f032       0x58 Src/lcd.o
                0x000000000800f032                drawGreenBackground(int, int, int, int)
 .text._Z18drawBlueBackgroundiiii
                0x000000000800f08a       0x58 Src/lcd.o
                0x000000000800f08a                drawBlueBackground(int, int, int, int)
 .text._Z19drawBlackBackgroundiiii
                0x000000000800f0e2       0x56 Src/lcd.o
                0x000000000800f0e2                drawBlackBackground(int, int, int, int)
 .text._Z13displaystringPcii
                0x000000000800f138       0x24 Src/lcd.o
                0x000000000800f138                displaystring(char*, int, int)
 .text._Z14detectResponseifiii
                0x000000000800f15c      0x2cc Src/lcd.o
                0x000000000800f15c                detectResponse(int, float, int, int, int)
 .text._Z8lcdsetupv
                0x000000000800f428       0x90 Src/lcd.o
                0x000000000800f428                lcdsetup()
 .text._Z11recieveCharPc
                0x000000000800f4b8       0x80 Src/main.o
                0x000000000800f4b8                recieveChar(char*)
 .text._Z5traini
                0x000000000800f538       0x54 Src/main.o
                0x000000000800f538                train(int)
 .text._Z27invoke_new_weights_givenimgPa
                0x000000000800f58c       0x3e Src/main.o
                0x000000000800f58c                invoke_new_weights_givenimg(signed char*)
 *fill*         0x000000000800f5ca        0x2 
 .text.main     0x000000000800f5cc      0x52c Src/main.o
                0x000000000800f5cc                main
 .text._ZL18SystemClock_Configv
                0x000000000800faf8       0x9a Src/main.o
 *fill*         0x000000000800fb92        0x2 
 .text._ZL16CPU_CACHE_Enablev
                0x000000000800fb94       0xec Src/main.o
 .text._ZL12MX_GPIO_Initv
                0x000000000800fc80      0x4c4 Src/main.o
 .text.replicateSignBit16
                0x0000000008010144       0xd4 Src/picojpeg.o
 .text.arithmeticRightShiftN16
                0x0000000008010218       0x44 Src/picojpeg.o
 .text.arithmeticRightShift8L
                0x000000000801025c       0x2a Src/picojpeg.o
 *fill*         0x0000000008010286        0x2 
 .text.fillInBuf
                0x0000000008010288       0x60 Src/picojpeg.o
 .text.getChar  0x00000000080102e8       0x68 Src/picojpeg.o
 .text.stuffChar
                0x0000000008010350       0x48 Src/picojpeg.o
 .text.getOctet
                0x0000000008010398       0x44 Src/picojpeg.o
 .text.getBits  0x00000000080103dc      0x124 Src/picojpeg.o
 .text.getBits1
                0x0000000008010500       0x1e Src/picojpeg.o
 .text.getBits2
                0x000000000801051e       0x1e Src/picojpeg.o
 .text.getBit   0x000000000801053c       0x6c Src/picojpeg.o
 .text.getExtendTest
                0x00000000080105a8       0xb4 Src/picojpeg.o
 .text.getExtendOffset
                0x000000000801065c       0xd0 Src/picojpeg.o
 .text.huffExtend
                0x000000000801072c       0x44 Src/picojpeg.o
 .text.huffDecode
                0x0000000008010770       0x90 Src/picojpeg.o
 .text.huffCreate
                0x0000000008010800       0xae Src/picojpeg.o
 *fill*         0x00000000080108ae        0x2 
 .text.getHuffTable
                0x00000000080108b0       0x58 Src/picojpeg.o
 .text.getHuffVal
                0x0000000008010908       0x58 Src/picojpeg.o
 .text.getMaxHuffCodes
                0x0000000008010960       0x22 Src/picojpeg.o
 *fill*         0x0000000008010982        0x2 
 .text.readDHTMarker
                0x0000000008010984      0x168 Src/picojpeg.o
 .text.readDQTMarker
                0x0000000008010aec      0x108 Src/picojpeg.o
 .text.readSOFMarker
                0x0000000008010bf4      0x12c Src/picojpeg.o
 .text.skipVariableMarker
                0x0000000008010d20       0x3e Src/picojpeg.o
 *fill*         0x0000000008010d5e        0x2 
 .text.readDRIMarker
                0x0000000008010d60       0x2c Src/picojpeg.o
 .text.readSOSMarker
                0x0000000008010d8c      0x130 Src/picojpeg.o
 .text.nextMarker
                0x0000000008010ebc       0x40 Src/picojpeg.o
 .text.processMarkers
                0x0000000008010efc       0x86 Src/picojpeg.o
 *fill*         0x0000000008010f82        0x2 
 .text.locateSOIMarker
                0x0000000008010f84       0x88 Src/picojpeg.o
 .text.locateSOFMarker
                0x000000000801100c       0x68 Src/picojpeg.o
 .text.locateSOSMarker
                0x0000000008011074       0x4e Src/picojpeg.o
 *fill*         0x00000000080110c2        0x2 
 .text.init     0x00000000080110c4       0x90 Src/picojpeg.o
 .text.fixInBuffer
                0x0000000008011154       0x48 Src/picojpeg.o
 .text.processRestart
                0x000000000801119c       0xcc Src/picojpeg.o
 .text.checkHuffTables
                0x0000000008011268       0x88 Src/picojpeg.o
 .text.checkQuantTables
                0x00000000080112f0       0x64 Src/picojpeg.o
 .text.initScan
                0x0000000008011354       0x90 Src/picojpeg.o
 .text.initFrame
                0x00000000080113e4      0x224 Src/picojpeg.o
 .text.createWinogradQuant
                0x0000000008011608       0x5c Src/picojpeg.o
 .text.imul_b1_b3
                0x0000000008011664       0x30 Src/picojpeg.o
 .text.imul_b2  0x0000000008011694       0x30 Src/picojpeg.o
 .text.imul_b4  0x00000000080116c4       0x30 Src/picojpeg.o
 .text.imul_b5  0x00000000080116f4       0x2e Src/picojpeg.o
 .text.clamp    0x0000000008011722       0x38 Src/picojpeg.o
 *fill*         0x000000000801175a        0x2 
 .text.idctRows
                0x000000000801175c      0x288 Src/picojpeg.o
 .text.idctCols
                0x00000000080119e4      0x3d8 Src/picojpeg.o
 .text.addAndClamp
                0x0000000008011dbc       0x4a Src/picojpeg.o
 .text.subAndClamp
                0x0000000008011e06       0x4a Src/picojpeg.o
 .text.upsampleCb
                0x0000000008011e50      0x190 Src/picojpeg.o
 .text.upsampleCbH
                0x0000000008011fe0      0x110 Src/picojpeg.o
 .text.upsampleCbV
                0x00000000080120f0      0x11c Src/picojpeg.o
 .text.upsampleCr
                0x000000000801220c      0x190 Src/picojpeg.o
 .text.upsampleCrH
                0x000000000801239c      0x110 Src/picojpeg.o
 .text.upsampleCrV
                0x00000000080124ac      0x11c Src/picojpeg.o
 .text.copyY    0x00000000080125c8       0x80 Src/picojpeg.o
 .text.convertCb
                0x0000000008012648       0xb8 Src/picojpeg.o
 .text.convertCr
                0x0000000008012700       0xb8 Src/picojpeg.o
 .text.transformBlock
                0x00000000080127b8      0x1b4 Src/picojpeg.o
 .text.transformBlockReduce
                0x000000000801296c      0x70c Src/picojpeg.o
 .text.decodeNextMCU
                0x0000000008013078      0x358 Src/picojpeg.o
 .text.pjpeg_decode_mcu
                0x00000000080133d0       0x68 Src/picojpeg.o
                0x00000000080133d0                pjpeg_decode_mcu
 .text.pjpeg_decode_init
                0x0000000008013438      0x1b0 Src/picojpeg.o
                0x0000000008013438                pjpeg_decode_init
 .text.Reset_Handler
                0x00000000080135e8       0x50 Src/startup_stm32f746xx.o
                0x00000000080135e8                Reset_Handler
 .text.Default_Handler
                0x0000000008013638        0x2 Src/startup_stm32f746xx.o
                0x0000000008013638                RTC_Alarm_IRQHandler
                0x0000000008013638                EXTI2_IRQHandler
                0x0000000008013638                TIM8_CC_IRQHandler
                0x0000000008013638                UART8_IRQHandler
                0x0000000008013638                SPI4_IRQHandler
                0x0000000008013638                TIM1_CC_IRQHandler
                0x0000000008013638                DMA2_Stream5_IRQHandler
                0x0000000008013638                DMA1_Stream5_IRQHandler
                0x0000000008013638                PVD_IRQHandler
                0x0000000008013638                TAMP_STAMP_IRQHandler
                0x0000000008013638                CAN2_RX1_IRQHandler
                0x0000000008013638                EXTI3_IRQHandler
                0x0000000008013638                TIM8_TRG_COM_TIM14_IRQHandler
                0x0000000008013638                TIM1_UP_TIM10_IRQHandler
                0x0000000008013638                TIM8_UP_TIM13_IRQHandler
                0x0000000008013638                I2C3_ER_IRQHandler
                0x0000000008013638                EXTI0_IRQHandler
                0x0000000008013638                I2C2_EV_IRQHandler
                0x0000000008013638                DMA1_Stream2_IRQHandler
                0x0000000008013638                CAN1_RX0_IRQHandler
                0x0000000008013638                FPU_IRQHandler
                0x0000000008013638                OTG_HS_WKUP_IRQHandler
                0x0000000008013638                LTDC_ER_IRQHandler
                0x0000000008013638                CAN2_SCE_IRQHandler
                0x0000000008013638                DMA2_Stream2_IRQHandler
                0x0000000008013638                SPI1_IRQHandler
                0x0000000008013638                TIM6_DAC_IRQHandler
                0x0000000008013638                TIM1_BRK_TIM9_IRQHandler
                0x0000000008013638                DCMI_IRQHandler
                0x0000000008013638                CAN2_RX0_IRQHandler
                0x0000000008013638                DMA2_Stream3_IRQHandler
                0x0000000008013638                SAI2_IRQHandler
                0x0000000008013638                USART6_IRQHandler
                0x0000000008013638                USART3_IRQHandler
                0x0000000008013638                CAN1_RX1_IRQHandler
                0x0000000008013638                UART5_IRQHandler
                0x0000000008013638                DMA2_Stream0_IRQHandler
                0x0000000008013638                TIM4_IRQHandler
                0x0000000008013638                QUADSPI_IRQHandler
                0x0000000008013638                I2C1_EV_IRQHandler
                0x0000000008013638                DMA1_Stream6_IRQHandler
                0x0000000008013638                DMA1_Stream1_IRQHandler
                0x0000000008013638                UART4_IRQHandler
                0x0000000008013638                TIM3_IRQHandler
                0x0000000008013638                RCC_IRQHandler
                0x0000000008013638                TIM8_BRK_TIM12_IRQHandler
                0x0000000008013638                Default_Handler
                0x0000000008013638                CEC_IRQHandler
                0x0000000008013638                EXTI15_10_IRQHandler
                0x0000000008013638                ADC_IRQHandler
                0x0000000008013638                DMA1_Stream7_IRQHandler
                0x0000000008013638                SPI5_IRQHandler
                0x0000000008013638                TIM7_IRQHandler
                0x0000000008013638                SDMMC1_IRQHandler
                0x0000000008013638                CAN2_TX_IRQHandler
                0x0000000008013638                TIM5_IRQHandler
                0x0000000008013638                DMA2_Stream7_IRQHandler
                0x0000000008013638                I2C3_EV_IRQHandler
                0x0000000008013638                EXTI9_5_IRQHandler
                0x0000000008013638                RTC_WKUP_IRQHandler
                0x0000000008013638                LTDC_IRQHandler
                0x0000000008013638                ETH_WKUP_IRQHandler
                0x0000000008013638                SPDIF_RX_IRQHandler
                0x0000000008013638                SPI2_IRQHandler
                0x0000000008013638                OTG_HS_EP1_IN_IRQHandler
                0x0000000008013638                DMA1_Stream0_IRQHandler
                0x0000000008013638                CAN1_TX_IRQHandler
                0x0000000008013638                EXTI4_IRQHandler
                0x0000000008013638                RNG_IRQHandler
                0x0000000008013638                ETH_IRQHandler
                0x0000000008013638                OTG_HS_EP1_OUT_IRQHandler
                0x0000000008013638                WWDG_IRQHandler
                0x0000000008013638                SPI6_IRQHandler
                0x0000000008013638                I2C4_EV_IRQHandler
                0x0000000008013638                TIM2_IRQHandler
                0x0000000008013638                OTG_FS_WKUP_IRQHandler
                0x0000000008013638                TIM1_TRG_COM_TIM11_IRQHandler
                0x0000000008013638                OTG_HS_IRQHandler
                0x0000000008013638                DMA2D_IRQHandler
                0x0000000008013638                EXTI1_IRQHandler
                0x0000000008013638                UART7_IRQHandler
                0x0000000008013638                USART2_IRQHandler
                0x0000000008013638                I2C2_ER_IRQHandler
                0x0000000008013638                DMA2_Stream1_IRQHandler
                0x0000000008013638                CAN1_SCE_IRQHandler
                0x0000000008013638                FLASH_IRQHandler
                0x0000000008013638                DMA2_Stream4_IRQHandler
                0x0000000008013638                USART1_IRQHandler
                0x0000000008013638                OTG_FS_IRQHandler
                0x0000000008013638                SPI3_IRQHandler
                0x0000000008013638                DMA1_Stream4_IRQHandler
                0x0000000008013638                I2C1_ER_IRQHandler
                0x0000000008013638                FMC_IRQHandler
                0x0000000008013638                LPTIM1_IRQHandler
                0x0000000008013638                I2C4_ER_IRQHandler
                0x0000000008013638                DMA2_Stream6_IRQHandler
                0x0000000008013638                SAI1_IRQHandler
                0x0000000008013638                DMA1_Stream3_IRQHandler
 *fill*         0x000000000801363a        0x2 
 .text.HAL_I2C_MspInit
                0x000000000801363c       0xbc Src/stm32f7xx_hal_msp.o
                0x000000000801363c                HAL_I2C_MspInit
 .text.HAL_SPI_MspInit
                0x00000000080136f8       0xd8 Src/stm32f7xx_hal_msp.o
                0x00000000080136f8                HAL_SPI_MspInit
 .text.HAL_UART_MspInit
                0x00000000080137d0      0x128 Src/stm32f7xx_hal_msp.o
                0x00000000080137d0                HAL_UART_MspInit
 .text.HAL_LTDC_MspInit
                0x00000000080138f8      0x180 Src/stm32f7xx_hal_msp.o
                0x00000000080138f8                HAL_LTDC_MspInit
 .text.NMI_Handler
                0x0000000008013a78        0xe Src/stm32f7xx_it.o
                0x0000000008013a78                NMI_Handler
 .text.HardFault_Handler
                0x0000000008013a86        0x6 Src/stm32f7xx_it.o
                0x0000000008013a86                HardFault_Handler
 .text.MemManage_Handler
                0x0000000008013a8c        0x6 Src/stm32f7xx_it.o
                0x0000000008013a8c                MemManage_Handler
 .text.BusFault_Handler
                0x0000000008013a92        0x6 Src/stm32f7xx_it.o
                0x0000000008013a92                BusFault_Handler
 .text.UsageFault_Handler
                0x0000000008013a98        0x6 Src/stm32f7xx_it.o
                0x0000000008013a98                UsageFault_Handler
 .text.SVC_Handler
                0x0000000008013a9e        0xe Src/stm32f7xx_it.o
                0x0000000008013a9e                SVC_Handler
 .text.DebugMon_Handler
                0x0000000008013aac        0xe Src/stm32f7xx_it.o
                0x0000000008013aac                DebugMon_Handler
 .text.PendSV_Handler
                0x0000000008013aba        0xe Src/stm32f7xx_it.o
                0x0000000008013aba                PendSV_Handler
 .text.SysTick_Handler
                0x0000000008013ac8        0xc Src/stm32f7xx_it.o
                0x0000000008013ac8                SysTick_Handler
 .text.SystemInit
                0x0000000008013ad4       0x6c Src/system_stm32f7xx.o
                0x0000000008013ad4                SystemInit
 .text.depthwise_kernel3x3_stride1_inplace_CHW_fpreq
                0x0000000008013b40      0x168 Src/TinyEngine/codegen/Source/depthwise_kernel3x3_stride1_inplace_CHW_fpreq.o
                0x0000000008013b40                depthwise_kernel3x3_stride1_inplace_CHW_fpreq
 .text.depthwise_kernel3x3_stride1_inplace_kernel_CHW_fpreq
                0x0000000008013ca8      0x4c6 Src/TinyEngine/codegen/Source/depthwise_kernel3x3_stride1_inplace_CHW_fpreq.o
                0x0000000008013ca8                depthwise_kernel3x3_stride1_inplace_kernel_CHW_fpreq
 .text.depthwise_kernel3x3_stride1_inplace_CHW_fpreq_bitmask
                0x000000000801416e      0x18c Src/TinyEngine/codegen/Source/depthwise_kernel3x3_stride1_inplace_CHW_fpreq_bitmask.o
                0x000000000801416e                depthwise_kernel3x3_stride1_inplace_CHW_fpreq_bitmask
 .text.depthwise_kernel3x3_stride1_inplace_kernel_CHW_fpreq_bitmask
                0x00000000080142fa      0x7f8 Src/TinyEngine/codegen/Source/depthwise_kernel3x3_stride1_inplace_CHW_fpreq_bitmask.o
                0x00000000080142fa                depthwise_kernel3x3_stride1_inplace_kernel_CHW_fpreq_bitmask
 .text.depthwise_kernel3x3_stride2_inplace_CHW_fpreq
                0x0000000008014af2      0x168 Src/TinyEngine/codegen/Source/depthwise_kernel3x3_stride2_inplace_CHW_fpreq.o
                0x0000000008014af2                depthwise_kernel3x3_stride2_inplace_CHW_fpreq
 .text.depthwise_kernel3x3_stride2_inplace_kernel_CHW_fpreq
                0x0000000008014c5a      0x4e2 Src/TinyEngine/codegen/Source/depthwise_kernel3x3_stride2_inplace_CHW_fpreq.o
                0x0000000008014c5a                depthwise_kernel3x3_stride2_inplace_kernel_CHW_fpreq
 .text.depthwise_kernel5x5_stride1_inplace_CHW_fpreq_bitmask
                0x000000000801513c      0x1b6 Src/TinyEngine/codegen/Source/depthwise_kernel5x5_stride1_inplace_CHW_fpreq_bitmask.o
                0x000000000801513c                depthwise_kernel5x5_stride1_inplace_CHW_fpreq_bitmask
 .text.depthwise_kernel5x5_stride1_inplace_kernel_CHW_fpreq_bitmask
                0x00000000080152f2      0xd64 Src/TinyEngine/codegen/Source/depthwise_kernel5x5_stride1_inplace_CHW_fpreq_bitmask.o
                0x00000000080152f2                depthwise_kernel5x5_stride1_inplace_kernel_CHW_fpreq_bitmask
 .text.depthwise_kernel7x7_stride1_inplace_CHW_fpreq
                0x0000000008016056      0x1be Src/TinyEngine/codegen/Source/depthwise_kernel7x7_stride1_inplace_CHW_fpreq.o
                0x0000000008016056                depthwise_kernel7x7_stride1_inplace_CHW_fpreq
 .text.depthwise_kernel7x7_stride1_inplace_kernel_CHW_fpreq
                0x0000000008016214     0x123a Src/TinyEngine/codegen/Source/depthwise_kernel7x7_stride1_inplace_CHW_fpreq.o
                0x0000000008016214                depthwise_kernel7x7_stride1_inplace_kernel_CHW_fpreq
 .text.depthwise_kernel7x7_stride2_inplace_CHW_fpreq
                0x000000000801744e      0x1be Src/TinyEngine/codegen/Source/depthwise_kernel7x7_stride2_inplace_CHW_fpreq.o
                0x000000000801744e                depthwise_kernel7x7_stride2_inplace_CHW_fpreq
 .text.depthwise_kernel7x7_stride2_inplace_kernel_CHW_fpreq
                0x000000000801760c     0x1256 Src/TinyEngine/codegen/Source/depthwise_kernel7x7_stride2_inplace_CHW_fpreq.o
                0x000000000801760c                depthwise_kernel7x7_stride2_inplace_kernel_CHW_fpreq
 .text.depthwise_kernel7x7_stride2_inplace_CHW_fpreq_bitmask
                0x0000000008018862      0x1e2 Src/TinyEngine/codegen/Source/depthwise_kernel7x7_stride2_inplace_CHW_fpreq_bitmask.o
                0x0000000008018862                depthwise_kernel7x7_stride2_inplace_CHW_fpreq_bitmask
 .text.depthwise_kernel7x7_stride2_inplace_kernel_CHW_fpreq_bitmask
                0x0000000008018a44     0x158c Src/TinyEngine/codegen/Source/depthwise_kernel7x7_stride2_inplace_CHW_fpreq_bitmask.o
                0x0000000008018a44                depthwise_kernel7x7_stride2_inplace_kernel_CHW_fpreq_bitmask
 .text.getInput
                0x0000000008019fd0       0x1c Src/TinyEngine/codegen/Source/genModel.o
                0x0000000008019fd0                getInput
 .text.getOutput
                0x0000000008019fec       0x1c Src/TinyEngine/codegen/Source/genModel.o
                0x0000000008019fec                getOutput
 .text.invoke   0x000000000801a008     0x4e74 Src/TinyEngine/codegen/Source/genModel.o
                0x000000000801a008                invoke
 .text.invoke_inf
                0x000000000801ee7c     0x13c0 Src/TinyEngine/codegen/Source/genModel.o
                0x000000000801ee7c                invoke_inf
 .text.group_mac_kernel8_4row_fp_uniweight_reuse_output_input
                0x000000000802023c     0x2072 Src/TinyEngine/src/kernels/fp_backward_op/group_conv_fp_kernel8_stride1_pad0.o
 .text.assign_sum_to_group_output_4row16col
                0x00000000080222ae     0x258e Src/TinyEngine/src/kernels/fp_backward_op/group_conv_fp_kernel8_stride1_pad0.o
 .text.group_conv_fp_kernel8_stride1_pad0_in8x8_out1x1_uniweight_4row16col_inplace
                0x000000000802483c      0xe04 Src/TinyEngine/src/kernels/fp_backward_op/group_conv_fp_kernel8_stride1_pad0.o
                0x000000000802483c                group_conv_fp_kernel8_stride1_pad0_in8x8_out1x1_uniweight_4row16col_inplace
 .text.group_pointwise_conv_fp_in1x1_out1x1_1row10col_uniweight_int8input_inplace
                0x0000000008025640      0x9dc Src/TinyEngine/src/kernels/fp_backward_op/group_pointwise_conv_fp.o
                0x0000000008025640                group_pointwise_conv_fp_in1x1_out1x1_1row10col_uniweight_int8input_inplace
 .text.LogSoftmax
                0x000000000802601c      0x198 Src/TinyEngine/src/kernels/fp_backward_op/log_softmax_fp.o
                0x000000000802601c                LogSoftmax
 .text.mul      0x00000000080261b4       0x5a Src/TinyEngine/src/kernels/fp_backward_op/mul_fp.o
                0x00000000080261b4                mul
 .text.nll_loss
                0x000000000802620e       0x66 Src/TinyEngine/src/kernels/fp_backward_op/nll_loss_fp.o
                0x000000000802620e                nll_loss
 .text.mac_1row_10col_fp_IOHW_forint8w
                0x0000000008026274      0x192 Src/TinyEngine/src/kernels/fp_backward_op/pointwise_conv_fp.o
 .text.mac_4row_4col_fp_IOHW_forint8w
                0x0000000008026406      0x252 Src/TinyEngine/src/kernels/fp_backward_op/pointwise_conv_fp.o
 .text.mac_1row_4col_fp_IOHW_forint8w
                0x0000000008026658       0xae Src/TinyEngine/src/kernels/fp_backward_op/pointwise_conv_fp.o
 .text.assign_sum_to_pointwise_output_4row8col
                0x0000000008026706      0xd5e Src/TinyEngine/src/kernels/fp_backward_op/pointwise_conv_fp.o
 .text.assign_sum_to_pointwise_output_1row8col
                0x0000000008027464      0x36a Src/TinyEngine/src/kernels/fp_backward_op/pointwise_conv_fp.o
 .text.assign_sum_to_pointwise_output_4row4col
                0x00000000080277ce      0x6be Src/TinyEngine/src/kernels/fp_backward_op/pointwise_conv_fp.o
 .text.assign_sum_to_pointwise_output_1row4col
                0x0000000008027e8c      0x1c2 Src/TinyEngine/src/kernels/fp_backward_op/pointwise_conv_fp.o
 .text.pointwise_conv_fp_1row10col_10inputdepth_IOHW_int8weight
                0x000000000802804e      0xd76 Src/TinyEngine/src/kernels/fp_backward_op/pointwise_conv_fp.o
                0x000000000802804e                pointwise_conv_fp_1row10col_10inputdepth_IOHW_int8weight
 .text.pointwise_conv_fp_4row4col_IOHW_int8weight
                0x0000000008028dc4      0xce0 Src/TinyEngine/src/kernels/fp_backward_op/pointwise_conv_fp.o
                0x0000000008028dc4                pointwise_conv_fp_4row4col_IOHW_int8weight
 .text.pointwise_conv_fp_4row4col_IOHW_int8weight_partialCH_8innercol
                0x0000000008029aa4     0x17a6 Src/TinyEngine/src/kernels/fp_backward_op/pointwise_conv_fp.o
                0x0000000008029aa4                pointwise_conv_fp_4row4col_IOHW_int8weight_partialCH_8innercol
 .text.pointwise_conv_fp_4row4col_IOHW_int8weight_partialCH_4innercol
                0x000000000802b24a      0xe4c Src/TinyEngine/src/kernels/fp_backward_op/pointwise_conv_fp.o
                0x000000000802b24a                pointwise_conv_fp_4row4col_IOHW_int8weight_partialCH_4innercol
 .text.strided_slice_4Dto4D
                0x000000000802c096      0x10a Src/TinyEngine/src/kernels/fp_backward_op/strided_slice_4Dto4D_fp.o
                0x000000000802c096                strided_slice_4Dto4D
 .text.sub      0x000000000802c1a0       0x5a Src/TinyEngine/src/kernels/fp_backward_op/sub_fp.o
                0x000000000802c1a0                sub
 .text.sum_3D   0x000000000802c1fa      0x1c4 Src/TinyEngine/src/kernels/fp_backward_op/sum_3D_fp.o
                0x000000000802c1fa                sum_3D
 .text.sum_4D_exclude
                0x000000000802c3be      0x2a6 Src/TinyEngine/src/kernels/fp_backward_op/sum_4D_exclude_fp.o
                0x000000000802c3be                sum_4D_exclude
 .text.transpose_depthwise_mac_kernel3_2row_fp_uniweight
                0x000000000802c664      0x2d4 Src/TinyEngine/src/kernels/fp_backward_op/transpose_depthwise_conv_fp_kernel3_stride1_inpad1_outpad0.o
 .text.transpose_depthwise_mac_kernel3_1row_fp_uniweight
                0x000000000802c938      0x192 Src/TinyEngine/src/kernels/fp_backward_op/transpose_depthwise_conv_fp_kernel3_stride1_inpad1_outpad0.o
 .text.transpose_depthwise_conv_fp_kernel3_stride1_inpad1_outpad0_IOHW_int8weight
                0x000000000802caca      0x37a Src/TinyEngine/src/kernels/fp_backward_op/transpose_depthwise_conv_fp_kernel3_stride1_inpad1_outpad0.o
                0x000000000802caca                transpose_depthwise_conv_fp_kernel3_stride1_inpad1_outpad0_IOHW_int8weight
 .text.transpose_depthwise_mac_kernel5_2row_fp_uniweight
                0x000000000802ce44      0x78c Src/TinyEngine/src/kernels/fp_backward_op/transpose_depthwise_conv_fp_kernel5_stride1_inpad2_outpad0.o
 .text.transpose_depthwise_mac_kernel5_1row_fp_uniweight
                0x000000000802d5d0      0x40a Src/TinyEngine/src/kernels/fp_backward_op/transpose_depthwise_conv_fp_kernel5_stride1_inpad2_outpad0.o
 .text.transpose_depthwise_conv_fp_kernel5_stride1_inpad2_outpad0_IOHW_int8weight
                0x000000000802d9da      0x496 Src/TinyEngine/src/kernels/fp_backward_op/transpose_depthwise_conv_fp_kernel5_stride1_inpad2_outpad0.o
                0x000000000802d9da                transpose_depthwise_conv_fp_kernel5_stride1_inpad2_outpad0_IOHW_int8weight
 .text.transpose_depthwise_mac_kernel7_2row_fp_uniweight
                0x000000000802de70      0xe84 Src/TinyEngine/src/kernels/fp_backward_op/transpose_depthwise_conv_fp_kernel7_stride2_inpad3_outpad1.o
 .text.transpose_depthwise_mac_kernel7_1row_fp_uniweight
                0x000000000802ecf4      0x7a2 Src/TinyEngine/src/kernels/fp_backward_op/transpose_depthwise_conv_fp_kernel7_stride2_inpad3_outpad1.o
 .text.transpose_depthwise_conv_fp_kernel7_stride2_inpad3_outpad1_IOHW_int8weight
                0x000000000802f496      0x5ca Src/TinyEngine/src/kernels/fp_backward_op/transpose_depthwise_conv_fp_kernel7_stride2_inpad3_outpad1.o
                0x000000000802f496                transpose_depthwise_conv_fp_kernel7_stride2_inpad3_outpad1_IOHW_int8weight
 .text.tte_exp  0x000000000802fa60       0x5c Src/TinyEngine/src/kernels/fp_backward_op/tte_exp_fp.o
                0x000000000802fa60                tte_exp
 .text.where_zeros_inplace_bit
                0x000000000802fabc       0xb6 Src/TinyEngine/src/kernels/fp_backward_op/where_fp.o
                0x000000000802fabc                where_zeros_inplace_bit
 .text.add_fpreq
                0x000000000802fb72       0xf4 Src/TinyEngine/src/kernels/fp_requantize_op/add_fpreq.o
                0x000000000802fb72                add_fpreq
 .text.add_fpreq_bitmask
                0x000000000802fc66      0x1ba Src/TinyEngine/src/kernels/fp_requantize_op/add_fpreq.o
                0x000000000802fc66                add_fpreq_bitmask
 .text.convolve_1x1_s8_ch16_fpreq
                0x000000000802fe20      0x8a0 Src/TinyEngine/src/kernels/fp_requantize_op/convolve_1x1_s8_ch16_fpreq.o
                0x000000000802fe20                convolve_1x1_s8_ch16_fpreq
 .text.convolve_1x1_s8_ch24_fpreq
                0x00000000080306c0      0x8a0 Src/TinyEngine/src/kernels/fp_requantize_op/convolve_1x1_s8_ch24_fpreq.o
                0x00000000080306c0                convolve_1x1_s8_ch24_fpreq
 .text.convolve_1x1_s8_ch48_fpreq
                0x0000000008030f60      0x8a0 Src/TinyEngine/src/kernels/fp_requantize_op/convolve_1x1_s8_ch48_fpreq.o
                0x0000000008030f60                convolve_1x1_s8_ch48_fpreq
 .text.convolve_1x1_s8_ch8_fpreq
                0x0000000008031800      0x8a0 Src/TinyEngine/src/kernels/fp_requantize_op/convolve_1x1_s8_ch8_fpreq.o
                0x0000000008031800                convolve_1x1_s8_ch8_fpreq
 .text.convolve_1x1_s8_fpreq
                0x00000000080320a0      0x8c2 Src/TinyEngine/src/kernels/fp_requantize_op/convolve_1x1_s8_fpreq.o
                0x00000000080320a0                convolve_1x1_s8_fpreq
 .text.convolve_1x1_s8_fpreq_bitmask
                0x0000000008032962      0x9dc Src/TinyEngine/src/kernels/fp_requantize_op/convolve_1x1_s8_fpreq_mask.o
                0x0000000008032962                convolve_1x1_s8_fpreq_bitmask
 .text.convolve_1x1_s8_fpreq_bitmask_partialCH
                0x000000000803333e     0x1152 Src/TinyEngine/src/kernels/fp_requantize_op/convolve_1x1_s8_fpreq_mask_partialCH.o
                0x000000000803333e                convolve_1x1_s8_fpreq_bitmask_partialCH
 .text.convolve_s8_kernel3_inputch3_stride2_pad1_fpreq
                0x0000000008034490     0x3f18 Src/TinyEngine/src/kernels/fp_requantize_op/convolve_s8_kernel3_inputch3_stride2_pad1_fpreq.o
                0x0000000008034490                convolve_s8_kernel3_inputch3_stride2_pad1_fpreq
 .text.mat_mult_kernel_s8_s16_reordered_ch48_fpreq
                0x00000000080383a8     0x3eca Src/TinyEngine/src/kernels/fp_requantize_op/mat_mul_kernels_fpreq.o
                0x00000000080383a8                mat_mult_kernel_s8_s16_reordered_ch48_fpreq
 .text.mat_mult_kernel_s8_s16_reordered_ch16_fpreq
                0x000000000803c272     0x162a Src/TinyEngine/src/kernels/fp_requantize_op/mat_mul_kernels_fpreq.o
                0x000000000803c272                mat_mult_kernel_s8_s16_reordered_ch16_fpreq
 .text.mat_mult_kernel_s8_s16_reordered_ch24_fpreq
                0x000000000803d89c     0x2088 Src/TinyEngine/src/kernels/fp_requantize_op/mat_mul_kernels_fpreq.o
                0x000000000803d89c                mat_mult_kernel_s8_s16_reordered_ch24_fpreq
 .text.mat_mult_kernel_s8_s16_reordered_fpreq
                0x000000000803f924      0xb36 Src/TinyEngine/src/kernels/fp_requantize_op/mat_mul_kernels_fpreq.o
                0x000000000803f924                mat_mult_kernel_s8_s16_reordered_fpreq
 .text.mat_mult_kernel_s8_s16_reordered_fpreq_bitmask
                0x000000000804045a      0xa3a Src/TinyEngine/src/kernels/fp_requantize_op/mat_mul_kernels_fpreq.o
                0x000000000804045a                mat_mult_kernel_s8_s16_reordered_fpreq_bitmask
 .text.mat_mult_kernel_s8_s16_reordered_fpreq_bitmask_partialCH
                0x0000000008040e94      0xfb4 Src/TinyEngine/src/kernels/fp_requantize_op/mat_mul_kernels_fpreq.o
                0x0000000008040e94                mat_mult_kernel_s8_s16_reordered_fpreq_bitmask_partialCH
 .text.mat_mult_kernel_s8_s16_reordered_fpreq_bitmask_partialCH_Multiple2
                0x0000000008041e48      0x762 Src/TinyEngine/src/kernels/fp_requantize_op/mat_mul_kernels_fpreq.o
                0x0000000008041e48                mat_mult_kernel_s8_s16_reordered_fpreq_bitmask_partialCH_Multiple2
 .text.mat_mult_kernel3_input3_s8_s16_fpreq
                0x00000000080425aa     0x1756 Src/TinyEngine/src/kernels/fp_requantize_op/mat_mul_kernels_fpreq.o
                0x00000000080425aa                mat_mult_kernel3_input3_s8_s16_fpreq
 .text.avg_pooling
                0x0000000008043d00      0x162 Src/TinyEngine/src/kernels/int_forward_op/avgpooling.o
                0x0000000008043d00                avg_pooling
 .text.ITM_SendChar
                0x0000000008043e62       0x4e Src/sys/_io.o
 .text.ITM_ReceiveChar
                0x0000000008043eb0       0x38 Src/sys/_io.o
 .text.__io_putchar
                0x0000000008043ee8       0x1a Src/sys/_io.o
                0x0000000008043ee8                __io_putchar
 .text.__io_getchar
                0x0000000008043f02        0xe Src/sys/_io.o
                0x0000000008043f02                __io_getchar
 .text._write   0x0000000008043f10       0x38 Src/sys/stubs.o
                0x0000000008043f10                _write
 .text._read    0x0000000008043f48       0x3a Src/sys/stubs.o
                0x0000000008043f48                _read
 .text._close   0x0000000008043f82       0x18 Src/sys/stubs.o
                0x0000000008043f82                _close
 .text._fstat   0x0000000008043f9a       0x1a Src/sys/stubs.o
                0x0000000008043f9a                _fstat
 .text._isatty  0x0000000008043fb4       0x18 Src/sys/stubs.o
                0x0000000008043fb4                _isatty
 .text._lseek   0x0000000008043fcc       0x1c Src/sys/stubs.o
                0x0000000008043fcc                _lseek
 .text._exit    0x0000000008043fe8       0x14 Src/sys/stubs.o
                0x0000000008043fe8                _exit
 .text._ZdaPv   0x0000000008043ffc        0x4 /opt/st/stm32cubeide_1.5.0/plugins/com.st.stm32cube.ide.mcu.externaltools.gnu-tools-for-stm32.7-2018-q2-update.linux64_1.5.0.202011040924/tools/bin/../lib/gcc/arm-none-eabi/7.3.1/../../../../arm-none-eabi/lib/thumb/v7e-m/fpv4-sp/hard/libstdc++.a(del_opv.o)
                0x0000000008043ffc                operator delete[](void*)
 .text._Znaj    0x0000000008044000        0x4 /opt/st/stm32cubeide_1.5.0/plugins/com.st.stm32cube.ide.mcu.externaltools.gnu-tools-for-stm32.7-2018-q2-update.linux64_1.5.0.202011040924/tools/bin/../lib/gcc/arm-none-eabi/7.3.1/../../../../arm-none-eabi/lib/thumb/v7e-m/fpv4-sp/hard/libstdc++.a(new_opv.o)
                0x0000000008044000                operator new[](unsigned int)
 .text._Znwj    0x0000000008044004       0x3c /opt/st/stm32cubeide_1.5.0/plugins/com.st.stm32cube.ide.mcu.externaltools.gnu-tools-for-stm32.7-2018-q2-update.linux64_1.5.0.202011040924/tools/bin/../lib/gcc/arm-none-eabi/7.3.1/../../../../arm-none-eabi/lib/thumb/v7e-m/fpv4-sp/hard/libstdc++.a(new_op.o)
                0x0000000008044004                operator new(unsigned int)
 .text._ZSt15get_new_handlerv
                0x0000000008044040       0x10 /opt/st/stm32cubeide_1.5.0/plugins/com.st.stm32cube.ide.mcu.externaltools.gnu-tools-for-stm32.7-2018-q2-update.linux64_1.5.0.202011040924/tools/bin/../lib/gcc/arm-none-eabi/7.3.1/../../../../arm-none-eabi/lib/thumb/v7e-m/fpv4-sp/hard/libstdc++.a(new_handler.o)
                0x0000000008044040                std::get_new_handler()
 .text._ZdlPv   0x0000000008044050        0x4 /opt/st/stm32cubeide_1.5.0/plugins/com.st.stm32cube.ide.mcu.externaltools.gnu-tools-for-stm32.7-2018-q2-update.linux64_1.5.0.202011040924/tools/bin/../lib/gcc/arm-none-eabi/7.3.1/../../../../arm-none-eabi/lib/thumb/v7e-m/fpv4-sp/hard/libstdc++.a(del_op.o)
                0x0000000008044050                operator delete(void*)
 .text._ZN12_GLOBAL__N_14pool4freeEPv.constprop.4
                0x0000000008044054       0x90 /opt/st/stm32cubeide_1.5.0/plugins/com.st.stm32cube.ide.mcu.externaltools.gnu-tools-for-stm32.7-2018-q2-update.linux64_1.5.0.202011040924/tools/bin/../lib/gcc/arm-none-eabi/7.3.1/../../../../arm-none-eabi/lib/thumb/v7e-m/fpv4-sp/hard/libstdc++.a(eh_alloc.o)
 .text._ZN12_GLOBAL__N_14pool8allocateEj.constprop.5
                0x00000000080440e4       0x64 /opt/st/stm32cubeide_1.5.0/plugins/com.st.stm32cube.ide.mcu.externaltools.gnu-tools-for-stm32.7-2018-q2-update.linux64_1.5.0.202011040924/tools/bin/../lib/gcc/arm-none-eabi/7.3.1/../../../../arm-none-eabi/lib/thumb/v7e-m/fpv4-sp/hard/libstdc++.a(eh_alloc.o)
 .text.__cxa_allocate_exception
                0x0000000008044148       0x30 /opt/st/stm32cubeide_1.5.0/plugins/com.st.stm32cube.ide.mcu.externaltools.gnu-tools-for-stm32.7-2018-q2-update.linux64_1.5.0.202011040924/tools/bin/../lib/gcc/arm-none-eabi/7.3.1/../../../../arm-none-eabi/lib/thumb/v7e-m/fpv4-sp/hard/libstdc++.a(eh_alloc.o)
                0x0000000008044148                __cxa_allocate_exception
 .text.__cxa_free_exception
                0x0000000008044178       0x20 /opt/st/stm32cubeide_1.5.0/plugins/com.st.stm32cube.ide.mcu.externaltools.gnu-tools-for-stm32.7-2018-q2-update.linux64_1.5.0.202011040924/tools/bin/../lib/gcc/arm-none-eabi/7.3.1/../../../../arm-none-eabi/lib/thumb/v7e-m/fpv4-sp/hard/libstdc++.a(eh_alloc.o)
                0x0000000008044178                __cxa_free_exception
 .text.startup._GLOBAL__sub_I__ZN9__gnu_cxx9__freeresEv
                0x0000000008044198       0x28 /opt/st/stm32cubeide_1.5.0/plugins/com.st.stm32cube.ide.mcu.externaltools.gnu-tools-for-stm32.7-2018-q2-update.linux64_1.5.0.202011040924/tools/bin/../lib/gcc/arm-none-eabi/7.3.1/../../../../arm-none-eabi/lib/thumb/v7e-m/fpv4-sp/hard/libstdc++.a(eh_alloc.o)
 .text._ZNKSt9bad_alloc4whatEv
                0x00000000080441c0        0x8 /opt/st/stm32cubeide_1.5.0/plugins/com.st.stm32cube.ide.mcu.externaltools.gnu-tools-for-stm32.7-2018-q2-update.linux64_1.5.0.202011040924/tools/bin/../lib/gcc/arm-none-eabi/7.3.1/../../../../arm-none-eabi/lib/thumb/v7e-m/fpv4-sp/hard/libstdc++.a(bad_alloc.o)
                0x00000000080441c0                std::bad_alloc::what() const
 .text._ZNSt9bad_allocD2Ev
                0x00000000080441c8       0x14 /opt/st/stm32cubeide_1.5.0/plugins/com.st.stm32cube.ide.mcu.externaltools.gnu-tools-for-stm32.7-2018-q2-update.linux64_1.5.0.202011040924/tools/bin/../lib/gcc/arm-none-eabi/7.3.1/../../../../arm-none-eabi/lib/thumb/v7e-m/fpv4-sp/hard/libstdc++.a(bad_alloc.o)
                0x00000000080441c8                std::bad_alloc::~bad_alloc()
                0x00000000080441c8                std::bad_alloc::~bad_alloc()
 .text._ZNSt9bad_allocD0Ev
                0x00000000080441dc       0x1c /opt/st/stm32cubeide_1.5.0/plugins/com.st.stm32cube.ide.mcu.externaltools.gnu-tools-for-stm32.7-2018-q2-update.linux64_1.5.0.202011040924/tools/bin/../lib/gcc/arm-none-eabi/7.3.1/../../../../arm-none-eabi/lib/thumb/v7e-m/fpv4-sp/hard/libstdc++.a(bad_alloc.o)
                0x00000000080441dc                std::bad_alloc::~bad_alloc()
 .text._ZdlPvj  0x00000000080441f8        0x4 /opt/st/stm32cubeide_1.5.0/plugins/com.st.stm32cube.ide.mcu.externaltools.gnu-tools-for-stm32.7-2018-q2-update.linux64_1.5.0.202011040924/tools/bin/../lib/gcc/arm-none-eabi/7.3.1/../../../../arm-none-eabi/lib/thumb/v7e-m/fpv4-sp/hard/libstdc++.a(del_ops.o)
                0x00000000080441f8                operator delete(void*, unsigned int)
 .text._ZL23__gxx_exception_cleanup19_Unwind_Reason_CodeP21_Unwind_Control_Block
                0x00000000080441fc       0x44 /opt/st/stm32cubeide_1.5.0/plugins/com.st.stm32cube.ide.mcu.externaltools.gnu-tools-for-stm32.7-2018-q2-update.linux64_1.5.0.202011040924/tools/bin/../lib/gcc/arm-none-eabi/7.3.1/../../../../arm-none-eabi/lib/thumb/v7e-m/fpv4-sp/hard/libstdc++.a(eh_throw.o)
 .text.__cxa_init_primary_exception
                0x0000000008044240       0x58 /opt/st/stm32cubeide_1.5.0/plugins/com.st.stm32cube.ide.mcu.externaltools.gnu-tools-for-stm32.7-2018-q2-update.linux64_1.5.0.202011040924/tools/bin/../lib/gcc/arm-none-eabi/7.3.1/../../../../arm-none-eabi/lib/thumb/v7e-m/fpv4-sp/hard/libstdc++.a(eh_throw.o)
                0x0000000008044240                __cxa_init_primary_exception
 .text.__cxa_throw
                0x0000000008044298       0x38 /opt/st/stm32cubeide_1.5.0/plugins/com.st.stm32cube.ide.mcu.externaltools.gnu-tools-for-stm32.7-2018-q2-update.linux64_1.5.0.202011040924/tools/bin/../lib/gcc/arm-none-eabi/7.3.1/../../../../arm-none-eabi/lib/thumb/v7e-m/fpv4-sp/hard/libstdc++.a(eh_throw.o)
                0x0000000008044298                __cxa_throw
 .text.__cxa_rethrow
                0x00000000080442d0       0x70 /opt/st/stm32cubeide_1.5.0/plugins/com.st.stm32cube.ide.mcu.externaltools.gnu-tools-for-stm32.7-2018-q2-update.linux64_1.5.0.202011040924/tools/bin/../lib/gcc/arm-none-eabi/7.3.1/../../../../arm-none-eabi/lib/thumb/v7e-m/fpv4-sp/hard/libstdc++.a(eh_throw.o)
                0x00000000080442d0                __cxa_rethrow
 .text.__cxa_begin_catch
                0x0000000008044340       0x80 /opt/st/stm32cubeide_1.5.0/plugins/com.st.stm32cube.ide.mcu.externaltools.gnu-tools-for-stm32.7-2018-q2-update.linux64_1.5.0.202011040924/tools/bin/../lib/gcc/arm-none-eabi/7.3.1/../../../../arm-none-eabi/lib/thumb/v7e-m/fpv4-sp/hard/libstdc++.a(eh_catch.o)
                0x0000000008044340                __cxa_begin_catch
 .text.__cxa_end_catch
                0x00000000080443c0       0x88 /opt/st/stm32cubeide_1.5.0/plugins/com.st.stm32cube.ide.mcu.externaltools.gnu-tools-for-stm32.7-2018-q2-update.linux64_1.5.0.202011040924/tools/bin/../lib/gcc/arm-none-eabi/7.3.1/../../../../arm-none-eabi/lib/thumb/v7e-m/fpv4-sp/hard/libstdc++.a(eh_catch.o)
                0x00000000080443c0                __cxa_end_catch
 .text._ZN10__cxxabiv120__si_class_type_infoD2Ev
                0x0000000008044448       0x14 /opt/st/stm32cubeide_1.5.0/plugins/com.st.stm32cube.ide.mcu.externaltools.gnu-tools-for-stm32.7-2018-q2-update.linux64_1.5.0.202011040924/tools/bin/../lib/gcc/arm-none-eabi/7.3.1/../../../../arm-none-eabi/lib/thumb/v7e-m/fpv4-sp/hard/libstdc++.a(si_class_type_info.o)
                0x0000000008044448                __cxxabiv1::__si_class_type_info::~__si_class_type_info()
                0x0000000008044448                __cxxabiv1::__si_class_type_info::~__si_class_type_info()
 .text._ZN10__cxxabiv120__si_class_type_infoD0Ev
                0x000000000804445c       0x1c /opt/st/stm32cubeide_1.5.0/plugins/com.st.stm32cube.ide.mcu.externaltools.gnu-tools-for-stm32.7-2018-q2-update.linux64_1.5.0.202011040924/tools/bin/../lib/gcc/arm-none-eabi/7.3.1/../../../../arm-none-eabi/lib/thumb/v7e-m/fpv4-sp/hard/libstdc++.a(si_class_type_info.o)
                0x000000000804445c                __cxxabiv1::__si_class_type_info::~__si_class_type_info()
 .text._ZNK10__cxxabiv120__si_class_type_info20__do_find_public_srcEiPKvPKNS_17__class_type_infoES2_
                0x0000000008044478       0x3c /opt/st/stm32cubeide_1.5.0/plugins/com.st.stm32cube.ide.mcu.externaltools.gnu-tools-for-stm32.7-2018-q2-update.linux64_1.5.0.202011040924/tools/bin/../lib/gcc/arm-none-eabi/7.3.1/../../../../arm-none-eabi/lib/thumb/v7e-m/fpv4-sp/hard/libstdc++.a(si_class_type_info.o)
                0x0000000008044478                __cxxabiv1::__si_class_type_info::__do_find_public_src(int, void const*, __cxxabiv1::__class_type_info const*, void const*) const
 .text._ZNK10__cxxabiv120__si_class_type_info12__do_dyncastEiNS_17__class_type_info10__sub_kindEPKS1_PKvS4_S6_RNS1_16__dyncast_resultE
                0x00000000080444b4       0x80 /opt/st/stm32cubeide_1.5.0/plugins/com.st.stm32cube.ide.mcu.externaltools.gnu-tools-for-stm32.7-2018-q2-update.linux64_1.5.0.202011040924/tools/bin/../lib/gcc/arm-none-eabi/7.3.1/../../../../arm-none-eabi/lib/thumb/v7e-m/fpv4-sp/hard/libstdc++.a(si_class_type_info.o)
                0x00000000080444b4                __cxxabiv1::__si_class_type_info::__do_dyncast(int, __cxxabiv1::__class_type_info::__sub_kind, __cxxabiv1::__class_type_info const*, void const*, __cxxabiv1::__class_type_info const*, void const*, __cxxabiv1::__class_type_info::__dyncast_result&) const
 .text._ZNK10__cxxabiv120__si_class_type_info11__do_upcastEPKNS_17__class_type_infoEPKvRNS1_15__upcast_resultE
                0x0000000008044534       0x2c /opt/st/stm32cubeide_1.5.0/plugins/com.st.stm32cube.ide.mcu.externaltools.gnu-tools-for-stm32.7-2018-q2-update.linux64_1.5.0.202011040924/tools/bin/../lib/gcc/arm-none-eabi/7.3.1/../../../../arm-none-eabi/lib/thumb/v7e-m/fpv4-sp/hard/libstdc++.a(si_class_type_info.o)
                0x0000000008044534                __cxxabiv1::__si_class_type_info::__do_upcast(__cxxabiv1::__class_type_info const*, void const*, __cxxabiv1::__class_type_info::__upcast_result&) const
 .text._ZN10__cxxabiv111__terminateEPFvvE