Archive member included to satisfy reference by file (symbol)

/opt/st/stm32cubeide_1.5.0/plugins/com.st.stm32cube.ide.mcu.externaltools.gnu-tools-for-stm32.7-2018-q2-update.linux64_1.5.0.202011040924/tools/bin/../lib/gcc/arm-none-eabi/7.3.1/../../../../arm-none-eabi/lib/thumb/v7e-m/fpv4-sp/hard/libstdc++.a(del_opv.o)
                              Src/JPEGDecoder.o (operator delete[](void*))
/opt/st/stm32cubeide_1.5.0/plugins/com.st.stm32cube.ide.mcu.externaltools.gnu-tools-for-stm32.7-2018-q2-update.linux64_1.5.0.202011040924/tools/bin/../lib/gcc/arm-none-eabi/7.3.1/../../../../arm-none-eabi/lib/thumb/v7e-m/fpv4-sp/hard/libstdc++.a(new_opv.o)
                              Src/JPEGDecoder.o (operator new[](unsigned int))
/opt/st/stm32cubeide_1.5.0/plugins/com.st.stm32cube.ide.mcu.externaltools.gnu-tools-for-stm32.7-2018-q2-update.linux64_1.5.0.202011040924/tools/bin/../lib/gcc/arm-none-eabi/7.3.1/../../../../arm-none-eabi/lib/thumb/v7e-m/fpv4-sp/hard/libstdc++.a(new_op.o)
                              /opt/st/stm32cubeide_1.5.0/plugins/com.st.stm32cube.ide.mcu.externaltools.gnu-tools-for-stm32.7-2018-q2-update.linux64_1.5.0.202011040924/tools/bin/../lib/gcc/arm-none-eabi/7.3.1/../../../../arm-none-eabi/lib/thumb/v7e-m/fpv4-sp/hard/libstdc++.a(new_opv.o) (operator new(unsigned int))
/opt/st/stm32cubeide_1.5.0/plugins/com.st.stm32cube.ide.mcu.externaltools.gnu-tools-for-stm32.7-2018-q2-update.linux64_1.5.0.202011040924/tools/bin/../lib/gcc/arm-none-eabi/7.3.1/../../../../arm-none-eabi/lib/thumb/v7e-m/fpv4-sp/hard/libstdc++.a(new_handler.o)
                              /opt/st/stm32cubeide_1.5.0/plugins/com.st.stm32cube.ide.mcu.externaltools.gnu-tools-for-stm32.7-2018-q2-update.linux64_1.5.0.202011040924/tools/bin/../lib/gcc/arm-none-eabi/7.3.1/../../../../arm-none-eabi/lib/thumb/v7e-m/fpv4-sp/hard/libstdc++.a(new_op.o) (std::get_new_handler())
/opt/st/stm32cubeide_1.5.0/plugins/com.st.stm32cube.ide.mcu.externaltools.gnu-tools-for-stm32.7-2018-q2-update.linux64_1.5.0.202011040924/tools/bin/../lib/gcc/arm-none-eabi/7.3.1/../../../../arm-none-eabi/lib/thumb/v7e-m/fpv4-sp/hard/libstdc++.a(del_op.o)
                              /opt/st/stm32cubeide_1.5.0/plugins/com.st.stm32cube.ide.mcu.externaltools.gnu-tools-for-stm32.7-2018-q2-update.linux64_1.5.0.202011040924/tools/bin/../lib/gcc/arm-none-eabi/7.3.1/../../../../arm-none-eabi/lib/thumb/v7e-m/fpv4-sp/hard/libstdc++.a(del_opv.o) (operator delete(void*))
/opt/st/stm32cubeide_1.5.0/plugins/com.st.stm32cube.ide.mcu.externaltools.gnu-tools-for-stm32.7-2018-q2-update.linux64_1.5.0.202011040924/tools/bin/../lib/gcc/arm-none-eabi/7.3.1/../../../../arm-none-eabi/lib/thumb/v7e-m/fpv4-sp/hard/libstdc++.a(eh_alloc.o)
                              /opt/st/stm32cubeide_1.5.0/plugins/com.st.stm32cube.ide.mcu.externaltools.gnu-tools-for-stm32.7-2018-q2-update.linux64_1.5.0.202011040924/tools/bin/../lib/gcc/arm-none-eabi/7.3.1/../../../../arm-none-eabi/lib/thumb/v7e-m/fpv4-sp/hard/libstdc++.a(new_op.o) (__cxa_allocate_exception)
/opt/st/stm32cubeide_1.5.0/plugins/com.st.stm32cube.ide.mcu.externaltools.gnu-tools-for-stm32.7-2018-q2-update.linux64_1.5.0.202011040924/tools/bin/../lib/gcc/arm-none-eabi/7.3.1/../../../../arm-none-eabi/lib/thumb/v7e-m/fpv4-sp/hard/libstdc++.a(bad_alloc.o)
                              /opt/st/stm32cubeide_1.5.0/plugins/com.st.stm32cube.ide.mcu.externaltools.gnu-tools-for-stm32.7-2018-q2-update.linux64_1.5.0.202011040924/tools/bin/../lib/gcc/arm-none-eabi/7.3.1/../../../../arm-none-eabi/lib/thumb/v7e-m/fpv4-sp/hard/libstdc++.a(new_op.o) (std::bad_alloc::~bad_alloc())
/opt/st/stm32cubeide_1.5.0/plugins/com.st.stm32cube.ide.mcu.externaltools.gnu-tools-for-stm32.7-2018-q2-update.linux64_1.5.0.202011040924/tools/bin/../lib/gcc/arm-none-eabi/7.3.1/../../../../arm-none-eabi/lib/thumb/v7e-m/fpv4-sp/hard/libstdc++.a(del_ops.o)
                              /opt/st/stm32cubeide_1.5.0/plugins/com.st.stm32cube.ide.mcu.externaltools.gnu-tools-for-stm32.7-2018-q2-update.linux64_1.5.0.202011040924/tools/bin/../lib/gcc/arm-none-eabi/7.3.1/../../../../arm-none-eabi/lib/thumb/v7e-m/fpv4-sp/hard/libstdc++.a(bad_alloc.o) (operator delete(void*, unsigned int))
/opt/st/stm32cubeide_1.5.0/plugins/com.st.stm32cube.ide.mcu.externaltools.gnu-tools-for-stm32.7-2018-q2-update.linux64_1.5.0.202011040924/tools/bin/../lib/gcc/arm-none-eabi/7.3.1/../../../../arm-none-eabi/lib/thumb/v7e-m/fpv4-sp/hard/libstdc++.a(eh_throw.o)
                              /opt/st/stm32cubeide_1.5.0/plugins/com.st.stm32cube.ide.mcu.externaltools.gnu-tools-for-stm32.7-2018-q2-update.linux64_1.5.0.202011040924/tools/bin/../lib/gcc/arm-none-eabi/7.3.1/../../../../arm-none-eabi/lib/thumb/v7e-m/fpv4-sp/hard/libstdc++.a(new_op.o) (__cxa_throw)
/opt/st/stm32cubeide_1.5.0/plugins/com.st.stm32cube.ide.mcu.externaltools.gnu-tools-for-stm32.7-2018-q2-update.linux64_1.5.0.202011040924/tools/bin/../lib/gcc/arm-none-eabi/7.3.1/../../../../arm-none-eabi/lib/thumb/v7e-m/fpv4-sp/hard/libstdc++.a(eh_catch.o)
[...]
Memory Configuration

Name             Origin             Length             Attributes
RAM              0x0000000020000000 0x0000000000050000 xrw
FLASH            0x0000000008000000 0x0000000000100000 xr
DTCMRAM          0x0000000000000000 0xffffffffffffffff
*default*        0x0000000000000000 0xffffffffffffffff

Linker script and memory map

LOAD /opt/st/stm32cubeide_1.5.0/plugins/com.st.stm32cube.ide.mcu.externaltools.gnu-tools-for-stm32.7-2018-q2-update.linux64_1.5.0.202011040924/tools/bin/../lib/gcc/arm-none-eabi/7.3.1/thumb/v7e-m/fpv4-sp/hard/crti.o
LOAD /opt/st/stm32cubeide_1.5.0/plugins/com.st.stm32cube.ide.mcu.externaltools.gnu-tools-for-stm32.7-2018-q2-update.linux64_1.5.0.202011040924/tools/bin/../lib/gcc/arm-none-eabi/7.3.1/thumb/v7e-m/fpv4-sp/hard/crtbegin.o
LOAD /opt/st/stm32cubeide_1.5.0/plugins/com.st.stm32cube.ide.mcu.externaltools.gnu-tools-for-stm32.7-2018-q2-update.linux64_1.5.0.202011040924/tools/bin/../lib/gcc/arm-none-eabi/7.3.1/../../../../arm-none-eabi/lib/thumb/v7e-m/fpv4-sp/hard/crt0.o
LOAD Drivers/BSP/Components/exc7200/exc7200.o
LOAD Drivers/BSP/Components/ft5336/ft5336.o
LOAD Drivers/BSP/Components/mfxstm32l152/mfxstm32l152.o
LOAD Drivers/BSP/Components/ov9655/ov9655.o
LOAD Drivers/BSP/Components/s5k5cag/s5k5cag.o
LOAD Drivers/BSP/Components/stmpe811/stmpe811.o
LOAD Drivers/BSP/Components/ts3510/ts3510.o
LOAD Drivers/BSP/Components/wm8994/wm8994.o
LOAD Drivers/BSP/STM32746G-Discovery/stm32746g_discovery.o
LOAD Drivers/BSP/STM32746G-Discovery/stm32746g_discovery_audio.o
LOAD Drivers/BSP/STM32746G-Discovery/stm32746g_discovery_eeprom.o
LOAD Drivers/BSP/STM32746G-Discovery/stm32746g_discovery_lcd.o
LOAD Drivers/BSP/STM32746G-Discovery/stm32746g_discovery_qspi.o
LOAD Drivers/BSP/STM32746G-Discovery/stm32746g_discovery_sd.o
LOAD Drivers/BSP/STM32746G-Discovery/stm32746g_discovery_sdram.o
LOAD Drivers/BSP/STM32746G-Discovery/stm32746g_discovery_ts.o
LOAD Drivers/STM32F7xx_HAL_Driver/Src/stm32f7xx_hal.o
LOAD Drivers/STM32F7xx_HAL_Driver/Src/stm32f7xx_hal_adc.o
LOAD Drivers/STM32F7xx_HAL_Driver/Src/stm32f7xx_hal_adc_ex.o
LOAD Drivers/STM32F7xx_HAL_Driver/Src/stm32f7xx_hal_cortex.o
LOAD Drivers/STM32F7xx_HAL_Driver/Src/stm32f7xx_hal_dcmi.o
LOAD Drivers/STM32F7xx_HAL_Driver/Src/stm32f7xx_hal_dcmi_ex.o
LOAD Drivers/STM32F7xx_HAL_Driver/Src/stm32f7xx_hal_dma.o
LOAD Drivers/STM32F7xx_HAL_Driver/Src/stm32f7xx_hal_dma2d.o
LOAD Drivers/STM32F7xx_HAL_Driver/Src/stm32f7xx_hal_dma_ex.o
LOAD Drivers/STM32F7xx_HAL_Driver/Src/stm32f7xx_hal_dsi.o
LOAD Drivers/STM32F7xx_HAL_Driver/Src/stm32f7xx_hal_flash.o
LOAD Drivers/STM32F7xx_HAL_Driver/Src/stm32f7xx_hal_flash_ex.o
LOAD Drivers/STM32F7xx_HAL_Driver/Src/stm32f7xx_hal_gpio.o
LOAD Drivers/STM32F7xx_HAL_Driver/Src/stm32f7xx_hal_i2c.o
LOAD Drivers/STM32F7xx_HAL_Driver/Src/stm32f7xx_hal_i2c_ex.o
LOAD Drivers/STM32F7xx_HAL_Driver/Src/stm32f7xx_hal_ltdc.o
LOAD Drivers/STM32F7xx_HAL_Driver/Src/stm32f7xx_hal_ltdc_ex.o
LOAD Drivers/STM32F7xx_HAL_Driver/Src/stm32f7xx_hal_pwr.o
LOAD Drivers/STM32F7xx_HAL_Driver/Src/stm32f7xx_hal_pwr_ex.o
LOAD Drivers/STM32F7xx_HAL_Driver/Src/stm32f7xx_hal_qspi.o
LOAD Drivers/STM32F7xx_HAL_Driver/Src/stm32f7xx_hal_rcc.o
LOAD Drivers/STM32F7xx_HAL_Driver/Src/stm32f7xx_hal_rcc_ex.o
LOAD Drivers/STM32F7xx_HAL_Driver/Src/stm32f7xx_hal_rtc.o
LOAD Drivers/STM32F7xx_HAL_Driver/Src/stm32f7xx_hal_rtc_ex.o
LOAD Drivers/STM32F7xx_HAL_Driver/Src/stm32f7xx_hal_sai.o
LOAD Drivers/STM32F7xx_HAL_Driver/Src/stm32f7xx_hal_sai_ex.o
LOAD Drivers/STM32F7xx_HAL_Driver/Src/stm32f7xx_hal_sd.o
LOAD Drivers/STM32F7xx_HAL_Driver/Src/stm32f7xx_hal_sdram.o
LOAD Drivers/STM32F7xx_HAL_Driver/Src/stm32f7xx_hal_spi.o
LOAD Drivers/STM32F7xx_HAL_Driver/Src/stm32f7xx_hal_tim.o
LOAD Drivers/STM32F7xx_HAL_Driver/Src/stm32f7xx_hal_tim_ex.o
LOAD Drivers/STM32F7xx_HAL_Driver/Src/stm32f7xx_hal_uart.o
LOAD Drivers/STM32F7xx_HAL_Driver/Src/stm32f7xx_ll_fmc.o
LOAD Drivers/STM32F7xx_HAL_Driver/Src/stm32f7xx_ll_sdmmc.o
LOAD Src/JPEGDecoder.o
LOAD Src/camera.o
LOAD Src/camera_i2c.o
LOAD Src/camera_spi.o
LOAD Src/lcd.o
LOAD Src/main.o
LOAD Src/picojpeg.o
LOAD Src/startup_stm32f746xx.o
LOAD Src/stm32f7xx_hal_msp.o
LOAD Src/stm32f7xx_it.o
LOAD Src/system_stm32f7xx.o
LOAD Src/TinyEngine/codegen/Source/depthwise_kernel3x3_stride1_inplace_CHW_fpreq.o
LOAD Src/TinyEngine/codegen/Source/depthwise_kernel3x3_stride1_inplace_CHW_fpreq_bitmask.o
LOAD Src/TinyEngine/codegen/Source/depthwise_kernel3x3_stride1_inplace_CHW_fpreq_mask.o
LOAD Src/TinyEngine/codegen/Source/depthwise_kernel3x3_stride2_inplace_CHW_fpreq.o
LOAD Src/TinyEngine/codegen/Source/depthwise_kernel3x3_stride2_inplace_CHW_fpreq_bitmask.o
LOAD Src/TinyEngine/codegen/Source/depthwise_kernel3x3_stride2_inplace_CHW_fpreq_mask.o
LOAD Src/TinyEngine/codegen/Source/depthwise_kernel5x5_stride1_inplace_CHW_fpreq.o
LOAD Src/TinyEngine/codegen/Source/depthwise_kernel5x5_stride1_inplace_CHW_fpreq_bitmask.o
LOAD Src/TinyEngine/codegen/Source/depthwise_kernel5x5_stride1_inplace_CHW_fpreq_mask.o
LOAD Src/TinyEngine/codegen/Source/depthwise_kernel7x7_stride1_inplace_CHW_fpreq.o
LOAD Src/TinyEngine/codegen/Source/depthwise_kernel7x7_stride1_inplace_CHW_fpreq_bitmask.o
LOAD Src/TinyEngine/codegen/Source/depthwise_kernel7x7_stride1_inplace_CHW_fpreq_mask.o
LOAD Src/TinyEngine/codegen/Source/depthwise_kernel7x7_stride2_inplace_CHW_fpreq.o
LOAD Src/TinyEngine/codegen/Source/depthwise_kernel7x7_stride2_inplace_CHW_fpreq_bitmask.o
LOAD Src/TinyEngine/codegen/Source/depthwise_kernel7x7_stride2_inplace_CHW_fpreq_mask.o
LOAD Src/TinyEngine/codegen/Source/genModel.o
LOAD Src/TinyEngine/src/kernels/fp_backward_op/add_fp.o
LOAD Src/TinyEngine/src/kernels/fp_backward_op/div_fp.o
LOAD Src/TinyEngine/src/kernels/fp_backward_op/group_conv_fp_kernel4_stride1_pad0.o
LOAD Src/TinyEngine/src/kernels/fp_backward_op/group_conv_fp_kernel8_stride1_pad0.o
LOAD Src/TinyEngine/src/kernels/fp_backward_op/group_pointwise_conv_fp.o
LOAD Src/TinyEngine/src/kernels/fp_backward_op/less_fp.o
LOAD Src/TinyEngine/src/kernels/fp_backward_op/log_softmax_fp.o
LOAD Src/TinyEngine/src/kernels/fp_backward_op/mul_fp.o
LOAD Src/TinyEngine/src/kernels/fp_backward_op/negative_fp.o
LOAD Src/TinyEngine/src/kernels/fp_backward_op/nll_loss_fp.o
LOAD Src/TinyEngine/src/kernels/fp_backward_op/pointwise_conv_fp.o
LOAD Src/TinyEngine/src/kernels/fp_backward_op/strided_slice_3Dto3D_fp.o
LOAD Src/TinyEngine/src/kernels/fp_backward_op/strided_slice_4Dto4D_fp.o
LOAD Src/TinyEngine/src/kernels/fp_backward_op/sub_fp.o
LOAD Src/TinyEngine/src/kernels/fp_backward_op/sum_2D_fp.o
LOAD Src/TinyEngine/src/kernels/fp_backward_op/sum_3D_fp.o
LOAD Src/TinyEngine/src/kernels/fp_backward_op/sum_4D_exclude_fp.o
LOAD Src/TinyEngine/src/kernels/fp_backward_op/transpose_depthwise_conv_fp_kernel3_stride1_inpad1_outpad0.o
LOAD Src/TinyEngine/src/kernels/fp_backward_op/transpose_depthwise_conv_fp_kernel3_stride2_inpad1_outpad1.o
LOAD Src/TinyEngine/src/kernels/fp_backward_op/transpose_depthwise_conv_fp_kernel5_stride1_inpad2_outpad0.o
LOAD Src/TinyEngine/src/kernels/fp_backward_op/transpose_depthwise_conv_fp_kernel5_stride2_inpad2_outpad1.o
LOAD Src/TinyEngine/src/kernels/fp_backward_op/transpose_depthwise_conv_fp_kernel7_stride1_inpad3_outpad0.o
LOAD Src/TinyEngine/src/kernels/fp_backward_op/transpose_depthwise_conv_fp_kernel7_stride2_inpad3_outpad1.o
LOAD Src/TinyEngine/src/kernels/fp_backward_op/tte_exp_fp.o
LOAD Src/TinyEngine/src/kernels/fp_backward_op/where_fp.o
LOAD Src/TinyEngine/src/kernels/fp_requantize_op/add_fpreq.o
LOAD Src/TinyEngine/src/kernels/fp_requantize_op/convolve_1x1_s8_ch16_fpreq.o
LOAD Src/TinyEngine/src/kernels/fp_requantize_op/convolve_1x1_s8_ch24_fpreq.o
LOAD Src/TinyEngine/src/kernels/fp_requantize_op/convolve_1x1_s8_ch48_fpreq.o
LOAD Src/TinyEngine/src/kernels/fp_requantize_op/convolve_1x1_s8_ch8_fpreq.o
LOAD Src/TinyEngine/src/kernels/fp_requantize_op/convolve_1x1_s8_fpreq.o
LOAD Src/TinyEngine/src/kernels/fp_requantize_op/convolve_1x1_s8_fpreq_mask.o
LOAD Src/TinyEngine/src/kernels/fp_requantize_op/convolve_1x1_s8_fpreq_mask_partialCH.o
LOAD Src/TinyEngine/src/kernels/fp_requantize_op/convolve_s8_kernel3_inputch3_stride2_pad1_fpreq.o
LOAD Src/TinyEngine/src/kernels/fp_requantize_op/mat_mul_kernels_fpreq.o
LOAD Src/TinyEngine/src/kernels/int_forward_op/add.o
LOAD Src/TinyEngine/src/kernels/int_forward_op/arm_convolve_s8_4col.o
LOAD Src/TinyEngine/src/kernels/int_forward_op/arm_nn_mat_mult_kernel3_input3_s8_s16.o
LOAD Src/TinyEngine/src/kernels/int_forward_op/arm_nn_mat_mult_kernel_s8_s16_reordered_8mul.o
LOAD Src/TinyEngine/src/kernels/int_forward_op/arm_nn_mat_mult_kernel_s8_s16_reordered_oddch.o
LOAD Src/TinyEngine/src/kernels/int_forward_op/avgpooling.o
LOAD Src/TinyEngine/src/kernels/int_forward_op/concat_ch.o
LOAD Src/TinyEngine/src/kernels/int_forward_op/convolve_1x1_s8.o
LOAD Src/TinyEngine/src/kernels/int_forward_op/convolve_1x1_s8_SRAM.o
LOAD Src/TinyEngine/src/kernels/int_forward_op/convolve_1x1_s8_ch16.o
LOAD Src/TinyEngine/src/kernels/int_forward_op/convolve_1x1_s8_ch24.o
LOAD Src/TinyEngine/src/kernels/int_forward_op/convolve_1x1_s8_ch48.o
LOAD Src/TinyEngine/src/kernels/int_forward_op/convolve_1x1_s8_ch8.o
LOAD Src/TinyEngine/src/kernels/int_forward_op/convolve_1x1_s8_kbuf.o
LOAD Src/TinyEngine/src/kernels/int_forward_op/convolve_1x1_s8_oddch.o
LOAD Src/TinyEngine/src/kernels/int_forward_op/convolve_1x1_s8_skip_pad.o
LOAD Src/TinyEngine/src/kernels/int_forward_op/convolve_s8_kernel2x3_inputch3_stride2_pad1.o
LOAD Src/TinyEngine/src/kernels/int_forward_op/convolve_s8_kernel3_inputch3_stride2_pad1.o
LOAD Src/TinyEngine/src/kernels/int_forward_op/convolve_s8_kernel3_stride1_pad1.o
LOAD Src/TinyEngine/src/kernels/int_forward_op/convolve_s8_kernel3x2_inputch3_stride2_pad1.o
LOAD Src/TinyEngine/src/kernels/int_forward_op/convolve_u8_kernel3_inputch3_stride1_pad1.o
LOAD Src/TinyEngine/src/kernels/int_forward_op/convolve_u8_kernel3_inputch3_stride2_pad1.o
LOAD Src/TinyEngine/src/kernels/int_forward_op/element_mult.o
LOAD Src/TinyEngine/src/kernels/int_forward_op/fully_connected.o
LOAD Src/TinyEngine/src/kernels/int_forward_op/mat_mul_fp.o
LOAD Src/TinyEngine/src/kernels/int_forward_op/mat_mult_kernels.o
LOAD Src/TinyEngine/src/kernels/int_forward_op/maxpooling.o
LOAD Src/TinyEngine/src/kernels/int_forward_op/patchpadding_convolve_s8_kernel3_inputch3_stride2.o
LOAD Src/TinyEngine/src/kernels/int_forward_op/patchpadding_depthwise_kernel3x3_stride1_inplace_CHW.o
LOAD Src/TinyEngine/src/kernels/int_forward_op/patchpadding_depthwise_kernel3x3_stride2_inplace_CHW.o
LOAD Src/TinyEngine/src/kernels/int_forward_op/patchpadding_kbuf_convolve_s8_kernel3_inputch3_stride2.o
LOAD Src/TinyEngine/src/kernels/int_forward_op/stable_softmax.o
LOAD Src/TinyEngine/src/kernels/int_forward_op/upsample_byte.o
LOAD Src/TinyEngine/src/yoloOutput.o
LOAD Src/sys/_io.o
LOAD Src/sys/stubs.o
LOAD Utilities/Fonts/font12.o
LOAD Utilities/Fonts/font16.o
LOAD Utilities/Fonts/font20.o
LOAD Utilities/Fonts/font24.o
LOAD Utilities/Fonts/font8.o
START GROUP
LOAD /opt/st/stm32cubeide_1.5.0/plugins/com.st.stm32cube.ide.mcu.externaltools.gnu-tools-for-stm32.7-2018-q2-update.linux64_1.5.0.202011040924/tools/bin/../lib/gcc/arm-none-eabi/7.3.1/../../../../arm-none-eabi/lib/thumb/v7e-m/fpv4-sp/hard/libstdc++.a
LOAD /opt/st/stm32cubeide_1.5.0/plugins/com.st.stm32cube.ide.mcu.externaltools.gnu-tools-for-stm32.7-2018-q2-update.linux64_1.5.0.202011040924/tools/bin/../lib/gcc/arm-none-eabi/7.3.1/../../../../arm-none-eabi/lib/thumb/v7e-m/fpv4-sp/hard/libsupc++.a
END GROUP
LOAD /opt/st/stm32cubeide_1.5.0/plugins/com.st.stm32cube.ide.mcu.externaltools.gnu-tools-for-stm32.7-2018-q2-update.linux64_1.5.0.202011040924/tools/bin/../lib/gcc/arm-none-eabi/7.3.1/../../../../arm-none-eabi/lib/thumb/v7e-m/fpv4-sp/hard/libstdc++.a
LOAD /opt/st/stm32cubeide_1.5.0/plugins/com.st.stm32cube.ide.mcu.externaltools.gnu-tools-for-stm32.7-2018-q2-update.linux64_1.5.0.202011040924/tools/bin/../lib/gcc/arm-none-eabi/7.3.1/../../../../arm-none-eabi/lib/thumb/v7e-m/fpv4-sp/hard/libm.a
LOAD /opt/st/stm32cubeide_1.5.0/plugins/com.st.stm32cube.ide.mcu.externaltools.gnu-tools-for-stm32.7-2018-q2-update.linux64_1.5.0.202011040924/tools/bin/../lib/gcc/arm-none-eabi/7.3.1/../../../../arm-none-eabi/lib/thumb/v7e-m/fpv4-sp/hard/libc.a
START GROUP
LOAD /opt/st/stm32cubeide_1.5.0/plugins/com.st.stm32cube.ide.mcu.externaltools.gnu-tools-for-stm32.7-2018-q2-update.linux64_1.5.0.202011040924/tools/bin/../lib/gcc/arm-none-eabi/7.3.1/thumb/v7e-m/fpv4-sp/hard/libgcc.a
LOAD /opt/st/stm32cubeide_1.5.0/plugins/com.st.stm32cube.ide.mcu.externaltools.gnu-tools-for-stm32.7-2018-q2-update.linux64_1.5.0.202011040924/tools/bin/../lib/gcc/arm-none-eabi/7.3.1/../../../../arm-none-eabi/lib/thumb/v7e-m/fpv4-sp/hard/libc.a
END GROUP
START GROUP
LOAD /opt/st/stm32cubeide_1.5.0/plugins/com.st.stm32cube.ide.mcu.externaltools.gnu-tools-for-stm32.7-2018-q2-update.linux64_1.5.0.202011040924/tools/bin/../lib/gcc/arm-none-eabi/7.3.1/thumb/v7e-m/fpv4-sp/hard/libgcc.a
LOAD /opt/st/stm32cubeide_1.5.0/plugins/com.st.stm32cube.ide.mcu.externaltools.gnu-tools-for-stm32.7-2018-q2-update.linux64_1.5.0.202011040924/tools/bin/../lib/gcc/arm-none-eabi/7.3.1/../../../../arm-none-eabi/lib/thumb/v7e-m/fpv4-sp/hard/libc.a
LOAD /opt/st/stm32cubeide_1.5.0/plugins/com.st.stm32cube.ide.mcu.externaltools.gnu-tools-for-stm32.7-2018-q2-update.linux64_1.5.0.202011040924/tools/bin/../lib/gcc/arm-none-eabi/7.3.1/../../../../arm-none-eabi/lib/thumb/v7e-m/fpv4-sp/hard/libnosys.a
END GROUP
LOAD /opt/st/stm32cubeide_1.5.0/plugins/com.st.stm32cube.ide.mcu.externaltools.gnu-tools-for-stm32.7-2018-q2-update.linux64_1.5.0.202011040924/tools/bin/../lib/gcc/arm-none-eabi/7.3.1/thumb/v7e-m/fpv4-sp/hard/crtend.o
LOAD /opt/st/stm32cubeide_1.5.0/plugins/com.st.stm32cube.ide.mcu.externaltools.gnu-tools-for-stm32.7-2018-q2-update.linux64_1.5.0.202011040924/tools/bin/../lib/gcc/arm-none-eabi/7.3.1/thumb/v7e-m/fpv4-sp/hard/crtn.o
                0x000000002004ffff                _estack = 0x2004ffff
                0x0000000000000600                _Min_Heap_Size = 0x600
                0x0000000000000400                _Min_Stack_Size = 0x400

.isr_vector     0x0000000008000000      0x1c8
                0x0000000008000000                . = ALIGN (0x4)
 *(.isr_vector)
 .isr_vector    0x0000000008000000      0x1c8 Src/startup_stm32f746xx.o
                0x0000000008000000                g_pfnVectors
                0x00000000080001c8                . = ALIGN (0x4)

.text           0x00000000080001d0    0x18130
                0x00000000080001d0                . = ALIGN (0x4)
 *(.text)
 .text          0x00000000080001d0       0x40 /opt/st/stm32cubeide_1.5.0/plugins/com.st.stm32cube.ide.mcu.externaltools.gnu-tools-for-stm32.7-2018-q2-update.linux64_1.5.0.202011040924/tools/bin/../lib/gcc/arm-none-eabi/7.3.1/thumb/v7e-m/fpv4-sp/hard/crtbegin.o
 .text          0x0000000008000210     0x6adc /opt/st/stm32cubeide_1.5.0/plugins/com.st.stm32cube.ide.mcu.externaltools.gnu-tools-for-stm32.7-2018-q2-update.linux64_1.5.0.202011040924/tools/bin/../lib/gcc/arm-none-eabi/7.3.1/../../../../arm-none-eabi/lib/thumb/v7e-m/fpv4-sp/hard/libstdc++.a(cp-demangle.o)
                0x0000000008006c00                __cxa_demangle
                0x0000000008006cc8                __gcclibcxx_demangle_callback
 *fill*         0x0000000008006cec        0x4 
 .text          0x0000000008006cf0       0xa0 /opt/st/stm32cubeide_1.5.0/plugins/com.st.stm32cube.ide.mcu.externaltools.gnu-tools-for-stm32.7-2018-q2-update.linux64_1.5.0.202011040924/tools/bin/../lib/gcc/arm-none-eabi/7.3.1/../../../../arm-none-eabi/lib/thumb/v7e-m/fpv4-sp/hard/libc.a(lib_a-memchr.o)
                0x0000000008006cf0                memchr
 .text          0x0000000008006d90       0x14 /opt/st/stm32cubeide_1.5.0/plugins/com.st.stm32cube.ide.mcu.externaltools.gnu-tools-for-stm32.7-2018-q2-update.linux64_1.5.0.202011040924/tools/bin/../lib/gcc/arm-none-eabi/7.3.1/../../../../arm-none-eabi/lib/thumb/v7e-m/fpv4-sp/hard/libc.a(lib_a-strcmp.o)
                0x0000000008006d90                strcmp
 .text          0x0000000008006da4       0x10 /opt/st/stm32cubeide_1.5.0/plugins/com.st.stm32cube.ide.mcu.externaltools.gnu-tools-for-stm32.7-2018-q2-update.linux64_1.5.0.202011040924/tools/bin/../lib/gcc/arm-none-eabi/7.3.1/../../../../arm-none-eabi/lib/thumb/v7e-m/fpv4-sp/hard/libc.a(lib_a-strlen.o)
                0x0000000008006da4                strlen
 .text          0x0000000008006db4      0x378 /opt/st/stm32cubeide_1.5.0/plugins/com.st.stm32cube.ide.mcu.externaltools.gnu-tools-for-stm32.7-2018-q2-update.linux64_1.5.0.202011040924/tools/bin/../lib/gcc/arm-none-eabi/7.3.1/thumb/v7e-m/fpv4-sp/hard/libgcc.a(_arm_addsubdf3.o)
                0x0000000008006db4                __aeabi_drsub
                0x0000000008006dbc                __aeabi_dsub
                0x0000000008006dbc                __subdf3
                0x0000000008006dc0                __adddf3
                0x0000000008006dc0                __aeabi_dadd
                0x0000000008007038                __aeabi_ui2d
                0x0000000008007038                __floatunsidf
                0x0000000008007058                __floatsidf
                0x0000000008007058                __aeabi_i2d
                0x000000000800707c                __extendsfdf2
                0x000000000800707c                __aeabi_f2d
                0x00000000080070c0                __aeabi_ul2d
                0x00000000080070c0                __floatundidf
                0x00000000080070d0                __floatdidf
                0x00000000080070d0                __aeabi_l2d
 .text          0x000000000800712c      0x424 /opt/st/stm32cubeide_1.5.0/plugins/com.st.stm32cube.ide.mcu.externaltools.gnu-tools-for-stm32.7-2018-q2-update.linux64_1.5.0.202011040924/tools/bin/../lib/gcc/arm-none-eabi/7.3.1/thumb/v7e-m/fpv4-sp/hard/libgcc.a(_arm_muldivdf3.o)
                0x000000000800712c                __aeabi_dmul
                0x000000000800712c                __muldf3
                0x0000000008007380                __aeabi_ddiv
                0x0000000008007380                __divdf3
 .text          0x0000000008007550      0x110 /opt/st/stm32cubeide_1.5.0/plugins/com.st.stm32cube.ide.mcu.externaltools.gnu-tools-for-stm32.7-2018-q2-update.linux64_1.5.0.202011040924/tools/bin/../lib/gcc/arm-none-eabi/7.3.1/thumb/v7e-m/fpv4-sp/hard/libgcc.a(_arm_cmpdf2.o)
                0x0000000008007550                __gtdf2
                0x0000000008007550                __gedf2
                0x0000000008007558                __ltdf2
                0x0000000008007558                __ledf2
                0x0000000008007560                __cmpdf2
                0x0000000008007560                __eqdf2
                0x0000000008007560                __nedf2
                0x00000000080075dc                __aeabi_cdrcmple
                0x00000000080075ec                __aeabi_cdcmple
                0x00000000080075ec                __aeabi_cdcmpeq
                0x00000000080075fc                __aeabi_dcmpeq
                0x0000000008007610                __aeabi_dcmplt
                0x0000000008007624                __aeabi_dcmple
                0x0000000008007638                __aeabi_dcmpge
                0x000000000800764c                __aeabi_dcmpgt
 .text          0x0000000008007660       0x2c /opt/st/stm32cubeide_1.5.0/plugins/com.st.stm32cube.ide.mcu.externaltools.gnu-tools-for-stm32.7-2018-q2-update.linux64_1.5.0.202011040924/tools/bin/../lib/gcc/arm-none-eabi/7.3.1/thumb/v7e-m/fpv4-sp/hard/libgcc.a(_arm_unorddf2.o)
                0x0000000008007660                __aeabi_dcmpun
                0x0000000008007660                __unorddf2
 .text          0x000000000800768c       0x50 /opt/st/stm32cubeide_1.5.0/plugins/com.st.stm32cube.ide.mcu.externaltools.gnu-tools-for-stm32.7-2018-q2-update.linux64_1.5.0.202011040924/tools/bin/../lib/gcc/arm-none-eabi/7.3.1/thumb/v7e-m/fpv4-sp/hard/libgcc.a(_arm_fixdfsi.o)
                0x000000000800768c                __fixdfsi
                0x000000000800768c                __aeabi_d2iz
 .text          0x00000000080076dc       0x30 /opt/st/stm32cubeide_1.5.0/plugins/com.st.stm32cube.ide.mcu.externaltools.gnu-tools-for-stm32.7-2018-q2-update.linux64_1.5.0.202011040924/tools/bin/../lib/gcc/arm-none-eabi/7.3.1/thumb/v7e-m/fpv4-sp/hard/libgcc.a(_aeabi_uldivmod.o)
                0x00000000080076dc                __aeabi_uldivmod
 .text          0x000000000800770c      0x2cc /opt/st/stm32cubeide_1.5.0/plugins/com.st.stm32cube.ide.mcu.externaltools.gnu-tools-for-stm32.7-2018-q2-update.linux64_1.5.0.202011040924/tools/bin/../lib/gcc/arm-none-eabi/7.3.1/thumb/v7e-m/fpv4-sp/hard/libgcc.a(_udivmoddi4.o)
                0x000000000800770c                __udivmoddi4
 .text          0x00000000080079d8      0x9ec /opt/st/stm32cubeide_1.5.0/plugins/com.st.stm32cube.ide.mcu.externaltools.gnu-tools-for-stm32.7-2018-q2-update.linux64_1.5.0.202011040924/tools/bin/../lib/gcc/arm-none-eabi/7.3.1/thumb/v7e-m/fpv4-sp/hard/libgcc.a(unwind-arm.o)
                0x0000000008007c8c                _Unwind_GetCFA
                0x0000000008007c90                __gnu_Unwind_RaiseException
                0x0000000008007cf0                __gnu_Unwind_ForcedUnwind
                0x0000000008007d04                __gnu_Unwind_Resume
                0x0000000008007d48                __gnu_Unwind_Resume_or_Rethrow
                0x0000000008007d58                _Unwind_Complete
                0x0000000008007d5c                _Unwind_DeleteException
                0x0000000008007d68                _Unwind_VRS_Get
                0x0000000008007dac                _Unwind_VRS_Set
                0x0000000008007df4                __gnu_Unwind_Backtrace
                0x0000000008008138                __aeabi_unwind_cpp_pr0
                0x000000000800813c                __aeabi_unwind_cpp_pr1
                0x0000000008008140                __aeabi_unwind_cpp_pr2
                0x0000000008008144                _Unwind_VRS_Pop
 .text          0x00000000080083c4      0x1ac /opt/st/stm32cubeide_1.5.0/plugins/com.st.stm32cube.ide.mcu.externaltools.gnu-tools-for-stm32.7-2018-q2-update.linux64_1.5.0.202011040924/tools/bin/../lib/gcc/arm-none-eabi/7.3.1/thumb/v7e-m/fpv4-sp/hard/libgcc.a(libunwind.o)
                0x00000000080083c4                __restore_core_regs
                0x00000000080083c4                restore_core_regs
                0x00000000080083dc                __gnu_Unwind_Restore_VFP
                0x00000000080083e4                __gnu_Unwind_Save_VFP
                0x00000000080083ec                __gnu_Unwind_Restore_VFP_D
                0x00000000080083f4                __gnu_Unwind_Save_VFP_D
                0x00000000080083fc                __gnu_Unwind_Restore_VFP_D_16_to_31
                0x0000000008008404                __gnu_Unwind_Save_VFP_D_16_to_31
                0x000000000800840c                __gnu_Unwind_Restore_WMMXD
                0x0000000008008450                __gnu_Unwind_Save_WMMXD
                0x0000000008008494                __gnu_Unwind_Restore_WMMXC
                0x00000000080084a8                __gnu_Unwind_Save_WMMXC
                0x00000000080084bc                ___Unwind_RaiseException
                0x00000000080084bc                _Unwind_RaiseException
                0x00000000080084e0                ___Unwind_Resume
                0x00000000080084e0                _Unwind_Resume
                0x0000000008008504                _Unwind_Resume_or_Rethrow
                0x0000000008008504                ___Unwind_Resume_or_Rethrow
                0x0000000008008528                ___Unwind_ForcedUnwind
                0x0000000008008528                _Unwind_ForcedUnwind
                0x000000000800854c                _Unwind_Backtrace
                0x000000000800854c                ___Unwind_Backtrace
 .text          0x0000000008008570      0x374 /opt/st/stm32cubeide_1.5.0/plugins/com.st.stm32cube.ide.mcu.externaltools.gnu-tools-for-stm32.7-2018-q2-update.linux64_1.5.0.202011040924/tools/bin/../lib/gcc/arm-none-eabi/7.3.1/thumb/v7e-m/fpv4-sp/hard/libgcc.a(pr-support.o)
                0x00000000080085c8                __gnu_unwind_execute
                0x000000000800888c                __gnu_unwind_frame
                0x00000000080088b4                _Unwind_GetRegionStart
                0x00000000080088c0                _Unwind_GetLanguageSpecificData
                0x00000000080088d4                _Unwind_GetDataRelBase
                0x00000000080088dc                _Unwind_GetTextRelBase
 .text          0x00000000080088e4        0x4 /opt/st/stm32cubeide_1.5.0/plugins/com.st.stm32cube.ide.mcu.externaltools.gnu-tools-for-stm32.7-2018-q2-update.linux64_1.5.0.202011040924/tools/bin/../lib/gcc/arm-none-eabi/7.3.1/thumb/v7e-m/fpv4-sp/hard/libgcc.a(_dvmd_tls.o)
                0x00000000080088e4                __aeabi_ldiv0
                0x00000000080088e4                __aeabi_idiv0
 *(.text*)
 .text.BSP_PB_Init
                0x00000000080088e8      0x118 Drivers/BSP/STM32746G-Discovery/stm32746g_discovery.o
                0x00000000080088e8                BSP_PB_Init
 .text.BSP_PB_GetState
                0x0000000008008a00       0x34 Drivers/BSP/STM32746G-Discovery/stm32746g_discovery.o
                0x0000000008008a00                BSP_PB_GetState
 .text.BSP_LCD_Init
                0x0000000008008a34       0xe0 Drivers/BSP/STM32746G-Discovery/stm32746g_discovery_lcd.o
                0x0000000008008a34                BSP_LCD_Init
 .text.BSP_LCD_GetXSize
                0x0000000008008b14       0x28 Drivers/BSP/STM32746G-Discovery/stm32746g_discovery_lcd.o
                0x0000000008008b14                BSP_LCD_GetXSize
 .text.BSP_LCD_GetYSize
                0x0000000008008b3c       0x28 Drivers/BSP/STM32746G-Discovery/stm32746g_discovery_lcd.o
                0x0000000008008b3c                BSP_LCD_GetYSize
 .text.BSP_LCD_LayerRgb565Init
                0x0000000008008b64       0xc0 Drivers/BSP/STM32746G-Discovery/stm32746g_discovery_lcd.o
                0x0000000008008b64                BSP_LCD_LayerRgb565Init
 .text.BSP_LCD_SelectLayer
                0x0000000008008c24       0x20 Drivers/BSP/STM32746G-Discovery/stm32746g_discovery_lcd.o
                0x0000000008008c24                BSP_LCD_SelectLayer
 .text.BSP_LCD_SetTransparency
                0x0000000008008c44       0x24 Drivers/BSP/STM32746G-Discovery/stm32746g_discovery_lcd.o
                0x0000000008008c44                BSP_LCD_SetTransparency
 .text.BSP_LCD_SetTextColor
                0x0000000008008c68       0x30 Drivers/BSP/STM32746G-Discovery/stm32746g_discovery_lcd.o
                0x0000000008008c68                BSP_LCD_SetTextColor
 .text.BSP_LCD_SetFont
                0x0000000008008c98       0x34 Drivers/BSP/STM32746G-Discovery/stm32746g_discovery_lcd.o
                0x0000000008008c98                BSP_LCD_SetFont
 .text.BSP_LCD_Clear
                0x0000000008008ccc       0x50 Drivers/BSP/STM32746G-Discovery/stm32746g_discovery_lcd.o
                0x0000000008008ccc                BSP_LCD_Clear
 .text.BSP_LCD_DisplayChar
                0x0000000008008d1c       0x88 Drivers/BSP/STM32746G-Discovery/stm32746g_discovery_lcd.o
                0x0000000008008d1c                BSP_LCD_DisplayChar
 .text.BSP_LCD_DisplayStringAt
                0x0000000008008da4      0x188 Drivers/BSP/STM32746G-Discovery/stm32746g_discovery_lcd.o
                0x0000000008008da4                BSP_LCD_DisplayStringAt
 .text.BSP_LCD_DrawPixel
                0x0000000008008f2c       0x90 Drivers/BSP/STM32746G-Discovery/stm32746g_discovery_lcd.o
                0x0000000008008f2c                BSP_LCD_DrawPixel
 .text.BSP_LCD_DisplayOn
                0x0000000008008fbc       0x3c Drivers/BSP/STM32746G-Discovery/stm32746g_discovery_lcd.o
                0x0000000008008fbc                BSP_LCD_DisplayOn
 .text.BSP_LCD_MspInit
                0x0000000008008ff8      0x1b4 Drivers/BSP/STM32746G-Discovery/stm32746g_discovery_lcd.o
                0x0000000008008ff8                BSP_LCD_MspInit
 .text.BSP_LCD_ClockConfig
                0x00000000080091ac       0x38 Drivers/BSP/STM32746G-Discovery/stm32746g_discovery_lcd.o
                0x00000000080091ac                BSP_LCD_ClockConfig
 .text.DrawChar
                0x00000000080091e4      0x170 Drivers/BSP/STM32746G-Discovery/stm32746g_discovery_lcd.o
 .text.LL_FillBuffer
                0x0000000008009354       0x98 Drivers/BSP/STM32746G-Discovery/stm32746g_discovery_lcd.o
 .text.BSP_SDRAM_Init
                0x00000000080093ec       0xbc Drivers/BSP/STM32746G-Discovery/stm32746g_discovery_sdram.o
                0x00000000080093ec                BSP_SDRAM_Init
 .text.BSP_SDRAM_Initialization_sequence
                0x00000000080094a8       0xc0 Drivers/BSP/STM32746G-Discovery/stm32746g_discovery_sdram.o
                0x00000000080094a8                BSP_SDRAM_Initialization_sequence
 .text.BSP_SDRAM_MspInit
                0x0000000008009568      0x1f0 Drivers/BSP/STM32746G-Discovery/stm32746g_discovery_sdram.o
                0x0000000008009568                BSP_SDRAM_MspInit
 .text.HAL_Init
                0x0000000008009758       0x38 Drivers/STM32F7xx_HAL_Driver/Src/stm32f7xx_hal.o
                0x0000000008009758                HAL_Init
 .text.HAL_MspInit
                0x0000000008009790        0xe Drivers/STM32F7xx_HAL_Driver/Src/stm32f7xx_hal.o
                0x0000000008009790                HAL_MspInit
 *fill*         0x000000000800979e        0x2 
 .text.HAL_InitTick
                0x00000000080097a0       0x60 Drivers/STM32F7xx_HAL_Driver/Src/stm32f7xx_hal.o
                0x00000000080097a0                HAL_InitTick
 .text.HAL_IncTick
                0x0000000008009800       0x28 Drivers/STM32F7xx_HAL_Driver/Src/stm32f7xx_hal.o
                0x0000000008009800                HAL_IncTick
 .text.HAL_GetTick
                0x0000000008009828       0x18 Drivers/STM32F7xx_HAL_Driver/Src/stm32f7xx_hal.o
                0x0000000008009828                HAL_GetTick
 .text.HAL_Delay
                0x0000000008009840       0x44 Drivers/STM32F7xx_HAL_Driver/Src/stm32f7xx_hal.o
                0x0000000008009840                HAL_Delay
 .text.__NVIC_SetPriorityGrouping
                0x0000000008009884       0x48 Drivers/STM32F7xx_HAL_Driver/Src/stm32f7xx_hal_cortex.o
 .text.__NVIC_GetPriorityGrouping
                0x00000000080098cc       0x1c Drivers/STM32F7xx_HAL_Driver/Src/stm32f7xx_hal_cortex.o
 .text.__NVIC_EnableIRQ
                0x00000000080098e8       0x3c Drivers/STM32F7xx_HAL_Driver/Src/stm32f7xx_hal_cortex.o
 .text.__NVIC_SetPriority
                0x0000000008009924       0x54 Drivers/STM32F7xx_HAL_Driver/Src/stm32f7xx_hal_cortex.o
 .text.NVIC_EncodePriority
                0x0000000008009978       0x66 Drivers/STM32F7xx_HAL_Driver/Src/stm32f7xx_hal_cortex.o
 *fill*         0x00000000080099de        0x2 
 .text.SysTick_Config
                0x00000000080099e0       0x44 Drivers/STM32F7xx_HAL_Driver/Src/stm32f7xx_hal_cortex.o
 .text.HAL_NVIC_SetPriorityGrouping
                0x0000000008009a24       0x16 Drivers/STM32F7xx_HAL_Driver/Src/stm32f7xx_hal_cortex.o
                0x0000000008009a24                HAL_NVIC_SetPriorityGrouping
 .text.HAL_NVIC_SetPriority
                0x0000000008009a3a       0x38 Drivers/STM32F7xx_HAL_Driver/Src/stm32f7xx_hal_cortex.o
                0x0000000008009a3a                HAL_NVIC_SetPriority
 .text.HAL_NVIC_EnableIRQ
                0x0000000008009a72       0x1c Drivers/STM32F7xx_HAL_Driver/Src/stm32f7xx_hal_cortex.o
                0x0000000008009a72                HAL_NVIC_EnableIRQ
 .text.HAL_SYSTICK_Config
                0x0000000008009a8e       0x18 Drivers/STM32F7xx_HAL_Driver/Src/stm32f7xx_hal_cortex.o
                0x0000000008009a8e                HAL_SYSTICK_Config
 *fill*         0x0000000008009aa6        0x2 
 .text.HAL_DMA_Init
                0x0000000008009aa8      0x15c Drivers/STM32F7xx_HAL_Driver/Src/stm32f7xx_hal_dma.o
                0x0000000008009aa8                HAL_DMA_Init
 .text.HAL_DMA_DeInit
                0x0000000008009c04       0xbc Drivers/STM32F7xx_HAL_Driver/Src/stm32f7xx_hal_dma.o
                0x0000000008009c04                HAL_DMA_DeInit
 .text.DMA_CalcBaseAndBitshift
                0x0000000008009cc0       0x6c Drivers/STM32F7xx_HAL_Driver/Src/stm32f7xx_hal_dma.o
 .text.DMA_CheckFifoParam
                0x0000000008009d2c       0xf4 Drivers/STM32F7xx_HAL_Driver/Src/stm32f7xx_hal_dma.o
 .text.HAL_DMA2D_Init
                0x0000000008009e20       0x94 Drivers/STM32F7xx_HAL_Driver/Src/stm32f7xx_hal_dma2d.o
                0x0000000008009e20                HAL_DMA2D_Init
 .text.HAL_DMA2D_MspInit
                0x0000000008009eb4       0x14 Drivers/STM32F7xx_HAL_Driver/Src/stm32f7xx_hal_dma2d.o
                0x0000000008009eb4                HAL_DMA2D_MspInit
 .text.HAL_DMA2D_Start
                0x0000000008009ec8       0x56 Drivers/STM32F7xx_HAL_Driver/Src/stm32f7xx_hal_dma2d.o
                0x0000000008009ec8                HAL_DMA2D_Start
 .text.HAL_DMA2D_PollForTransfer
                0x0000000008009f1e      0x1d0 Drivers/STM32F7xx_HAL_Driver/Src/stm32f7xx_hal_dma2d.o
                0x0000000008009f1e                HAL_DMA2D_PollForTransfer
 *fill*         0x000000000800a0ee        0x2 
 .text.HAL_DMA2D_ConfigLayer
                0x000000000800a0f0      0x12c Drivers/STM32F7xx_HAL_Driver/Src/stm32f7xx_hal_dma2d.o
                0x000000000800a0f0                HAL_DMA2D_ConfigLayer
 .text.DMA2D_SetConfig
                0x000000000800a21c      0x14c Drivers/STM32F7xx_HAL_Driver/Src/stm32f7xx_hal_dma2d.o
 .text.HAL_FLASH_Program
                0x000000000800a368       0xb8 Drivers/STM32F7xx_HAL_Driver/Src/stm32f7xx_hal_flash.o
                0x000000000800a368                HAL_FLASH_Program
 .text.HAL_FLASH_Unlock
                0x000000000800a420       0x44 Drivers/STM32F7xx_HAL_Driver/Src/stm32f7xx_hal_flash.o
                0x000000000800a420                HAL_FLASH_Unlock
 .text.HAL_FLASH_Lock
                0x000000000800a464       0x20 Drivers/STM32F7xx_HAL_Driver/Src/stm32f7xx_hal_flash.o
                0x000000000800a464                HAL_FLASH_Lock
 .text.FLASH_WaitForLastOperation
                0x000000000800a484       0x80 Drivers/STM32F7xx_HAL_Driver/Src/stm32f7xx_hal_flash.o
                0x000000000800a484                FLASH_WaitForLastOperation
 .text.FLASH_Program_DoubleWord
                0x000000000800a504       0x60 Drivers/STM32F7xx_HAL_Driver/Src/stm32f7xx_hal_flash.o
 .text.FLASH_Program_Word
                0x000000000800a564       0x48 Drivers/STM32F7xx_HAL_Driver/Src/stm32f7xx_hal_flash.o
 .text.FLASH_Program_HalfWord
                0x000000000800a5ac       0x4c Drivers/STM32F7xx_HAL_Driver/Src/stm32f7xx_hal_flash.o
 .text.FLASH_Program_Byte
                0x000000000800a5f8       0x48 Drivers/STM32F7xx_HAL_Driver/Src/stm32f7xx_hal_flash.o
 .text.FLASH_SetErrorCode
                0x000000000800a640       0x94 Drivers/STM32F7xx_HAL_Driver/Src/stm32f7xx_hal_flash.o
 .text.HAL_FLASHEx_Erase
                0x000000000800a6d4       0xd8 Drivers/STM32F7xx_HAL_Driver/Src/stm32f7xx_hal_flash_ex.o
                0x000000000800a6d4                HAL_FLASHEx_Erase
 .text.FLASH_MassErase
                0x000000000800a7ac       0x48 Drivers/STM32F7xx_HAL_Driver/Src/stm32f7xx_hal_flash_ex.o
 .text.FLASH_Erase_Sector
                0x000000000800a7f4       0x94 Drivers/STM32F7xx_HAL_Driver/Src/stm32f7xx_hal_flash_ex.o
                0x000000000800a7f4                FLASH_Erase_Sector
 .text.HAL_GPIO_Init
                0x000000000800a888      0x354 Drivers/STM32F7xx_HAL_Driver/Src/stm32f7xx_hal_gpio.o
                0x000000000800a888                HAL_GPIO_Init
 .text.HAL_GPIO_ReadPin
                0x000000000800abdc       0x30 Drivers/STM32F7xx_HAL_Driver/Src/stm32f7xx_hal_gpio.o
                0x000000000800abdc                HAL_GPIO_ReadPin
 .text.HAL_GPIO_WritePin
                0x000000000800ac0c       0x32 Drivers/STM32F7xx_HAL_Driver/Src/stm32f7xx_hal_gpio.o
                0x000000000800ac0c                HAL_GPIO_WritePin
 *fill*         0x000000000800ac3e        0x2 
 .text.HAL_I2C_Init
                0x000000000800ac40      0x120 Drivers/STM32F7xx_HAL_Driver/Src/stm32f7xx_hal_i2c.o
                0x000000000800ac40                HAL_I2C_Init
 .text.HAL_I2C_Master_Transmit
                0x000000000800ad60      0x200 Drivers/STM32F7xx_HAL_Driver/Src/stm32f7xx_hal_i2c.o
                0x000000000800ad60                HAL_I2C_Master_Transmit
 .text.HAL_I2C_Master_Receive
                0x000000000800af60      0x204 Drivers/STM32F7xx_HAL_Driver/Src/stm32f7xx_hal_i2c.o
                0x000000000800af60                HAL_I2C_Master_Receive
 .text.I2C_Flush_TXDR
                0x000000000800b164       0x48 Drivers/STM32F7xx_HAL_Driver/Src/stm32f7xx_hal_i2c.o
 .text.I2C_WaitOnFlagUntilTimeout
                0x000000000800b1ac       0x74 Drivers/STM32F7xx_HAL_Driver/Src/stm32f7xx_hal_i2c.o
 .text.I2C_WaitOnTXISFlagUntilTimeout
                0x000000000800b220       0x80 Drivers/STM32F7xx_HAL_Driver/Src/stm32f7xx_hal_i2c.o
 .text.I2C_WaitOnSTOPFlagUntilTimeout
                0x000000000800b2a0       0x78 Drivers/STM32F7xx_HAL_Driver/Src/stm32f7xx_hal_i2c.o
 .text.I2C_WaitOnRXNEFlagUntilTimeout
                0x000000000800b318       0xd8 Drivers/STM32F7xx_HAL_Driver/Src/stm32f7xx_hal_i2c.o
 .text.I2C_IsAcknowledgeFailed
                0x000000000800b3f0       0xbc Drivers/STM32F7xx_HAL_Driver/Src/stm32f7xx_hal_i2c.o
 .text.I2C_TransferConfig
                0x000000000800b4ac       0x5c Drivers/STM32F7xx_HAL_Driver/Src/stm32f7xx_hal_i2c.o
 .text.HAL_I2CEx_ConfigAnalogFilter
                0x000000000800b508       0x96 Drivers/STM32F7xx_HAL_Driver/Src/stm32f7xx_hal_i2c_ex.o
                0x000000000800b508                HAL_I2CEx_ConfigAnalogFilter
 *fill*         0x000000000800b59e        0x2 
 .text.HAL_LTDC_Init
                0x000000000800b5a0      0x1b8 Drivers/STM32F7xx_HAL_Driver/Src/stm32f7xx_hal_ltdc.o
                0x000000000800b5a0                HAL_LTDC_Init
 .text.HAL_LTDC_ConfigLayer
                0x000000000800b758       0x7c Drivers/STM32F7xx_HAL_Driver/Src/stm32f7xx_hal_ltdc.o
                0x000000000800b758                HAL_LTDC_ConfigLayer
 .text.HAL_LTDC_SetAlpha
                0x000000000800b7d4       0x6c Drivers/STM32F7xx_HAL_Driver/Src/stm32f7xx_hal_ltdc.o
                0x000000000800b7d4                HAL_LTDC_SetAlpha
 .text.HAL_LTDC_GetState
                0x000000000800b840       0x1c Drivers/STM32F7xx_HAL_Driver/Src/stm32f7xx_hal_ltdc.o
                0x000000000800b840                HAL_LTDC_GetState
 .text.LTDC_SetConfig
                0x000000000800b85c      0x340 Drivers/STM32F7xx_HAL_Driver/Src/stm32f7xx_hal_ltdc.o
 .text.HAL_PWREx_EnableOverDrive
                0x000000000800bb9c       0xa0 Drivers/STM32F7xx_HAL_Driver/Src/stm32f7xx_hal_pwr_ex.o
                0x000000000800bb9c                HAL_PWREx_EnableOverDrive
 .text.HAL_RCC_OscConfig
                0x000000000800bc3c      0x4e0 Drivers/STM32F7xx_HAL_Driver/Src/stm32f7xx_hal_rcc.o
                0x000000000800bc3c                HAL_RCC_OscConfig
 .text.HAL_RCC_ClockConfig
                0x000000000800c11c      0x1d0 Drivers/STM32F7xx_HAL_Driver/Src/stm32f7xx_hal_rcc.o
                0x000000000800c11c                HAL_RCC_ClockConfig
 .text.HAL_RCC_GetSysClockFreq
                0x000000000800c2ec      0x164 Drivers/STM32F7xx_HAL_Driver/Src/stm32f7xx_hal_rcc.o
                0x000000000800c2ec                HAL_RCC_GetSysClockFreq
 .text.HAL_RCCEx_PeriphCLKConfig
                0x000000000800c450      0x7dc Drivers/STM32F7xx_HAL_Driver/Src/stm32f7xx_hal_rcc_ex.o
                0x000000000800c450                HAL_RCCEx_PeriphCLKConfig
 .text.HAL_SDRAM_Init
                0x000000000800cc2c       0x68 Drivers/STM32F7xx_HAL_Driver/Src/stm32f7xx_hal_sdram.o
                0x000000000800cc2c                HAL_SDRAM_Init
 .text.HAL_SDRAM_MspInit
                0x000000000800cc94       0x14 Drivers/STM32F7xx_HAL_Driver/Src/stm32f7xx_hal_sdram.o
                0x000000000800cc94                HAL_SDRAM_MspInit
 .text.HAL_SDRAM_SendCommand
                0x000000000800cca8       0x56 Drivers/STM32F7xx_HAL_Driver/Src/stm32f7xx_hal_sdram.o
                0x000000000800cca8                HAL_SDRAM_SendCommand
 .text.HAL_SDRAM_ProgramRefreshRate
                0x000000000800ccfe       0x40 Drivers/STM32F7xx_HAL_Driver/Src/stm32f7xx_hal_sdram.o
                0x000000000800ccfe                HAL_SDRAM_ProgramRefreshRate
 .text.HAL_SPI_Init
                0x000000000800cd3e      0x12e Drivers/STM32F7xx_HAL_Driver/Src/stm32f7xx_hal_spi.o
                0x000000000800cd3e                HAL_SPI_Init
 .text.HAL_SPI_Transmit
                0x000000000800ce6c      0x258 Drivers/STM32F7xx_HAL_Driver/Src/stm32f7xx_hal_spi.o
                0x000000000800ce6c                HAL_SPI_Transmit
 .text.HAL_SPI_TransmitReceive
                0x000000000800d0c4      0x43e Drivers/STM32F7xx_HAL_Driver/Src/stm32f7xx_hal_spi.o
                0x000000000800d0c4                HAL_SPI_TransmitReceive
 .text.SPI_WaitFlagStateUntilTimeout
                0x000000000800d502       0xcc Drivers/STM32F7xx_HAL_Driver/Src/stm32f7xx_hal_spi.o
 .text.SPI_WaitFifoStateUntilTimeout
                0x000000000800d5ce       0xe8 Drivers/STM32F7xx_HAL_Driver/Src/stm32f7xx_hal_spi.o
 .text.SPI_EndRxTxTransaction
                0x000000000800d6b6       0x7e Drivers/STM32F7xx_HAL_Driver/Src/stm32f7xx_hal_spi.o
 .text.FMC_SDRAM_Init
                0x000000000800d734       0xe4 Drivers/STM32F7xx_HAL_Driver/Src/stm32f7xx_ll_fmc.o
                0x000000000800d734                FMC_SDRAM_Init
 .text.FMC_SDRAM_Timing_Init
                0x000000000800d818      0x100 Drivers/STM32F7xx_HAL_Driver/Src/stm32f7xx_ll_fmc.o
                0x000000000800d818                FMC_SDRAM_Timing_Init
 .text.FMC_SDRAM_SendCommand
                0x000000000800d918       0x42 Drivers/STM32F7xx_HAL_Driver/Src/stm32f7xx_ll_fmc.o
                0x000000000800d918                FMC_SDRAM_SendCommand
 .text.FMC_SDRAM_ProgramRefreshRate
                0x000000000800d95a       0x26 Drivers/STM32F7xx_HAL_Driver/Src/stm32f7xx_ll_fmc.o
                0x000000000800d95a                FMC_SDRAM_ProgramRefreshRate
 .text._ZN11JPEGDecoderC2Ev
                0x000000000800d980       0x36 Src/JPEGDecoder.o
                0x000000000800d980                JPEGDecoder::JPEGDecoder()
                0x000000000800d980                JPEGDecoder::JPEGDecoder()
 .text._ZN11JPEGDecoderD2Ev
                0x000000000800d9b6       0x32 Src/JPEGDecoder.o
                0x000000000800d9b6                JPEGDecoder::~JPEGDecoder()
                0x000000000800d9b6                JPEGDecoder::~JPEGDecoder()
 .text._ZN11JPEGDecoder14pjpeg_callbackEPhhS0_Pv
                0x000000000800d9e8       0x34 Src/JPEGDecoder.o
                0x000000000800d9e8                JPEGDecoder::pjpeg_callback(unsigned char*, unsigned char, unsigned char*, void*)
 .text._ZN11JPEGDecoder25pjpeg_need_bytes_callbackEPhhS0_Pv
                0x000000000800da1c       0x78 Src/JPEGDecoder.o
                0x000000000800da1c                JPEGDecoder::pjpeg_need_bytes_callback(unsigned char*, unsigned char, unsigned char*, void*)
 .text._ZN11JPEGDecoder10decode_mcuEv
                0x000000000800da94       0x40 Src/JPEGDecoder.o
                0x000000000800da94                JPEGDecoder::decode_mcu()
 .text._ZN11JPEGDecoder4readEv
                0x000000000800dad4      0x274 Src/JPEGDecoder.o
                0x000000000800dad4                JPEGDecoder::read()
 .text._ZN11JPEGDecoder11decodeArrayEPKhm
                0x000000000800dd48       0x36 Src/JPEGDecoder.o
                0x000000000800dd48                JPEGDecoder::decodeArray(unsigned char const*, unsigned long)
 *fill*         0x000000000800dd7e        0x2 
 .text._ZN11JPEGDecoder12decodeCommonEv
                0x000000000800dd80      0x144 Src/JPEGDecoder.o
                0x000000000800dd80                JPEGDecoder::decodeCommon()
 .text._ZN11JPEGDecoder5abortEv
                0x000000000800dec4       0x42 Src/JPEGDecoder.o
                0x000000000800dec4                JPEGDecoder::abort()
 *fill*         0x000000000800df06        0x2 
 .text._Z41__static_initialization_and_destruction_0ii
                0x000000000800df08       0x44 Src/JPEGDecoder.o
 .text._GLOBAL__sub_I_JpegDec
                0x000000000800df4c       0x10 Src/JPEGDecoder.o
 .text._GLOBAL__sub_D_JpegDec
                0x000000000800df5c       0x10 Src/JPEGDecoder.o
 .text._Z10flush_fifov
                0x000000000800df6c       0x10 Src/camera.o
                0x000000000800df6c                flush_fifo()
 .text._Z15clear_fifo_flagv
                0x000000000800df7c       0x10 Src/camera.o
                0x000000000800df7c                clear_fifo_flag()
 .text._Z13start_capturev
                0x000000000800df8c       0x10 Src/camera.o
                0x000000000800df8c                start_capture()
 .text._Z10initCamerav
                0x000000000800df9c       0x9c Src/camera.o
                0x000000000800df9c                initCamera()
 .text._Z20OV2640_set_JPEG_sizeh
                0x000000000800e038       0xb8 Src/camera.o
                0x000000000800e038                OV2640_set_JPEG_size(unsigned char)
 .text._Z16read_fifo_lengthv
                0x000000000800e0f0       0x4a Src/camera.o
                0x000000000800e0f0                read_fifo_length()
 *fill*         0x000000000800e13a        0x2 
 .text._Z22DecodeandProcessAndRGBiiPaPti
                0x000000000800e13c      0x330 Src/camera.o
                0x000000000800e13c                DecodeandProcessAndRGB(int, int, signed char*, unsigned short*, int)
 .text._Z12StartCapturev
                0x000000000800e46c       0x22 Src/camera.o
                0x000000000800e46c                StartCapture()
 .text._Z11ReadCapturev
                0x000000000800e48e       0x2c Src/camera.o
                0x000000000800e48e                ReadCapture()
 *fill*         0x000000000800e4ba        0x2 
 .text._Z15read_fifo_burstv
                0x000000000800e4bc       0x98 Src/camera.o
                0x000000000800e4bc                read_fifo_burst()
 .text._Z11camI2CSetupv
                0x000000000800e554       0x80 Src/camera_i2c.o
                0x000000000800e554                camI2CSetup()
 .text._Z15camI2CErrorTestv
                0x000000000800e5d4       0x48 Src/camera_i2c.o
                0x000000000800e5d4                camI2CErrorTest()
 .text._Z14wrSensorReg8_8hh
                0x000000000800e61c       0x40 Src/camera_i2c.o
                0x000000000800e61c                wrSensorReg8_8(unsigned char, unsigned char)
 .text._Z15wrSensorRegs8_8PK10sensor_reg
                0x000000000800e65c       0x5e Src/camera_i2c.o
                0x000000000800e65c                wrSensorRegs8_8(sensor_reg const*)
 *fill*         0x000000000800e6ba        0x2 
 .text._Z14rdSensorReg8_8hPh
                0x000000000800e6bc       0x70 Src/camera_i2c.o
                0x000000000800e6bc                rdSensorReg8_8(unsigned char, unsigned char*)
 .text._Z11camSPISetupv
                0x000000000800e72c       0xb4 Src/camera_spi.o
                0x000000000800e72c                camSPISetup()
 .text._Z15camSPIErrorTestv
                0x000000000800e7e0       0x5e Src/camera_spi.o
                0x000000000800e7e0                camSPIErrorTest()
 *fill*         0x000000000800e83e        0x2 
 .text._Z11camSPIResetv
                0x000000000800e840       0x44 Src/camera_spi.o
                0x000000000800e840                camSPIReset()
 .text._Z11camWriteReghh
                0x000000000800e884       0x58 Src/camera_spi.o
                0x000000000800e884                camWriteReg(unsigned char, unsigned char)
 .text._Z11camTransferh
                0x000000000800e8dc       0x2c Src/camera_spi.o
                0x000000000800e8dc                camTransfer(unsigned char)
 .text._Z12camTransfersPhm
                0x000000000800e908       0x60 Src/camera_spi.o
                0x000000000800e908                camTransfers(unsigned char*, unsigned long)
 .text._Z10camReadRegh
                0x000000000800e968       0x4c Src/camera_spi.o
                0x000000000800e968                camReadReg(unsigned char)
 .text._Z13camReadRegBithh
                0x000000000800e9b4       0x2e Src/camera_spi.o
                0x000000000800e9b4                camReadRegBit(unsigned char, unsigned char)
 .text._Z13loadRGB565LCDmmmmPth
                0x000000000800e9e2       0xc8 Src/lcd.o
                0x000000000800e9e2                loadRGB565LCD(unsigned long, unsigned long, unsigned long, unsigned long, unsigned short*, unsigned char)
 .text._Z19drawBlackBackgroundiiii
                0x000000000800eaaa       0x56 Src/lcd.o
                0x000000000800eaaa                drawBlackBackground(int, int, int, int)
 .text._Z13displaystringPcii
                0x000000000800eb00       0x24 Src/lcd.o
                0x000000000800eb00                displaystring(char*, int, int)
 .text._Z8lcdsetupv
                0x000000000800eb24       0x90 Src/lcd.o
                0x000000000800eb24                lcdsetup()
 .text._Z16SaveFrameToFlashmPtm
                0x000000000800ebb4       0x7a Src/main.o
                0x000000000800ebb4                SaveFrameToFlash(unsigned long, unsigned short*, unsigned long)
 *fill*         0x000000000800ec2e        0x2 
 .text.main     0x000000000800ec30      0x39c Src/main.o
                0x000000000800ec30                main
 .text._ZL18SystemClock_Configv
                0x000000000800efcc       0x9a Src/main.o
 *fill*         0x000000000800f066        0x2 
 .text._ZL16CPU_CACHE_Enablev
                0x000000000800f068       0xec Src/main.o
 .text._ZL12MX_GPIO_Initv
                0x000000000800f154      0x490 Src/main.o
 .text.replicateSignBit16
                0x000000000800f5e4       0xd4 Src/picojpeg.o
 .text.arithmeticRightShiftN16
                0x000000000800f6b8       0x44 Src/picojpeg.o
 .text.arithmeticRightShift8L
                0x000000000800f6fc       0x2a Src/picojpeg.o
 *fill*         0x000000000800f726        0x2 
 .text.fillInBuf
                0x000000000800f728       0x60 Src/picojpeg.o
 .text.getChar  0x000000000800f788       0x68 Src/picojpeg.o
 .text.stuffChar
                0x000000000800f7f0       0x48 Src/picojpeg.o
 .text.getOctet
                0x000000000800f838       0x44 Src/picojpeg.o
 .text.getBits  0x000000000800f87c      0x124 Src/picojpeg.o
 .text.getBits1
                0x000000000800f9a0       0x1e Src/picojpeg.o
 .text.getBits2
                0x000000000800f9be       0x1e Src/picojpeg.o
 .text.getBit   0x000000000800f9dc       0x6c Src/picojpeg.o
 .text.getExtendTest
                0x000000000800fa48       0xb4 Src/picojpeg.o
 .text.getExtendOffset
                0x000000000800fafc       0xd0 Src/picojpeg.o
 .text.huffExtend
                0x000000000800fbcc       0x44 Src/picojpeg.o
 .text.huffDecode
                0x000000000800fc10       0x90 Src/picojpeg.o
 .text.huffCreate
                0x000000000800fca0       0xae Src/picojpeg.o
 *fill*         0x000000000800fd4e        0x2 
 .text.getHuffTable
                0x000000000800fd50       0x58 Src/picojpeg.o
 .text.getHuffVal
                0x000000000800fda8       0x58 Src/picojpeg.o
 .text.getMaxHuffCodes
                0x000000000800fe00       0x22 Src/picojpeg.o
 *fill*         0x000000000800fe22        0x2 
 .text.readDHTMarker
                0x000000000800fe24      0x168 Src/picojpeg.o
 .text.readDQTMarker
                0x000000000800ff8c      0x108 Src/picojpeg.o
 .text.readSOFMarker
                0x0000000008010094      0x12c Src/picojpeg.o
 .text.skipVariableMarker
                0x00000000080101c0       0x3e Src/picojpeg.o
 *fill*         0x00000000080101fe        0x2 
 .text.readDRIMarker
                0x0000000008010200       0x2c Src/picojpeg.o
 .text.readSOSMarker
                0x000000000801022c      0x130 Src/picojpeg.o
 .text.nextMarker
                0x000000000801035c       0x40 Src/picojpeg.o
 .text.processMarkers
                0x000000000801039c       0x86 Src/picojpeg.o
 *fill*         0x0000000008010422        0x2 
 .text.locateSOIMarker
                0x0000000008010424       0x88 Src/picojpeg.o
 .text.locateSOFMarker
                0x00000000080104ac       0x68 Src/picojpeg.o
 .text.locateSOSMarker
                0x0000000008010514       0x4e Src/picojpeg.o
 *fill*         0x0000000008010562        0x2 
 .text.init     0x0000000008010564       0x90 Src/picojpeg.o
 .text.fixInBuffer
                0x00000000080105f4       0x48 Src/picojpeg.o
 .text.processRestart
                0x000000000801063c       0xcc Src/picojpeg.o
 .text.checkHuffTables
                0x0000000008010708       0x88 Src/picojpeg.o
 .text.checkQuantTables
                0x0000000008010790       0x64 Src/picojpeg.o
 .text.initScan
                0x00000000080107f4       0x90 Src/picojpeg.o
 .text.initFrame
                0x0000000008010884      0x224 Src/picojpeg.o
 .text.createWinogradQuant
                0x0000000008010aa8       0x5c Src/picojpeg.o
 .text.imul_b1_b3
                0x0000000008010b04       0x30 Src/picojpeg.o
 .text.imul_b2  0x0000000008010b34       0x30 Src/picojpeg.o
 .text.imul_b4  0x0000000008010b64       0x30 Src/picojpeg.o
 .text.imul_b5  0x0000000008010b94       0x2e Src/picojpeg.o
 .text.clamp    0x0000000008010bc2       0x38 Src/picojpeg.o
 *fill*         0x0000000008010bfa        0x2 
 .text.idctRows
                0x0000000008010bfc      0x288 Src/picojpeg.o
 .text.idctCols
                0x0000000008010e84      0x3d8 Src/picojpeg.o
 .text.addAndClamp
                0x000000000801125c       0x4a Src/picojpeg.o
 .text.subAndClamp
                0x00000000080112a6       0x4a Src/picojpeg.o
 .text.upsampleCb
                0x00000000080112f0      0x190 Src/picojpeg.o
 .text.upsampleCbH
                0x0000000008011480      0x110 Src/picojpeg.o
 .text.upsampleCbV
                0x0000000008011590      0x11c Src/picojpeg.o
 .text.upsampleCr
                0x00000000080116ac      0x190 Src/picojpeg.o
 .text.upsampleCrH
                0x000000000801183c      0x110 Src/picojpeg.o
 .text.upsampleCrV
                0x000000000801194c      0x11c Src/picojpeg.o
 .text.copyY    0x0000000008011a68       0x80 Src/picojpeg.o
 .text.convertCb
                0x0000000008011ae8       0xb8 Src/picojpeg.o
 .text.convertCr
                0x0000000008011ba0       0xb8 Src/picojpeg.o
 .text.transformBlock
                0x0000000008011c58      0x1b4 Src/picojpeg.o
 .text.transformBlockReduce
                0x0000000008011e0c      0x70c Src/picojpeg.o
 .text.decodeNextMCU
                0x0000000008012518      0x358 Src/picojpeg.o
 .text.pjpeg_decode_mcu
                0x0000000008012870       0x68 Src/picojpeg.o
                0x0000000008012870                pjpeg_decode_mcu
 .text.pjpeg_decode_init
                0x00000000080128d8      0x1b0 Src/picojpeg.o
                0x00000000080128d8                pjpeg_decode_init
 .text.Reset_Handler
                0x0000000008012a88       0x50 Src/startup_stm32f746xx.o
                0x0000000008012a88                Reset_Handler
 .text.Default_Handler
                0x0000000008012ad8        0x2 Src/startup_stm32f746xx.o
                0x0000000008012ad8                RTC_Alarm_IRQHandler
                0x0000000008012ad8                EXTI2_IRQHandler
                0x0000000008012ad8                TIM8_CC_IRQHandler
                0x0000000008012ad8                UART8_IRQHandler
                0x0000000008012ad8                SPI4_IRQHandler
                0x0000000008012ad8                TIM1_CC_IRQHandler
                0x0000000008012ad8                DMA2_Stream5_IRQHandler
                0x0000000008012ad8                DMA1_Stream5_IRQHandler
                0x0000000008012ad8                PVD_IRQHandler
                0x0000000008012ad8                TAMP_STAMP_IRQHandler
                0x0000000008012ad8                CAN2_RX1_IRQHandler
                0x0000000008012ad8                EXTI3_IRQHandler
                0x0000000008012ad8                TIM8_TRG_COM_TIM14_IRQHandler
                0x0000000008012ad8                TIM1_UP_TIM10_IRQHandler
                0x0000000008012ad8                TIM8_UP_TIM13_IRQHandler
                0x0000000008012ad8                I2C3_ER_IRQHandler
                0x0000000008012ad8                EXTI0_IRQHandler
                0x0000000008012ad8                I2C2_EV_IRQHandler
                0x0000000008012ad8                DMA1_Stream2_IRQHandler
                0x0000000008012ad8                CAN1_RX0_IRQHandler
                0x0000000008012ad8                FPU_IRQHandler
                0x0000000008012ad8                OTG_HS_WKUP_IRQHandler
                0x0000000008012ad8                LTDC_ER_IRQHandler
                0x0000000008012ad8                CAN2_SCE_IRQHandler
                0x0000000008012ad8                DMA2_Stream2_IRQHandler
                0x0000000008012ad8                SPI1_IRQHandler
                0x0000000008012ad8                TIM6_DAC_IRQHandler
                0x0000000008012ad8                TIM1_BRK_TIM9_IRQHandler
                0x0000000008012ad8                DCMI_IRQHandler
                0x0000000008012ad8                CAN2_RX0_IRQHandler
                0x0000000008012ad8                DMA2_Stream3_IRQHandler
                0x0000000008012ad8                SAI2_IRQHandler
                0x0000000008012ad8                USART6_IRQHandler
                0x0000000008012ad8                USART3_IRQHandler
                0x0000000008012ad8                CAN1_RX1_IRQHandler
                0x0000000008012ad8                UART5_IRQHandler
                0x0000000008012ad8                DMA2_Stream0_IRQHandler
                0x0000000008012ad8                TIM4_IRQHandler
                0x0000000008012ad8                QUADSPI_IRQHandler
                0x0000000008012ad8                I2C1_EV_IRQHandler
                0x0000000008012ad8                DMA1_Stream6_IRQHandler
                0x0000000008012ad8                DMA1_Stream1_IRQHandler
                0x0000000008012ad8                UART4_IRQHandler
                0x0000000008012ad8                TIM3_IRQHandler
                0x0000000008012ad8                RCC_IRQHandler
                0x0000000008012ad8                TIM8_BRK_TIM12_IRQHandler
                0x0000000008012ad8                Default_Handler
                0x0000000008012ad8                CEC_IRQHandler
                0x0000000008012ad8                EXTI15_10_IRQHandler
                0x0000000008012ad8                ADC_IRQHandler
                0x0000000008012ad8                DMA1_Stream7_IRQHandler
                0x0000000008012ad8                SPI5_IRQHandler
                0x0000000008012ad8                TIM7_IRQHandler
                0x0000000008012ad8                SDMMC1_IRQHandler
                0x0000000008012ad8                CAN2_TX_IRQHandler
                0x0000000008012ad8                TIM5_IRQHandler
                0x0000000008012ad8                DMA2_Stream7_IRQHandler
                0x0000000008012ad8                I2C3_EV_IRQHandler
                0x0000000008012ad8                EXTI9_5_IRQHandler
                0x0000000008012ad8                RTC_WKUP_IRQHandler
                0x0000000008012ad8                LTDC_IRQHandler
                0x0000000008012ad8                ETH_WKUP_IRQHandler
                0x0000000008012ad8                SPDIF_RX_IRQHandler
                0x0000000008012ad8                SPI2_IRQHandler
                0x0000000008012ad8                OTG_HS_EP1_IN_IRQHandler
                0x0000000008012ad8                DMA1_Stream0_IRQHandler
                0x0000000008012ad8                CAN1_TX_IRQHandler
                0x0000000008012ad8                EXTI4_IRQHandler
                0x0000000008012ad8                RNG_IRQHandler
                0x0000000008012ad8                ETH_IRQHandler
                0x0000000008012ad8                OTG_HS_EP1_OUT_IRQHandler
                0x0000000008012ad8                WWDG_IRQHandler
                0x0000000008012ad8                SPI6_IRQHandler
                0x0000000008012ad8                I2C4_EV_IRQHandler
                0x0000000008012ad8                TIM2_IRQHandler
                0x0000000008012ad8                OTG_FS_WKUP_IRQHandler
                0x0000000008012ad8                TIM1_TRG_COM_TIM11_IRQHandler
                0x0000000008012ad8                OTG_HS_IRQHandler
                0x0000000008012ad8                DMA2D_IRQHandler
                0x0000000008012ad8                EXTI1_IRQHandler
                0x0000000008012ad8                UART7_IRQHandler
                0x0000000008012ad8                USART2_IRQHandler
                0x0000000008012ad8                I2C2_ER_IRQHandler
                0x0000000008012ad8                DMA2_Stream1_IRQHandler
                0x0000000008012ad8                CAN1_SCE_IRQHandler
                0x0000000008012ad8                FLASH_IRQHandler
                0x0000000008012ad8                DMA2_Stream4_IRQHandler
                0x0000000008012ad8                USART1_IRQHandler
                0x0000000008012ad8                OTG_FS_IRQHandler
                0x0000000008012ad8                SPI3_IRQHandler
                0x0000000008012ad8                DMA1_Stream4_IRQHandler
                0x0000000008012ad8                I2C1_ER_IRQHandler
                0x0000000008012ad8                FMC_IRQHandler
                0x0000000008012ad8                LPTIM1_IRQHandler
                0x0000000008012ad8                I2C4_ER_IRQHandler
                0x0000000008012ad8                DMA2_Stream6_IRQHandler
                0x0000000008012ad8                SAI1_IRQHandler
                0x0000000008012ad8                DMA1_Stream3_IRQHandler
 *fill*         0x0000000008012ada        0x2 
 .text.HAL_I2C_MspInit
                0x0000000008012adc       0xbc Src/stm32f7xx_hal_msp.o
                0x0000000008012adc                HAL_I2C_MspInit
 .text.HAL_SPI_MspInit
                0x0000000008012b98       0xd8 Src/stm32f7xx_hal_msp.o
                0x0000000008012b98                HAL_SPI_MspInit
 .text.HAL_LTDC_MspInit
                0x0000000008012c70      0x180 Src/stm32f7xx_hal_msp.o
                0x0000000008012c70                HAL_LTDC_MspInit
 .text.NMI_Handler
                0x0000000008012df0        0xe Src/stm32f7xx_it.o
                0x0000000008012df0                NMI_Handler
 .text.HardFault_Handler
                0x0000000008012dfe        0x6 Src/stm32f7xx_it.o
                0x0000000008012dfe                HardFault_Handler
 .text.MemManage_Handler
                0x0000000008012e04        0x6 Src/stm32f7xx_it.o
                0x0000000008012e04                MemManage_Handler
 .text.BusFault_Handler
                0x0000000008012e0a        0x6 Src/stm32f7xx_it.o
                0x0000000008012e0a                BusFault_Handler
 .text.UsageFault_Handler
                0x0000000008012e10        0x6 Src/stm32f7xx_it.o
                0x0000000008012e10                UsageFault_Handler
 .text.SVC_Handler
                0x0000000008012e16        0xe Src/stm32f7xx_it.o
                0x0000000008012e16                SVC_Handler
 .text.DebugMon_Handler
                0x0000000008012e24        0xe Src/stm32f7xx_it.o
                0x0000000008012e24                DebugMon_Handler
 .text.PendSV_Handler
                0x0000000008012e32        0xe Src/stm32f7xx_it.o
                0x0000000008012e32                PendSV_Handler
 .text.SysTick_Handler
                0x0000000008012e40        0xc Src/stm32f7xx_it.o
                0x0000000008012e40                SysTick_Handler
 .text.SystemInit
                0x0000000008012e4c       0x6c Src/system_stm32f7xx.o
                0x0000000008012e4c                SystemInit
 .text.getInput
                0x0000000008012eb8       0x1c Src/TinyEngine/codegen/Source/genModel.o
                0x0000000008012eb8                getInput
 .text.ITM_SendChar
                0x0000000008012ed4       0x4e Src/sys/_io.o
 *fill*         0x0000000008012f22        0x2 
 .text.ITM_ReceiveChar
                0x0000000008012f24       0x38 Src/sys/_io.o
 .text.__io_putchar
                0x0000000008012f5c       0x1a Src/sys/_io.o
                0x0000000008012f5c                __io_putchar
 .text.__io_getchar
                0x0000000008012f76        0xe Src/sys/_io.o
                0x0000000008012f76                __io_getchar
 .text._write   0x0000000008012f84       0x38 Src/sys/stubs.o
                0x0000000008012f84                _write
 .text._read    0x0000000008012fbc       0x3a Src/sys/stubs.o
                0x0000000008012fbc                _read
 .text._close   0x0000000008012ff6       0x18 Src/sys/stubs.o
                0x0000000008012ff6                _close
 .text._fstat   0x000000000801300e       0x1a Src/sys/stubs.o
                0x000000000801300e                _fstat
 .text._isatty  0x0000000008013028       0x18 Src/sys/stubs.o
                0x0000000008013028                _isatty
 .text._lseek   0x0000000008013040       0x1c Src/sys/stubs.o
                0x0000000008013040                _lseek
 .text._exit    0x000000000801305c       0x14 Src/sys/stubs.o
                0x000000000801305c                _exit
 .text._ZdaPv   0x0000000008013070        0x4 /opt/st/stm32cubeide_1.5.0/plugins/com.st.stm32cube.ide.mcu.externaltools.gnu-tools-for-stm32.7-2018-q2-update.linux64_1.5.0.202011040924/tools/bin/../lib/gcc/arm-none-eabi/7.3.1/../../../../arm-none-eabi/lib/thumb/v7e-m/fpv4-sp/hard/libstdc++.a(del_opv.o)
                0x0000000008013070                operator delete[](void*)
 .text._Znaj    0x0000000008013074        0x4 /opt/st/stm32cubeide_1.5.0/plugins/com.st.stm32cube.ide.mcu.externaltools.gnu-tools-for-stm32.7-2018-q2-update.linux64_1.5.0.202011040924/tools/bin/../lib/gcc/arm-none-eabi/7.3.1/../../../../arm-none-eabi/lib/thumb/v7e-m/fpv4-sp/hard/libstdc++.a(new_opv.o)
                0x0000000008013074                operator new[](unsigned int)
 .text._Znwj    0x0000000008013078       0x3c /opt/st/stm32cubeide_1.5.0/plugins/com.st.stm32cube.ide.mcu.externaltools.gnu-tools-for-stm32.7-2018-q2-update.linux64_1.5.0.202011040924/tools/bin/../lib/gcc/arm-none-eabi/7.3.1/../../../../arm-none-eabi/lib/thumb/v7e-m/fpv4-sp/hard/libstdc++.a(new_op.o)
                0x0000000008013078                operator new(unsigned int)
 .text._ZSt15get_new_handlerv
                0x00000000080130b4       0x10 /opt/st/stm32cubeide_1.5.0/plugins/com.st.stm32cube.ide.mcu.externaltools.gnu-tools-for-stm32.7-2018-q2-update.linux64_1.5.0.202011040924/tools/bin/../lib/gcc/arm-none-eabi/7.3.1/../../../../arm-none-eabi/lib/thumb/v7e-m/fpv4-sp/hard/libstdc++.a(new_handler.o)
                0x00000000080130b4                std::get_new_handler()
 .text._ZdlPv   0x00000000080130c4        0x4 /opt/st/stm32cubeide_1.5.0/plugins/com.st.stm32cube.ide.mcu.externaltools.gnu-tools-for-stm32.7-2018-q2-update.linux64_1.5.0.202011040924/tools/bin/../lib/gcc/arm-none-eabi/7.3.1/../../../../arm-none-eabi/lib/thumb/v7e-m/fpv4-sp/hard/libstdc++.a(del_op.o)
                0x00000000080130c4                operator delete(void*)
 .text._ZN12_GLOBAL__N_14pool4freeEPv.constprop.4
                0x00000000080130c8       0x90 /opt/st/stm32cubeide_1.5.0/plugins/com.st.stm32cube.ide.mcu.externaltools.gnu-tools-for-stm32.7-2018-q2-update.linux64_1.5.0.202011040924/tools/bin/../lib/gcc/arm-none-eabi/7.3.1/../../../../arm-none-eabi/lib/thumb/v7e-m/fpv4-sp/hard/libstdc++.a(eh_alloc.o)
 .text._ZN12_GLOBAL__N_14pool8allocateEj.constprop.5
                0x0000000008013158       0x64 /opt/st/stm32cubeide_1.5.0/plugins/com.st.stm32cube.ide.mcu.externaltools.gnu-tools-for-stm32.7-2018-q2-update.linux64_1.5.0.202011040924/tools/bin/../lib/gcc/arm-none-eabi/7.3.1/../../../../arm-none-eabi/lib/thumb/v7e-m/fpv4-sp/hard/libstdc++.a(eh_alloc.o)
 .text.__cxa_allocate_exception
                0x00000000080131bc       0x30 /opt/st/stm32cubeide_1.5.0/plugins/com.st.stm32cube.ide.mcu.externaltools.gnu-tools-for-stm32.7-2018-q2-update.linux64_1.5.0.202011040924/tools/bin/../lib/gcc/arm-none-eabi/7.3.1/../../../../arm-none-eabi/lib/thumb/v7e-m/fpv4-sp/hard/libstdc++.a(eh_alloc.o)
                0x00000000080131bc                __cxa_allocate_exception
 .text.__cxa_free_exception
                0x00000000080131ec       0x20 /opt/st/stm32cubeide_1.5.0/plugins/com.st.stm32cube.ide.mcu.externaltools.gnu-tools-for-stm32.7-2018-q2-update.linux64_1.5.0.202011040924/tools/bin/../lib/gcc/arm-none-eabi/7.3.1/../../../../arm-none-eabi/lib/thumb/v7e-m/fpv4-sp/hard/libstdc++.a(eh_alloc.o)
                0x00000000080131ec                __cxa_free_exception
 .text.startup._GLOBAL__sub_I__ZN9__gnu_cxx9__freeresEv
                0x000000000801320c       0x28 /opt/st/stm32cubeide_1.5.0/plugins/com.st.stm32cube.ide.mcu.externaltools.gnu-tools-for-stm32.7-2018-q2-update.linux64_1.5.0.202011040924/tools/bin/../lib/gcc/arm-none-eabi/7.3.1/../../../../arm-none-eabi/lib/thumb/v7e-m/fpv4-sp/hard/libstdc++.a(eh_alloc.o)
 .text._ZNKSt9bad_alloc4whatEv
                0x0000000008013234        0x8 /opt/st/stm32cubeide_1.5.0/plugins/com.st.stm32cube.ide.mcu.externaltools.gnu-tools-for-stm32.7-2018-q2-update.linux64_1.5.0.202011040924/tools/bin/../lib/gcc/arm-none-eabi/7.3.1/../../../../arm-none-eabi/lib/thumb/v7e-m/fpv4-sp/hard/libstdc++.a(bad_alloc.o)
                0x0000000008013234                std::bad_alloc::what() const
 .text._ZNSt9bad_allocD2Ev
                0x000000000801323c       0x14 /opt/st/stm32cubeide_1.5.0/plugins/com.st.stm32cube.ide.mcu.externaltools.gnu-tools-for-stm32.7-2018-q2-update.linux64_1.5.0.202011040924/tools/bin/../lib/gcc/arm-none-eabi/7.3.1/../../../../arm-none-eabi/lib/thumb/v7e-m/fpv4-sp/hard/libstdc++.a(bad_alloc.o)
                0x000000000801323c                std::bad_alloc::~bad_alloc()
                0x000000000801323c                std::bad_alloc::~bad_alloc()
 .text._ZNSt9bad_allocD0Ev
                0x0000000008013250       0x1c /opt/st/stm32cubeide_1.5.0/plugins/com.st.stm32cube.ide.mcu.externaltools.gnu-tools-for-stm32.7-2018-q2-update.linux64_1.5.0.202011040924/tools/bin/../lib/gcc/arm-none-eabi/7.3.1/../../../../arm-none-eabi/lib/thumb/v7e-m/fpv4-sp/hard/libstdc++.a(bad_alloc.o)
                0x0000000008013250                std::bad_alloc::~bad_alloc()
 .text._ZdlPvj  0x000000000801326c        0x4 /opt/st/stm32cubeide_1.5.0/plugins/com.st.stm32cube.ide.mcu.externaltools.gnu-tools-for-stm32.7-2018-q2-update.linux64_1.5.0.202011040924/tools/bin/../lib/gcc/arm-none-eabi/7.3.1/../../../../arm-none-eabi/lib/thumb/v7e-m/fpv4-sp/hard/libstdc++.a(del_ops.o)
                0x000000000801326c                operator delete(void*, unsigned int)
 .text._ZL23__gxx_exception_cleanup19_Unwind_Reason_CodeP21_Unwind_Control_Block
                0x0000000008013270       0x44 /opt/st/stm32cubeide_1.5.0/plugins/com.st.stm32cube.ide.mcu.externaltools.gnu-tools-for-stm32.7-2018-q2-update.linux64_1.5.0.202011040924/tools/bin/../lib/gcc/arm-none-eabi/7.3.1/../../../../arm-none-eabi/lib/thumb/v7e-m/fpv4-sp/hard/libstdc++.a(eh_throw.o)
 .text.__cxa_init_primary_exception
                0x00000000080132b4       0x58 /opt/st/stm32cubeide_1.5.0/plugins/com.st.stm32cube.ide.mcu.externaltools.gnu-tools-for-stm32.7-2018-q2-update.linux64_1.5.0.202011040924/tools/bin/../lib/gcc/arm-none-eabi/7.3.1/../../../../arm-none-eabi/lib/thumb/v7e-m/fpv4-sp/hard/libstdc++.a(eh_throw.o)
                0x00000000080132b4                __cxa_init_primary_exception
 .text.__cxa_throw
                0x000000000801330c       0x38 /opt/st/stm32cubeide_1.5.0/plugins/com.st.stm32cube.ide.mcu.externaltools.gnu-tools-for-stm32.7-2018-q2-update.linux64_1.5.0.202011040924/tools/bin/../lib/gcc/arm-none-eabi/7.3.1/../../../../arm-none-eabi/lib/thumb/v7e-m/fpv4-sp/hard/libstdc++.a(eh_throw.o)
                0x000000000801330c                __cxa_throw
 .text.__cxa_rethrow
                0x0000000008013344       0x70 /opt/st/stm32cubeide_1.5.0/plugins/com.st.stm32cube.ide.mcu.externaltools.gnu-tools-for-stm32.7-2018-q2-update.linux64_1.5.0.202011040924/tools/bin/../lib/gcc/arm-none-eabi/7.3.1/../../../../arm-none-eabi/lib/thumb/v7e-m/fpv4-sp/hard/libstdc++.a(eh_throw.o)
                0x0000000008013344                __cxa_rethrow
 .text.__cxa_begin_catch
                0x00000000080133b4       0x80 /opt/st/stm32cubeide_1.5.0/plugins/com.st.stm32cube.ide.mcu.externaltools.gnu-tools-for-stm32.7-2018-q2-update.linux64_1.5.0.202011040924/tools/bin/../lib/gcc/arm-none-eabi/7.3.1/../../../../arm-none-eabi/lib/thumb/v7e-m/fpv4-sp/hard/libstdc++.a(eh_catch.o)
                0x00000000080133b4                __cxa_begin_catch
 .text.__cxa_end_catch
                0x0000000008013434       0x88 /opt/st/stm32cubeide_1.5.0/plugins/com.st.stm32cube.ide.mcu.externaltools.gnu-tools-for-stm32.7-2018-q2-update.linux64_1.5.0.202011040924/tools/bin/../lib/gcc/arm-none-eabi/7.3.1/../../../../arm-none-eabi/lib/thumb/v7e-m/fpv4-sp/hard/libstdc++.a(eh_catch.o)
                0x0000000008013434                __cxa_end_catch
 .text._ZN10__cxxabiv120__si_class_type_infoD2Ev
                0x00000000080134bc       0x14 /opt/st/stm32cubeide_1.5.0/plugins/com.st.stm32cube.ide.mcu.externaltools.gnu-tools-for-stm32.7-2018-q2-update.linux64_1.5.0.202011040924/tools/bin/../lib/gcc/arm-none-eabi/7.3.1/../../../../arm-none-eabi/lib/thumb/v7e-m/fpv4-sp/hard/libstdc++.a(si_class_type_info.o)
                0x00000000080134bc                __cxxabiv1::__si_class_type_info::~__si_class_type_info()
                0x00000000080134bc                __cxxabiv1::__si_class_type_info::~__si_class_type_info()
 .text._ZN10__cxxabiv120__si_class_type_infoD0Ev
                0x00000000080134d0       0x1c /opt/st/stm32cubeide_1.5.0/plugins/com.st.stm32cube.ide.mcu.externaltools.gnu-tools-for-stm32.7-2018-q2-update.linux64_1.5.0.202011040924/tools/bin/../lib/gcc/arm-none-eabi/7.3.1/../../../../arm-none-eabi/lib/thumb/v7e-m/fpv4-sp/hard/libstdc++.a(si_class_type_info.o)
                0x00000000080134d0                __cxxabiv1::__si_class_type_info::~__si_class_type_info()
 .text._ZNK10__cxxabiv120__si_class_type_info20__do_find_public_srcEiPKvPKNS_17__class_type_infoES2_
                0x00000000080134ec       0x3c /opt/st/stm32cubeide_1.5.0/plugins/com.st.stm32cube.ide.mcu.externaltools.gnu-tools-for-stm32.7-2018-q2-update.linux64_1.5.0.202011040924/tools/bin/../lib/gcc/arm-none-eabi/7.3.1/../../../../arm-none-eabi/lib/thumb/v7e-m/fpv4-sp/hard/libstdc++.a(si_class_type_info.o)
                0x00000000080134ec                __cxxabiv1::__si_class_type_info::__do_find_public_src(int, void const*, __cxxabiv1::__class_type_info const*, void const*) const
 .text._ZNK10__cxxabiv120__si_class_type_info12__do_dyncastEiNS_17__class_type_info10__sub_kindEPKS1_PKvS4_S6_RNS1_16__dyncast_resultE
                0x0000000008013528       0x80 /opt/st/stm32cubeide_1.5.0/plugins/com.st.stm32cube.ide.mcu.externaltools.gnu-tools-for-stm32.7-2018-q2-update.linux64_1.5.0.202011040924/tools/bin/../lib/gcc/arm-none-eabi/7.3.1/../../../../arm-none-eabi/lib/thumb/v7e-m/fpv4-sp/hard/libstdc++.a(si_class_type_info.o)
                0x0000000008013528                __cxxabiv1::__si_class_type_info::__do_dyncast(int, __cxxabiv1::__class_type_info::__sub_kind, __cxxabiv1::__class_type_info const*, void const*, __cxxabiv1::__class_type_info const*, void const*, __cxxabiv1::__class_type_info::__dyncast_result&) const
 .text._ZNK10__cxxabiv120__si_class_type_info11__do_upcastEPKNS_17__class_type_infoEPKvRNS1_15__upcast_resultE
                0x00000000080135a8       0x2c /opt/st/stm32cubeide_1.5.0/plugins/com.st.stm32cube.ide.mcu.externaltools.gnu-tools-for-stm32.7-2018-q2-update.linux64_1.5.0.202011040924/tools/bin/../lib/gcc/arm-none-eabi/7.3.1/../../../../arm-none-eabi/lib/thumb/v7e-m/fpv4-sp/hard/libstdc++.a(si_class_type_info.o)
                0x00000000080135a8                __cxxabiv1::__si_class_type_info::__do_upcast(__cxxabiv1::__class_type_info const*, void const*, __cxxabiv1::__class_type_info::__upcast_result&) const
 .text._ZN10__cxxabiv111__terminateEPFvvE
                0x00000000080135d4       0x28 /opt/st/stm32cubeide_1.5.0/plugins/com.st.stm32cube.ide.mcu.externaltools.gnu-tools-for-stm32.7-2018-q2-update.linux64_1.5.0.202011040924/tools/bin/../lib/gcc/arm-none-eabi/7.3.1/../../../../arm-none-eabi/lib/thumb/v7e-m/fpv4-sp/hard/libstdc++.a(eh_terminate.o)
                0x00000000080135d4                __cxxabiv1::__terminate(void (*)())
 .text._ZSt9terminatev
                0x00000000080135fc       0x14 /opt/st/stm32cubeide_1.5.0/plugins/com.st.stm32cube.ide.mcu.externaltools.gnu-tools-for-stm32.7-2018-q2-update.linux64_1.5.0.202011040924/tools/bin/../lib/gcc/arm-none-eabi/7.3.1/../../../../arm-none-eabi/lib/thumb/v7e-m/fpv4-sp/hard/libstdc++.a(eh_terminate.o)
                0x00000000080135fc                std::terminate()
 .text._ZN10__cxxabiv112__unexpectedEPFvvE
                0x0000000008013610        0x8 /opt/st/stm32cubeide_1.5.0/plugins/com.st.stm32cube.ide.mcu.externaltools.gnu-tools-for-stm32.7-2018-q2-update.linux64_1.5.0.202011040924/tools/bin/../lib/gcc/arm-none-eabi/7.3.1/../../../../arm-none-eabi/lib/thumb/v7e-m/fpv4-sp/hard/libstdc++.a(eh_terminate.o)
                0x0000000008013610                __cxxabiv1::__unexpected(void (*)())
 .text._ZSt10unexpectedv
                0x0000000008013618       0x14 /opt/st/stm32cubeide_1.5.0/plugins/com.st.stm32cube.ide.mcu.externaltools.gnu-tools-for-stm32.7-2018-q2-update.linux64_1.5.0.202011040924/tools/bin/../lib/gcc/arm-none-eabi/7.3.1/../../../../arm-none-eabi/lib/thumb/v7e-m/fpv4-sp/hard/libstdc++.a(eh_terminate.o)
                0x0000000008013618                std::unexpected()
 .text._ZSt13get_terminatev
                0x000000000801362c       0x10 /opt/st/stm32cubeide_1.5.0/plugins/com.st.stm32cube.ide.mcu.externaltools.gnu-tools-for-stm32.7-2018-q2-update.linux64_1.5.0.202011040924/tools/bin/../lib/gcc/arm-none-eabi/7.3.1/../../../../arm-none-eabi/lib/thumb/v7e-m/fpv4-sp/hard/libstdc++.a(eh_terminate.o)
                0x000000000801362c                std::get_terminate()
 .text._ZSt14get_unexpectedv
                0x000000000801363c       0x10 /opt/st/stm32cubeide_1.5.0/plugins/com.st.stm32cube.ide.mcu.externaltools.gnu-tools-for-stm32.7-2018-q2-update.linux64_1.5.0.202011040924/tools/bin/../lib/gcc/arm-none-eabi/7.3.1/../../../../arm-none-eabi/lib/thumb/v7e-m/fpv4-sp/hard/libstdc++.a(eh_terminate.o)
                0x000000000801363c                std::get_unexpected()
 .text._ZNSt9exceptionD2Ev
                0x000000000801364c        0x4 /opt/st/stm32cubeide_1.5.0/plugins/com.st.stm32cube.ide.mcu.externaltools.gnu-tools-for-stm32.7-2018-q2-update.linux64_1.5.0.202011040924/tools/bin/../lib/gcc/arm-none-eabi/7.3.1/../../../../arm-none-eabi/lib/thumb/v7e-m/fpv4-sp/hard/libstdc++.a(eh_exception.o)
                0x000000000801364c                std::exception::~exception()
                0x000000000801364c                std::exception::~exception()
 .text._ZNSt13bad_exceptionD2Ev
                0x0000000008013650        0x4 /opt/st/stm32cubeide_1.5.0/plugins/com.st.stm32cube.ide.mcu.externaltools.gnu-tools-for-stm32.7-2018-q2-update.linux64_1.5.0.202011040924/tools/bin/../lib/gcc/arm-none-eabi/7.3.1/../../../../arm-none-eabi/lib/thumb/v7e-m/fpv4-sp/hard/libstdc++.a(eh_exception.o)
                0x0000000008013650                std::bad_exception::~bad_exception()
                0x0000000008013650                std::bad_exception::~bad_exception()
 .text._ZNKSt13bad_exception4whatEv
                0x0000000008013654        0x8 /opt/st/stm32cubeide_1.5.0/plugins/com.st.stm32cube.ide.mcu.externaltools.gnu-tools-for-stm32.7-2018-q2-update.linux64_1.5.0.202011040924/tools/bin/../lib/gcc/arm-none-eabi/7.3.1/../../../../arm-none-eabi/lib/thumb/v7e-m/fpv4-sp/hard/libstdc++.a(eh_exception.o)
                0x0000000008013654                transaction clone for std::bad_exception::what() const
                0x0000000008013654                std::bad_exception::what() const
 .text._ZNSt13bad_exceptionD0Ev
                0x000000000801365c       0x10 /opt/st/stm32cubeide_1.5.0/plugins/com.st.stm32cube.ide.mcu.externaltools.gnu-tools-for-stm32.7-2018-q2-update.linux64_1.5.0.202011040924/tools/bin/../lib/gcc/arm-none-eabi/7.3.1/../../../../arm-none-eabi/lib/thumb/v7e-m/fpv4-sp/hard/libstdc++.a(eh_exception.o)
                0x000000000801365c                std::bad_exception::~bad_exception()
 .text._ZNSt9type_infoD2Ev
                0x000000000801366c        0x4 /opt/st/stm32cubeide_1.5.0/plugins/com.st.stm32cube.ide.mcu.externaltools.gnu-tools-for-stm32.7-2018-q2-update.linux64_1.5.0.202011040924/tools/bin/../lib/gcc/arm-none-eabi/7.3.1/../../../../arm-none-eabi/lib/thumb/v7e-m/fpv4-sp/hard/libstdc++.a(tinfo.o)
                0x000000000801366c                std::type_info::~type_info()
                0x000000000801366c                std::type_info::~type_info()
 .text._ZNKSt9type_info14__is_pointer_pEv
                0x0000000008013670        0x4 /opt/st/stm32cubeide_1.5.0/plugins/com.st.stm32cube.ide.mcu.externaltools.gnu-tools-for-stm32.7-2018-q2-update.linux64_1.5.0.202011040924/tools/bin/../lib/gcc/arm-none-eabi/7.3.1/../../../../arm-none-eabi/lib/thumb/v7e-m/fpv4-sp/hard/libstdc++.a(tinfo.o)
                0x0000000008013670                std::type_info::__is_function_p() const
                0x0000000008013670                std::type_info::__is_pointer_p() const
 .text._ZNKSt9type_infoeqERKS_
                0x0000000008013674       0x2c /opt/st/stm32cubeide_1.5.0/plugins/com.st.stm32cube.ide.mcu.externaltools.gnu-tools-for-stm32.7-2018-q2-update.linux64_1.5.0.202011040924/tools/bin/../lib/gcc/arm-none-eabi/7.3.1/../../../../arm-none-eabi/lib/thumb/v7e-m/fpv4-sp/hard/libstdc++.a(tinfo.o)
                0x0000000008013674                std::type_info::operator==(std::type_info const&) const
 .text._ZN10__cxxabiv1L24__is_gxx_exception_classEPc
                0x00000000080136a0       0x3c /opt/st/stm32cubeide_1.5.0/plugins/com.st.stm32cube.ide.mcu.externaltools.gnu-tools-for-stm32.7-2018-q2-update.linux64_1.5.0.202011040924/tools/bin/../lib/gcc/arm-none-eabi/7.3.1/../../../../arm-none-eabi/lib/thumb/v7e-m/fpv4-sp/hard/libstdc++.a(eh_call.o)
 .text.__cxa_call_terminate
                0x00000000080136dc       0x20 /opt/st/stm32cubeide_1.5.0/plugins/com.st.stm32cube.ide.mcu.externaltools.gnu-tools-for-stm32.7-2018-q2-update.linux64_1.5.0.202011040924/tools/bin/../lib/gcc/arm-none-eabi/7.3.1/../../../../arm-none-eabi/lib/thumb/v7e-m/fpv4-sp/hard/libstdc++.a(eh_call.o)
                0x00000000080136dc                __cxa_call_terminate
 .text.__cxa_call_unexpected
                0x00000000080136fc       0xdc /opt/st/stm32cubeide_1.5.0/plugins/com.st.stm32cube.ide.mcu.externaltools.gnu-tools-for-stm32.7-2018-q2-update.linux64_1.5.0.202011040924/tools/bin/../lib/gcc/arm-none-eabi/7.3.1/../../../../arm-none-eabi/lib/thumb/v7e-m/fpv4-sp/hard/libstdc++.a(eh_call.o)
                0x00000000080136fc                __cxa_call_unexpected
 .text.__cxa_end_cleanup
                0x00000000080137d8        0xc /opt/st/stm32cubeide_1.5.0/plugins/com.st.stm32cube.ide.mcu.externaltools.gnu-tools-for-stm32.7-2018-q2-update.linux64_1.5.0.202011040924/tools/bin/../lib/gcc/arm-none-eabi/7.3.1/../../../../arm-none-eabi/lib/thumb/v7e-m/fpv4-sp/hard/libstdc++.a(eh_arm.o)
                0x00000000080137d8                __cxa_end_cleanup
 .text.__cxa_type_match
                0x00000000080137e4       0xb0 /opt/st/stm32cubeide_1.5.0/plugins/com.st.stm32cube.ide.mcu.externaltools.gnu-tools-for-stm32.7-2018-q2-update.linux64_1.5.0.202011040924/tools/bin/../lib/gcc/arm-none-eabi/7.3.1/../../../../arm-none-eabi/lib/thumb/v7e-m/fpv4-sp/hard/libstdc++.a(eh_arm.o)
                0x00000000080137e4                __cxa_type_match
 .text.__cxa_begin_cleanup
                0x0000000008013894       0x64 /opt/st/stm32cubeide_1.5.0/plugins/com.st.stm32cube.ide.mcu.externaltools.gnu-tools-for-stm32.7-2018-q2-update.linux64_1.5.0.202011040924/tools/bin/../lib/gcc/arm-none-eabi/7.3.1/../../../../arm-none-eabi/lib/thumb/v7e-m/fpv4-sp/hard/libstdc++.a(eh_arm.o)
                0x0000000008013894                __cxa_begin_cleanup
 .text.__gnu_end_cleanup
                0x00000000080138f8       0x70 /opt/st/stm32cubeide_1.5.0/plugins/com.st.stm32cube.ide.mcu.externaltools.gnu-tools-for-stm32.7-2018-q2-update.linux64_1.5.0.202011040924/tools/bin/../lib/gcc/arm-none-eabi/7.3.1/../../../../arm-none-eabi/lib/thumb/v7e-m/fpv4-sp/hard/libstdc++.a(eh_arm.o)
                0x00000000080138f8                __gnu_end_cleanup
 .text.__cxa_get_globals_fast
                0x0000000008013968        0x8 /opt/st/stm32cubeide_1.5.0/plugins/com.st.stm32cube.ide.mcu.externaltools.gnu-tools-for-stm32.7-2018-q2-update.linux64_1.5.0.202011040924/tools/bin/../lib/gcc/arm-none-eabi/7.3.1/../../../../arm-none-eabi/lib/thumb/v7e-m/fpv4-sp/hard/libstdc++.a(eh_globals.o)
                0x0000000008013968                __cxa_get_globals_fast
 .text.__cxa_get_globals
                0x0000000008013970        0x8 /opt/st/stm32cubeide_1.5.0/plugins/com.st.stm32cube.ide.mcu.externaltools.gnu-tools-for-stm32.7-2018-q2-update.linux64_1.5.0.202011040924/tools/bin/../lib/gcc/arm-none-eabi/7.3.1/../../../../arm-none-eabi/lib/thumb/v7e-m/fpv4-sp/hard/libstdc++.a(eh_globals.o)
                0x0000000008013970                __cxa_get_globals
 .text._ZL28read_encoded_value_with_basehjPKhPj
                0x0000000008013978       0xc0 /opt/st/stm32cubeide_1.5.0/plugins/com.st.stm32cube.ide.mcu.externaltools.gnu-tools-for-stm32.7-2018-q2-update.linux64_1.5.0.202011040924/tools/bin/../lib/gcc/arm-none-eabi/7.3.1/../../../../arm-none-eabi/lib/thumb/v7e-m/fpv4-sp/hard/libstdc++.a(eh_personality.o)
 .text._ZL21base_of_encoded_valuehP15_Unwind_Context.part.3
                0x0000000008013a38       0x38 /opt/st/stm32cubeide_1.5.0/plugins/com.st.stm32cube.ide.mcu.externaltools.gnu-tools-for-stm32.7-2018-q2-update.linux64_1.5.0.202011040924/tools/bin/../lib/gcc/arm-none-eabi/7.3.1/../../../../arm-none-eabi/lib/thumb/v7e-m/fpv4-sp/hard/libstdc++.a(eh_personality.o)
 .text._ZL17parse_lsda_headerP15_Unwind_ContextPKhP16lsda_header_info
                0x0000000008013a70       0x94 /opt/st/stm32cubeide_1.5.0/plugins/com.st.stm32cube.ide.mcu.externaltools.gnu-tools-for-stm32.7-2018-q2-update.linux64_1.5.0.202011040924/tools/bin/../lib/gcc/arm-none-eabi/7.3.1/../../../../arm-none-eabi/lib/thumb/v7e-m/fpv4-sp/hard/libstdc++.a(eh_personality.o)
 .text.__gxx_personality_v0
                0x0000000008013b04      0x4e4 /opt/st/stm32cubeide_1.5.0/plugins/com.st.stm32cube.ide.mcu.externaltools.gnu-tools-for-stm32.7-2018-q2-update.linux64_1.5.0.202011040924/tools/bin/../lib/gcc/arm-none-eabi/7.3.1/../../../../arm-none-eabi/lib/thumb/v7e-m/fpv4-sp/hard/libstdc++.a(eh_personality.o)
                0x0000000008013b04                __gxx_personality_v0
 .text._ZNK10__cxxabiv117__class_type_info11__do_upcastEPKS0_PPv
                0x0000000008013fe8       0x38 /opt/st/stm32cubeide_1.5.0/plugins/com.st.stm32cube.ide.mcu.externaltools.gnu-tools-for-stm32.7-2018-q2-update.linux64_1.5.0.202011040924/tools/bin/../lib/gcc/arm-none-eabi/7.3.1/../../../../arm-none-eabi/lib/thumb/v7e-m/fpv4-sp/hard/libstdc++.a(class_type_info.o)
                0x0000000008013fe8                __cxxabiv1::__class_type_info::__do_upcast(__cxxabiv1::__class_type_info const*, void**) const
 .text._ZNK10__cxxabiv117__class_type_info20__do_find_public_srcEiPKvPKS0_S2_
                0x0000000008014020        0xc /opt/st/stm32cubeide_1.5.0/plugins/com.st.stm32cube.ide.mcu.externaltools.gnu-tools-for-stm32.7-2018-q2-update.linux64_1.5.0.202011040924/tools/bin/../lib/gcc/arm-none-eabi/7.3.1/../../../../arm-none-eabi/lib/thumb/v7e-m/fpv4-sp/hard/libstdc++.a(class_type_info.o)
                0x0000000008014020                __cxxabiv1::__class_type_info::__do_find_public_src(int, void const*, __cxxabiv1::__class_type_info const*, void const*) const
 .text._ZN10__cxxabiv117__class_type_infoD2Ev
                0x000000000801402c       0x14 /opt/st/stm32cubeide_1.5.0/plugins/com.st.stm32cube.ide.mcu.externaltools.gnu-tools-for-stm32.7-2018-q2-update.linux64_1.5.0.202011040924/tools/bin/../lib/gcc/arm-none-eabi/7.3.1/../../../../arm-none-eabi/lib/thumb/v7e-m/fpv4-sp/hard/libstdc++.a(class_type_info.o)
                0x000000000801402c                __cxxabiv1::__class_type_info::~__class_type_info()
                0x000000000801402c                __cxxabiv1::__class_type_info::~__class_type_info()
 .text._ZN10__cxxabiv117__class_type_infoD0Ev
                0x0000000008014040       0x1c /opt/st/stm32cubeide_1.5.0/plugins/com.st.stm32cube.ide.mcu.externaltools.gnu-tools-for-stm32.7-2018-q2-update.linux64_1.5.0.202011040924/tools/bin/../lib/gcc/arm-none-eabi/7.3.1/../../../../arm-none-eabi/lib/thumb/v7e-m/fpv4-sp/hard/libstdc++.a(class_type_info.o)
                0x0000000008014040                __cxxabiv1::__class_type_info::~__class_type_info()
 .text._ZNK10__cxxabiv117__class_type_info12__do_dyncastEiNS0_10__sub_kindEPKS0_PKvS3_S5_RNS0_16__dyncast_resultE
                0x000000000801405c       0x44 /opt/st/stm32cubeide_1.5.0/plugins/com.st.stm32cube.ide.mcu.externaltools.gnu-tools-for-stm32.7-2018-q2-update.linux64_1.5.0.202011040924/tools/bin/../lib/gcc/arm-none-eabi/7.3.1/../../../../arm-none-eabi/lib/thumb/v7e-m/fpv4-sp/hard/libstdc++.a(class_type_info.o)
                0x000000000801405c                __cxxabiv1::__class_type_info::__do_dyncast(int, __cxxabiv1::__class_type_info::__sub_kind, __cxxabiv1::__class_type_info const*, void const*, __cxxabiv1::__class_type_info const*, void const*, __cxxabiv1::__class_type_info::__dyncast_result&) const
 .text._ZNK10__cxxabiv117__class_type_info11__do_upcastEPKS0_PKvRNS0_15__upcast_resultE
                0x00000000080140a0       0x18 /opt/st/stm32cubeide_1.5.0/plugins/com.st.stm32cube.ide.mcu.externaltools.gnu-tools-for-stm32.7-2018-q2-update.linux64_1.5.0.202011040924/tools/bin/../lib/gcc/arm-none-eabi/7.3.1/../../../../arm-none-eabi/lib/thumb/v7e-m/fpv4-sp/hard/libstdc++.a(class_type_info.o)
                0x00000000080140a0                __cxxabiv1::__class_type_info::__do_upcast(__cxxabiv1::__class_type_info const*, void const*, __cxxabiv1::__class_type_info::__upcast_result&) const
 .text._ZNK10__cxxabiv117__class_type_info10__do_catchEPKSt9type_infoPPvj
                0x00000000080140b8       0x2c /opt/st/stm32cubeide_1.5.0/plugins/com.st.stm32cube.ide.mcu.externaltools.gnu-tools-for-stm32.7-2018-q2-update.linux64_1.5.0.202011040924/tools/bin/../lib/gcc/arm-none-eabi/7.3.1/../../../../arm-none-eabi/lib/thumb/v7e-m/fpv4-sp/hard/libstdc++.a(class_type_info.o)
                0x00000000080140b8                __cxxabiv1::__class_type_info::__do_catch(std::type_info const*, void**, unsigned int) const
 .text._ZN9__gnu_cxx27__verbose_terminate_handlerEv
                0x00000000080140e4      0x110 /opt/st/stm32cubeide_1.5.0/plugins/com.st.stm32cube.ide.mcu.externaltools.gnu-tools-for-stm32.7-2018-q2-update.linux64_1.5.0.202011040924/tools/bin/../lib/gcc/arm-none-eabi/7.3.1/../../../../arm-none-eabi/lib/thumb/v7e-m/fpv4-sp/hard/libstdc++.a(vterminate.o)
                0x00000000080140e4                __gnu_cxx::__verbose_terminate_handler()
 .text.__cxa_current_exception_type
                0x00000000080141f4       0x1c /opt/st/stm32cubeide_1.5.0/plugins/com.st.stm32cube.ide.mcu.externaltools.gnu-tools-for-stm32.7-2018-q2-update.linux64_1.5.0.202011040924/tools/bin/../lib/gcc/arm-none-eabi/7.3.1/../../../../arm-none-eabi/lib/thumb/v7e-m/fpv4-sp/hard/libstdc++.a(eh_type.o)
                0x00000000080141f4                __cxa_current_exception_type
 .text.abort    0x0000000008014210        0xe /opt/st/stm32cubeide_1.5.0/plugins/com.st.stm32cube.ide.mcu.externaltools.gnu-tools-for-stm32.7-2018-q2-update.linux64_1.5.0.202011040924/tools/bin/../lib/gcc/arm-none-eabi/7.3.1/../../../../arm-none-eabi/lib/thumb/v7e-m/fpv4-sp/hard/libc.a(lib_a-abort.o)
                0x0000000008014210                abort
 *fill*         0x000000000801421e        0x2 
 .text.__errno  0x0000000008014220        0xc /opt/st/stm32cubeide_1.5.0/plugins/com.st.stm32cube.ide.mcu.externaltools.gnu-tools-for-stm32.7-2018-q2-update.linux64_1.5.0.202011040924/tools/bin/../lib/gcc/arm-none-eabi/7.3.1/../../../../arm-none-eabi/lib/thumb/v7e-m/fpv4-sp/hard/libc.a(lib_a-errno.o)
                0x0000000008014220                __errno
 .text._fputc_r
                0x000000000801422c       0x46 /opt/st/stm32cubeide_1.5.0/plugins/com.st.stm32cube.ide.mcu.externaltools.gnu-tools-for-stm32.7-2018-q2-update.linux64_1.5.0.202011040924/tools/bin/../lib/gcc/arm-none-eabi/7.3.1/../../../../arm-none-eabi/lib/thumb/v7e-m/fpv4-sp/hard/libc.a(lib_a-fputc.o)
                0x000000000801422c                _fputc_r
 *fill*         0x0000000008014272        0x2 
 .text.fputc    0x0000000008014274       0x10 /opt/st/stm32cubeide_1.5.0/plugins/com.st.stm32cube.ide.mcu.externaltools.gnu-tools-for-stm32.7-2018-q2-update.linux64_1.5.0.202011040924/tools/bin/../lib/gcc/arm-none-eabi/7.3.1/../../../../arm-none-eabi/lib/thumb/v7e-m/fpv4-sp/hard/libc.a(lib_a-fputc.o)
                0x0000000008014274                fputc
 .text._fputs_r
                0x0000000008014284       0x74 /opt/st/stm32cubeide_1.5.0/plugins/com.st.stm32cube.ide.mcu.externaltools.gnu-tools-for-stm32.7-2018-q2-update.linux64_1.5.0.202011040924/tools/bin/../lib/gcc/arm-none-eabi/7.3.1/../../../../arm-none-eabi/lib/thumb/v7e-m/fpv4-sp/hard/libc.a(lib_a-fputs.o)
                0x0000000008014284                _fputs_r