camera.cpp:33:6:void flush_fifo()	8	static
camera.cpp:35:6:void clear_fifo_flag()	8	static
camera.cpp:37:6:void start_capture()	8	static
camera.cpp:39:6:void set_format(uint8_t)	16	static
camera.cpp:41:5:int initCamera()	16	static
camera.cpp:69:6:void OV2640_set_JPEG_size(uint8_t)	16	static
camera.cpp:104:10:uint32_t read_fifo_length()	24	static
camera.cpp:113:10:uint32_t getbufSize()	4	static
camera.cpp:115:9:uint8_t getbufChar(int)	16	static
camera.cpp:117:5:int DecodeandProcessRGB565(int, int, uint16_t*)	104	static
camera.cpp:179:5:int DecodeandProcessAndRGB(int, int, int8_t*, uint16_t*, int)	120	static
camera.cpp:278:5:int DecodeandProcess(int, int, uint8_t*)	120	static
camera.cpp:345:5:int PerformCapture()	8	static
camera.cpp:363:5:int StartCapture()	8	static
camera.cpp:375:5:int ReadCapture()	8	static
camera.cpp:386:9:uint8_t read_fifo_burst()	24	static
