picojpeg.c:31:14:replicateSignBit16	16	static
picojpeg.c:69:26:arithmeticRightShiftN16	24	static
picojpeg.c:75:25:arithmeticRightShift8L	24	static
picojpeg.c:228:13:fillInBuf	24	static
picojpeg.c:243:26:getChar	8	static
picojpeg.c:256:25:stuffChar	16	static
picojpeg.c:262:26:getOctet	24	static
picojpeg.c:277:15:getBits	24	static
picojpeg.c:309:27:getBits1	16	static
picojpeg.c:313:27:getBits2	16	static
picojpeg.c:317:26:getBit	16	static
picojpeg.c:334:15:getExtendTest	16	static
picojpeg.c:373:14:getExtendOffset	16	static
picojpeg.c:412:26:huffExtend	16	static
picojpeg.c:416:26:huffDecode	24	static
picojpeg.c:443:13:huffCreate	24	static
picojpeg.c:474:19:getHuffTable	16	static
picojpeg.c:490:15:getHuffVal	16	static
picojpeg.c:506:15:getMaxHuffCodes	16	static
picojpeg.c:508:14:readDHTMarker	48	static
picojpeg.c:563:14:readDQTMarker	32	static
picojpeg.c:612:14:readSOFMarker	16	static
picojpeg.c:650:14:skipVariableMarker	16	static
picojpeg.c:666:14:readDRIMarker	8	static
picojpeg.c:675:14:readSOSMarker	24	static
picojpeg.c:722:14:nextMarker	16	static
picojpeg.c:744:14:processMarkers	24	static
picojpeg.c:806:14:locateSOIMarker	16	static
picojpeg.c:842:14:locateSOFMarker	16	static
picojpeg.c:877:14:locateSOSMarker	24	static
picojpeg.c:896:14:init	8	static
picojpeg.c:916:13:fixInBuffer	8	static
picojpeg.c:928:14:processRestart	16	static
picojpeg.c:965:14:findEOI	16	static
picojpeg.c:985:14:checkHuffTables	16	static
picojpeg.c:1000:14:checkQuantTables	16	static
picojpeg.c:1013:14:initScan	16	static
picojpeg.c:1043:14:initFrame	4	static
picojpeg.c:1140:13:createWinogradQuant	24	static
picojpeg.c:1152:26:imul_b1_b3	24	static
picojpeg.c:1158:26:imul_b2	24	static
picojpeg.c:1164:26:imul_b4	24	static
picojpeg.c:1170:26:imul_b5	24	static
picojpeg.c:1176:26:clamp	16	static
picojpeg.c:1187:13:idctRows	88	static
picojpeg.c:1258:13:idctCols	88	static
picojpeg.c:1330:26:addAndClamp	16	static
picojpeg.c:1343:26:subAndClamp	16	static
picojpeg.c:1355:13:upsampleCb	48	static
picojpeg.c:1388:13:upsampleCbH	48	static
picojpeg.c:1415:13:upsampleCbV	48	static
picojpeg.c:1442:13:upsampleCr	48	static
picojpeg.c:1475:13:upsampleCrH	48	static
picojpeg.c:1502:13:upsampleCrV	48	static
picojpeg.c:1530:13:copyY	40	static
picojpeg.c:1546:13:convertCb	40	static
picojpeg.c:1567:13:convertCr	40	static
picojpeg.c:1588:13:transformBlock	16	static
picojpeg.c:1707:13:transformBlockReduce	32	static
picojpeg.c:1889:14:decodeNextMCU	32	static
picojpeg.c:2014:15:pjpeg_decode_mcu	16	static
picojpeg.c:2033:1:pjpeg_decode_init	32	static
